[baseline-browser-mapping] The data in this module is over two months old.  To ensure accurate Baseline data, please update: `npm i baseline-browser-mapping@latest -D`
(node:7368) [MODULE_TYPELESS_PACKAGE_JSON] Warning: Module type of file:///C:/Users/husey/kiro2/frontend/postcss.config.js?t=1769622998690 is not specified and it doesn't parse as CommonJS.
Reparsing as ES module because module syntax was detected. This incurs a performance overhead.
To eliminate this warning, add "type": "module" to C:\Users\husey\kiro2\frontend\package.json.
(Use `node --trace-warnings ...` to show where the warning was created)
