INFO:core.database:PostgreSQL pool configured: size=200, overflow=50
2025-11-05 17:53:31,355 INFO sqlalchemy.engine.Engine select pg_catalog.version()
INFO:sqlalchemy.engine.Engine:select pg_catalog.version()
2025-11-05 17:53:31,355 INFO sqlalchemy.engine.Engine [raw sql] ()
INFO:sqlalchemy.engine.Engine:[raw sql] ()
2025-11-05 17:53:31,362 INFO sqlalchemy.engine.Engine select current_schema()
INFO:sqlalchemy.engine.Engine:select current_schema()
2025-11-05 17:53:31,362 INFO sqlalchemy.engine.Engine [raw sql] ()
INFO:sqlalchemy.engine.Engine:[raw sql] ()
2025-11-05 17:53:31,368 INFO sqlalchemy.engine.Engine show standard_conforming_strings
INFO:sqlalchemy.engine.Engine:show standard_conforming_strings
2025-11-05 17:53:31,369 INFO sqlalchemy.engine.Engine [raw sql] ()
INFO:sqlalchemy.engine.Engine:[raw sql] ()
2025-11-05 17:53:31,374 INFO sqlalchemy.engine.Engine BEGIN (implicit)
INFO:sqlalchemy.engine.Engine:BEGIN (implicit)
2025-11-05 17:53:31,375 INFO sqlalchemy.engine.Engine SELECT 1
INFO:sqlalchemy.engine.Engine:SELECT 1
2025-11-05 17:53:31,375 INFO sqlalchemy.engine.Engine [generated in 0.00034s] ()
INFO:sqlalchemy.engine.Engine:[generated in 0.00034s] ()
INFO:core.database:Database connection test successful
2025-11-05 17:53:31,380 INFO sqlalchemy.engine.Engine COMMIT
INFO:sqlalchemy.engine.Engine:COMMIT
INFO:core.database:Database connection initialized successfully
2025-11-05 17:53:31,388 INFO sqlalchemy.engine.Engine BEGIN (implicit)
INFO:sqlalchemy.engine.Engine:BEGIN (implicit)
2025-11-05 17:53:31,388 INFO sqlalchemy.engine.Engine 
            SELECT kod, konu, alt_konu, zorluk, LEFT(metin, 50) as soru_baslik
            FROM sorular
            WHERE kod LIKE 'PROD_%'
            ORDER BY olusturma_tarihi DESC
            LIMIT 5
        
INFO:sqlalchemy.engine.Engine:
            SELECT kod, konu, alt_konu, zorluk, LEFT(metin, 50) as soru_baslik
            FROM sorular
            WHERE kod LIKE 'PROD_%'
            ORDER BY olusturma_tarihi DESC
            LIMIT 5
        
2025-11-05 17:53:31,388 INFO sqlalchemy.engine.Engine [generated in 0.00026s] ()
INFO:sqlalchemy.engine.Engine:[generated in 0.00026s] ()
DATABASE'DEN SON 5 PROD SORULARI:
--------------------------------------------------------------------------------
PROD_TÜR_Q020        | zor   | Türkçe - Fiilimsiler           | Aþaðýdaki cümlelerin hangisinde isim-fiil, özne gö...
PROD_TÜR_Q019        | orta  | Türkçe - Cümlede Anlam         | Aþaðýdaki parçada ana düþünce hangi seçenekte doðr...
PROD_TÜR_Q018        | orta  | Türkçe - Sözcükte Anlam        | Aþaðýdaki cümlelerin hangisinde deyim yanlýþ kulla...
PROD_BIY_Q017        | orta  | Biyoloji - Solunum             | Hücresel solunumda glikoliz, Krebs döngüsü ve elek...
PROD_BIY_Q016        | zor   | Biyoloji - Fotosentez          | Fotosentezin ýþýk tepkimelerinde PS II (Fotosistem...
2025-11-05 17:53:31,401 INFO sqlalchemy.engine.Engine SELECT COUNT(*) FROM sorular WHERE kod LIKE 'PROD_%'
INFO:sqlalchemy.engine.Engine:SELECT COUNT(*) FROM sorular WHERE kod LIKE 'PROD_%'
2025-11-05 17:53:31,401 INFO sqlalchemy.engine.Engine [generated in 0.00031s] ()
INFO:sqlalchemy.engine.Engine:[generated in 0.00031s] ()

Toplam PROD sorularý: 20
2025-11-05 17:53:31,406 INFO sqlalchemy.engine.Engine COMMIT
INFO:sqlalchemy.engine.Engine:COMMIT
INFO:core.database:Database connection closed
