WARNING: TEST_DATABASE_URL not set, using in-memory SQLite
WARNING: SYNC_TEST_DATABASE_URL not set, using in-memory SQLite
[OK] TESTING environment configured at module level
[1m============================= test session starts =============================[0m
platform win32 -- Python 3.13.0, pytest-9.0.2, pluggy-1.6.0
rootdir: C:\Users\husey\kiro2\backend
configfile: pytest.ini (WARNING: ignoring pytest config in setup.cfg!)
plugins: anyio-4.12.1, hypothesis-6.151.4, langsmith-0.6.4, asyncio-1.3.0, cov-7.0.0, timeout-2.4.0
asyncio: mode=Mode.AUTO, debug=False, asyncio_default_fixture_loop_scope=None, asyncio_default_test_loop_scope=function
Warning: Could not import enhanced_chat models: cannot import name 'ChatHistoryRequest' from 'api.enhanced_chat' (C:\Users\husey\kiro2\backend\api\enhanced_chat.py)
collected 9185 items / 1 error

[33m============================== warnings summary ===============================[0m
..\.venv\Lib\site-packages\starlette\formparsers.py:12
  C:\Users\husey\kiro2\.venv\Lib\site-packages\starlette\formparsers.py:12: PendingDeprecationWarning: Please use `import python_multipart` instead.
    import multipart

..\.venv\Lib\site-packages\_hypothesis_pytestplugin.py:469
  C:\Users\husey\kiro2\.venv\Lib\site-packages\_hypothesis_pytestplugin.py:469: UserWarning: Skipping collection of '.hypothesis' directory - this usually means you've explicitly set the `norecursedirs` pytest config option, replacing rather than extending the default ignores.
    warnings.warn(

core\llm_service.py:112
  C:\Users\husey\kiro2\backend\core\llm_service.py:112: LangChainDeprecationWarning: The class `ChatOllama` was deprecated in LangChain 0.3.1 and will be removed in 1.0.0. An updated version of the class exists in the `langchain-ollama package and should be used instead. To use it run `pip install -U `langchain-ollama` and import as `from `langchain_ollama import ChatOllama``.
    self.chat_model = ChatOllama(

core\llm_service.py:118
  C:\Users\husey\kiro2\backend\core\llm_service.py:118: LangChainDeprecationWarning: The class `Ollama` was deprecated in LangChain 0.3.1 and will be removed in 1.0.0. An updated version of the class exists in the `langchain-ollama package and should be used instead. To use it run `pip install -U `langchain-ollama` and import as `from `langchain_ollama import OllamaLLM``.
    self.llm = Ollama(

core\rag_service.py:77
  C:\Users\husey\kiro2\backend\core\rag_service.py:77: LangChainDeprecationWarning: The class `HuggingFaceEmbeddings` was deprecated in LangChain 0.2.2 and will be removed in 1.0. An updated version of the class exists in the `langchain-huggingface package and should be used instead. To use it run `pip install -U `langchain-huggingface` and import as `from `langchain_huggingface import HuggingFaceEmbeddings``.
    self.embeddings = HuggingFaceEmbeddings(

core\vector_store_factory.py:136
  C:\Users\husey\kiro2\backend\core\vector_store_factory.py:136: LangChainDeprecationWarning: The class `Chroma` was deprecated in LangChain 0.2.9 and will be removed in 1.0. An updated version of the class exists in the `langchain-chroma package and should be used instead. To use it run `pip install -U `langchain-chroma` and import as `from `langchain_chroma import Chroma``.
    vector_store = Chroma(

algorithms\turkish_optimized_fsrs.py:22
  C:\Users\husey\kiro2\backend\algorithms\turkish_optimized_fsrs.py:22: DeprecationWarning: hijri-converter is deprecated. Use 'hijridate' instead: pip install hijridate==2.3.0
    from hijri_converter import Gregorian

core\quality_gates\gates\test_coverage.py:39
  C:\Users\husey\kiro2\backend\core\quality_gates\gates\test_coverage.py:39: PytestCollectionWarning: cannot collect test class 'TestCoverageGate' because it has a __init__ constructor (from: tests/unit/quality_gates/test_test_coverage_gate.py)
    class TestCoverageGate(BaseGate):

api\content_api.py:593
  C:\Users\husey\kiro2\backend\api\content_api.py:593: DeprecationWarning: `regex` has been deprecated, please use `pattern` instead
    period: str = Query("week", regex="^(day|week|month)$"),

tests\unit\test_question_generation_engine.py:10
  C:\Users\husey\kiro2\backend\tests\unit\test_question_generation_engine.py:10: DeprecationWarning: Importing from 'services.question_generation_engine' is deprecated. Please use 'from services.question import QuestionGenerationEngine' instead.
    from services.question_generation_engine import (

api\soru_bankasi.py:618
  C:\Users\husey\kiro2\backend\api\soru_bankasi.py:618: PydanticDeprecatedSince20: `min_items` is deprecated and will be removed, use `min_length` instead. Deprecated in Pydantic V2.0 to be removed in V3.0. See Pydantic V2 Migration Guide at https://errors.pydantic.dev/2.12/migration/
    secenekler: List[str] = Field(

api\soru_bankasi.py:618
  C:\Users\husey\kiro2\backend\api\soru_bankasi.py:618: PydanticDeprecatedSince20: `max_items` is deprecated and will be removed, use `max_length` instead. Deprecated in Pydantic V2.0 to be removed in V3.0. See Pydantic V2 Migration Guide at https://errors.pydantic.dev/2.12/migration/
    secenekler: List[str] = Field(

api\question_crud_api.py:44
  C:\Users\husey\kiro2\backend\api\question_crud_api.py:44: PydanticDeprecatedSince20: `min_items` is deprecated and will be removed, use `min_length` instead. Deprecated in Pydantic V2.0 to be removed in V3.0. See Pydantic V2 Migration Guide at https://errors.pydantic.dev/2.12/migration/
    secenekler: List[str] = Field(

api\question_crud_api.py:44
  C:\Users\husey\kiro2\backend\api\question_crud_api.py:44: PydanticDeprecatedSince20: `max_items` is deprecated and will be removed, use `max_length` instead. Deprecated in Pydantic V2.0 to be removed in V3.0. See Pydantic V2 Migration Guide at https://errors.pydantic.dev/2.12/migration/
    secenekler: List[str] = Field(

api\hybrid_question_generation.py:31
  C:\Users\husey\kiro2\backend\api\hybrid_question_generation.py:31: UserWarning: Field name "validate" in "HybridQuestionRequest" shadows an attribute in parent "BaseModel"
    class HybridQuestionRequest(BaseModel):

api\wave2b_quality_routes.py:75
  C:\Users\husey\kiro2\backend\api\wave2b_quality_routes.py:75: PydanticDeprecatedSince20: `min_items` is deprecated and will be removed, use `min_length` instead. Deprecated in Pydantic V2.0 to be removed in V3.0. See Pydantic V2 Migration Guide at https://errors.pydantic.dev/2.12/migration/
    questions: List[Dict[str, Any]] = Field(..., min_items=1, max_items=50)

api\wave2b_quality_routes.py:75
  C:\Users\husey\kiro2\backend\api\wave2b_quality_routes.py:75: PydanticDeprecatedSince20: `max_items` is deprecated and will be removed, use `max_length` instead. Deprecated in Pydantic V2.0 to be removed in V3.0. See Pydantic V2 Migration Guide at https://errors.pydantic.dev/2.12/migration/
    questions: List[Dict[str, Any]] = Field(..., min_items=1, max_items=50)

api\turkish_nlp_chat.py:421
  C:\Users\husey\kiro2\backend\api\turkish_nlp_chat.py:421: DeprecationWarning: 
          on_event is deprecated, use lifespan event handlers instead.
  
          Read more about it in the
          [FastAPI docs for Lifespan Events](https://fastapi.tiangolo.com/advanced/events/).
          
    @router.on_event("startup")

api\turkish_nlp_chat.py:433
  C:\Users\husey\kiro2\backend\api\turkish_nlp_chat.py:433: DeprecationWarning: 
          on_event is deprecated, use lifespan event handlers instead.
  
          Read more about it in the
          [FastAPI docs for Lifespan Events](https://fastapi.tiangolo.com/advanced/events/).
          
    @router.on_event("shutdown")

api\berturk_api.py:41
  C:\Users\husey\kiro2\backend\api\berturk_api.py:41: PydanticDeprecatedSince20: `min_items` is deprecated and will be removed, use `min_length` instead. Deprecated in Pydantic V2.0 to be removed in V3.0. See Pydantic V2 Migration Guide at https://errors.pydantic.dev/2.12/migration/
    recent_texts: List[str] = Field(

api\berturk_api.py:41
  C:\Users\husey\kiro2\backend\api\berturk_api.py:41: PydanticDeprecatedSince20: `max_items` is deprecated and will be removed, use `max_length` instead. Deprecated in Pydantic V2.0 to be removed in V3.0. See Pydantic V2 Migration Guide at https://errors.pydantic.dev/2.12/migration/
    recent_texts: List[str] = Field(

api\berturk_api.py:71
  C:\Users\husey\kiro2\backend\api\berturk_api.py:71: PydanticDeprecatedSince20: `min_items` is deprecated and will be removed, use `min_length` instead. Deprecated in Pydantic V2.0 to be removed in V3.0. See Pydantic V2 Migration Guide at https://errors.pydantic.dev/2.12/migration/
    texts: List[str] = Field(

api\berturk_api.py:71
  C:\Users\husey\kiro2\backend\api\berturk_api.py:71: PydanticDeprecatedSince20: `max_items` is deprecated and will be removed, use `max_length` instead. Deprecated in Pydantic V2.0 to be removed in V3.0. See Pydantic V2 Migration Guide at https://errors.pydantic.dev/2.12/migration/
    texts: List[str] = Field(

api\zemberek.py:60
  C:\Users\husey\kiro2\backend\api\zemberek.py:60: PydanticDeprecatedSince20: `min_items` is deprecated and will be removed, use `min_length` instead. Deprecated in Pydantic V2.0 to be removed in V3.0. See Pydantic V2 Migration Guide at https://errors.pydantic.dev/2.12/migration/
    words: List[str] = Field(

api\zemberek.py:60
  C:\Users\husey\kiro2\backend\api\zemberek.py:60: PydanticDeprecatedSince20: `max_items` is deprecated and will be removed, use `max_length` instead. Deprecated in Pydantic V2.0 to be removed in V3.0. See Pydantic V2 Migration Guide at https://errors.pydantic.dev/2.12/migration/
    words: List[str] = Field(

api\turkish_nlp.py:70
  C:\Users\husey\kiro2\backend\api\turkish_nlp.py:70: PydanticDeprecatedSince20: `min_items` is deprecated and will be removed, use `min_length` instead. Deprecated in Pydantic V2.0 to be removed in V3.0. See Pydantic V2 Migration Guide at https://errors.pydantic.dev/2.12/migration/
    words: List[str] = Field(

api\turkish_nlp.py:70
  C:\Users\husey\kiro2\backend\api\turkish_nlp.py:70: PydanticDeprecatedSince20: `max_items` is deprecated and will be removed, use `max_length` instead. Deprecated in Pydantic V2.0 to be removed in V3.0. See Pydantic V2 Migration Guide at https://errors.pydantic.dev/2.12/migration/
    words: List[str] = Field(

api\sequential_reasoning_api.py:241
  C:\Users\husey\kiro2\backend\api\sequential_reasoning_api.py:241: DeprecationWarning: `regex` has been deprecated, please use `pattern` instead
    orientation: str = Query("TD", regex="^(TD|LR)$", description="TD=top-down, LR=left-right"),

api\youtube_routes.py:30
  C:\Users\husey\kiro2\backend\api\youtube_routes.py:30: DeprecationWarning: youtube_discovery module is deprecated. Use 'from backend.services.youtube import YouTubeDiscovery' instead.
    from services.youtube_discovery import (

database\models_backup.py:25
  C:\Users\husey\kiro2\backend\database\models_backup.py:25: MovedIn20Warning: The ``declarative_base()`` function is now available as sqlalchemy.orm.declarative_base(). (deprecated since: 2.0) (Background on SQLAlchemy 2.0 at: https://sqlalche.me/e/b8d9)
    Base = declarative_base()

api\youtube_routes.py:1090
  C:\Users\husey\kiro2\backend\api\youtube_routes.py:1090: DeprecationWarning: 
          on_event is deprecated, use lifespan event handlers instead.
  
          Read more about it in the
          [FastAPI docs for Lifespan Events](https://fastapi.tiangolo.com/advanced/events/).
          
    @router.on_event("shutdown")

api\veli.py:88
  C:\Users\husey\kiro2\backend\api\veli.py:88: DeprecationWarning: `example` has been deprecated, please use `examples` instead
    ogrenci_id: str = Path(

api\sentry_demo.py:330
  C:\Users\husey\kiro2\backend\api\sentry_demo.py:330: DeprecationWarning: `regex` has been deprecated, please use `pattern` instead
    level: str = Query("info", regex="^(debug|info|warning|error|fatal)$")

api\bionic_reading.py:42
  C:\Users\husey\kiro2\backend\api\bionic_reading.py:42: PydanticDeprecatedSince20: `min_items` is deprecated and will be removed, use `min_length` instead. Deprecated in Pydantic V2.0 to be removed in V3.0. See Pydantic V2 Migration Guide at https://errors.pydantic.dev/2.12/migration/
    texts: List[str] = Field(

api\bionic_reading.py:42
  C:\Users\husey\kiro2\backend\api\bionic_reading.py:42: PydanticDeprecatedSince20: `max_items` is deprecated and will be removed, use `max_length` instead. Deprecated in Pydantic V2.0 to be removed in V3.0. See Pydantic V2 Migration Guide at https://errors.pydantic.dev/2.12/migration/
    texts: List[str] = Field(

api\alternative_solutions_api.py:51
  C:\Users\husey\kiro2\backend\api\alternative_solutions_api.py:51: PydanticDeprecatedSince20: `min_items` is deprecated and will be removed, use `min_length` instead. Deprecated in Pydantic V2.0 to be removed in V3.0. See Pydantic V2 Migration Guide at https://errors.pydantic.dev/2.12/migration/
    steps: List[SolutionStep] = Field(..., min_items=1, description="��z�m ad�mlar�")

..\.venv\Lib\site-packages\pydantic\main.py:250
..\.venv\Lib\site-packages\pydantic\main.py:250
  C:\Users\husey\kiro2\.venv\Lib\site-packages\pydantic\main.py:250: DeprecationWarning: datetime.datetime.utcnow() is deprecated and scheduled for removal in a future version. Use timezone-aware objects to represent datetimes in UTC: datetime.datetime.now(datetime.UTC).
    validated_self = self.__pydantic_validator__.validate_python(data, self_instance=self)

api\visual_supports_api.py:134
  C:\Users\husey\kiro2\backend\api\visual_supports_api.py:134: DeprecationWarning: `regex` has been deprecated, please use `pattern` instead
    mind_map_id: str, format: str = Query("json", regex="^(json|svg|png)$")

api\visual_supports_api.py:207
  C:\Users\husey\kiro2\backend\api\visual_supports_api.py:207: DeprecationWarning: `regex` has been deprecated, please use `pattern` instead
    infographic_id: str, format: str = Query("png", regex="^(json|svg|png|pdf)$")

api\preference_simulation_routes.py:92
  C:\Users\husey\kiro2\backend\api\preference_simulation_routes.py:92: PydanticDeprecatedSince20: `min_items` is deprecated and will be removed, use `min_length` instead. Deprecated in Pydantic V2.0 to be removed in V3.0. See Pydantic V2 Migration Guide at https://errors.pydantic.dev/2.12/migration/
    preference_list: List[UUID] = Field(..., min_items=1, max_items=50)

api\preference_simulation_routes.py:92
  C:\Users\husey\kiro2\backend\api\preference_simulation_routes.py:92: PydanticDeprecatedSince20: `max_items` is deprecated and will be removed, use `max_length` instead. Deprecated in Pydantic V2.0 to be removed in V3.0. See Pydantic V2 Migration Guide at https://errors.pydantic.dev/2.12/migration/
    preference_list: List[UUID] = Field(..., min_items=1, max_items=50)

api\ferpa_coppa_compliance_api.py:34
  C:\Users\husey\kiro2\backend\api\ferpa_coppa_compliance_api.py:34: PydanticDeprecatedSince20: Pydantic V1 style `@validator` validators are deprecated. You should migrate to Pydantic V2 style `@field_validator` validators, see the migration guide for more details. Deprecated in Pydantic V2.0 to be removed in V3.0. See Pydantic V2 Migration Guide at https://errors.pydantic.dev/2.12/migration/
    @validator("child_date_of_birth")

main.py:136
  c:\Users/husey/kiro2/backend\main.py:136: DeprecationWarning: 
          on_event is deprecated, use lifespan event handlers instead.
  
          Read more about it in the
          [FastAPI docs for Lifespan Events](https://fastapi.tiangolo.com/advanced/events/).
          
    @app.on_event("startup")

..\.venv\Lib\site-packages\fastapi\applications.py:4495
..\.venv\Lib\site-packages\fastapi\applications.py:4495
  C:\Users\husey\kiro2\.venv\Lib\site-packages\fastapi\applications.py:4495: DeprecationWarning: 
          on_event is deprecated, use lifespan event handlers instead.
  
          Read more about it in the
          [FastAPI docs for Lifespan Events](https://fastapi.tiangolo.com/advanced/events/).
          
    return self.router.on_event(event_type)

main.py:149
  c:\Users/husey/kiro2/backend\main.py:149: DeprecationWarning: 
          on_event is deprecated, use lifespan event handlers instead.
  
          Read more about it in the
          [FastAPI docs for Lifespan Events](https://fastapi.tiangolo.com/advanced/events/).
          
    @app.on_event("shutdown")

core\realtime_notification_system.py:19
  C:\Users\husey\kiro2\backend\core\realtime_notification_system.py:19: DeprecationWarning: websockets.server.WebSocketServerProtocol is deprecated
    from websockets.server import WebSocketServerProtocol

..\.venv\Lib\site-packages\websockets\legacy\__init__.py:6
  C:\Users\husey\kiro2\.venv\Lib\site-packages\websockets\legacy\__init__.py:6: DeprecationWarning: websockets.legacy is deprecated; see https://websockets.readthedocs.io/en/stable/howto/upgrade.html for upgrade instructions
    warnings.warn(  # deprecated in 14.0 - 2024-11-09

models_unified.py:29
  C:\Users\husey\kiro2\backend\models_unified.py:29: MovedIn20Warning: The ``declarative_base()`` function is now available as sqlalchemy.orm.declarative_base(). (deprecated since: 2.0) (Background on SQLAlchemy 2.0 at: https://sqlalche.me/e/b8d9)
    Base = declarative_base()
Loading weights:   0%|          | 0/199 [00:00<?, ?it/s]
Loading weights:   1%|          | 1/199 [00:00<00:00, 4946.11it/s, Materializing param=embeddings.LayerNorm.bias]
Loading weights:   1%|          | 1/199 [00:00<00:00, 2027.21it/s, Materializing param=embeddings.LayerNorm.bias]
Loading weights:   1%|1         | 2/199 [00:00<00:00, 1751.64it/s, Materializing param=embeddings.LayerNorm.weight]
Loading weights:   1%|1         | 2/199 [00:00<00:00, 1192.92it/s, Materializing param=embeddings.LayerNorm.weight]
Loading weights:   2%|1         | 3/199 [00:00<00:00, 1014.59it/s, Materializing param=embeddings.position_embeddings.weight]
Loading weights:   2%|1         | 3/199 [00:00<00:00, 917.12it/s, Materializing param=embeddings.position_embeddings.weight] 
Loading weights:   2%|2         | 4/199 [00:00<00:00, 1069.98it/s, Materializing param=embeddings.token_type_embeddings.weight]
Loading weights:   2%|2         | 4/199 [00:00<00:00, 1004.38it/s, Materializing param=embeddings.token_type_embeddings.weight]
Loading weights:   3%|2         | 5/199 [00:00<00:00, 1046.07it/s, Materializing param=embeddings.word_embeddings.weight]      
Loading weights:   3%|2         | 5/199 [00:00<00:00, 873.38it/s, Materializing param=embeddings.word_embeddings.weight] 
Loading weights:   3%|3         | 6/199 [00:00<00:00, 942.68it/s, Materializing param=encoder.layer.0.attention.output.LayerNorm.bias]
Loading weights:   3%|3         | 6/199 [00:00<00:00, 818.27it/s, Materializing param=encoder.layer.0.attention.output.LayerNorm.bias]
Loading weights:   4%|3         | 7/199 [00:00<00:00, 814.79it/s, Materializing param=encoder.layer.0.attention.output.LayerNorm.weight]
Loading weights:   4%|3         | 7/199 [00:00<00:00, 787.43it/s, Materializing param=encoder.layer.0.attention.output.LayerNorm.weight]
Loading weights:   4%|4         | 8/199 [00:00<00:00, 851.40it/s, Materializing param=encoder.layer.0.attention.output.dense.bias]      
Loading weights:   4%|4         | 8/199 [00:00<00:00, 807.45it/s, Materializing param=encoder.layer.0.attention.output.dense.bias]
Loading weights:   5%|4         | 9/199 [00:00<00:00, 811.71it/s, Materializing param=encoder.layer.0.attention.output.dense.weight]
Loading weights:   5%|4         | 9/199 [00:00<00:00, 775.18it/s, Materializing param=encoder.layer.0.attention.output.dense.weight]
Loading weights:   5%|5         | 10/199 [00:00<00:00, 804.57it/s, Materializing param=encoder.layer.0.attention.self.key.bias]     
Loading weights:   5%|5         | 10/199 [00:00<00:00, 785.13it/s, Materializing param=encoder.layer.0.attention.self.key.bias]
Loading weights:   6%|5         | 11/199 [00:00<00:00, 833.21it/s, Materializing param=encoder.layer.0.attention.self.key.weight]
Loading weights:   6%|5         | 11/199 [00:00<00:00, 817.95it/s, Materializing param=encoder.layer.0.attention.self.key.weight]
Loading weights:   6%|6         | 12/199 [00:00<00:00, 842.40it/s, Materializing param=encoder.layer.0.attention.self.query.bias]
Loading weights:   6%|6         | 12/199 [00:00<00:00, 800.38it/s, Materializing param=encoder.layer.0.attention.self.query.bias]
Loading weights:   7%|6         | 13/199 [00:00<00:00, 805.33it/s, Materializing param=encoder.layer.0.attention.self.query.weight]
Loading weights:   7%|6         | 13/199 [00:00<00:00, 779.93it/s, Materializing param=encoder.layer.0.attention.self.query.weight]
Loading weights:   7%|7         | 14/199 [00:00<00:00, 789.61it/s, Materializing param=encoder.layer.0.attention.self.value.bias]  
Loading weights:   7%|7         | 14/199 [00:00<00:00, 766.67it/s, Materializing param=encoder.layer.0.attention.self.value.bias]
Loading weights:   8%|7         | 15/199 [00:00<00:00, 740.70it/s, Materializing param=encoder.layer.0.attention.self.value.weight]
Loading weights:   8%|7         | 15/199 [00:00<00:00, 724.64it/s, Materializing param=encoder.layer.0.attention.self.value.weight]
Loading weights:   8%|8         | 16/199 [00:00<00:00, 739.89it/s, Materializing param=encoder.layer.0.intermediate.dense.bias]    
Loading weights:   8%|8         | 16/199 [00:00<00:00, 712.29it/s, Materializing param=encoder.layer.0.intermediate.dense.bias]
Loading weights:   9%|8         | 17/199 [00:00<00:00, 697.42it/s, Materializing param=encoder.layer.0.intermediate.dense.weight]
Loading weights:   9%|8         | 17/199 [00:00<00:00, 688.93it/s, Materializing param=encoder.layer.0.intermediate.dense.weight]
Loading weights:   9%|9         | 18/199 [00:00<00:00, 714.35it/s, Materializing param=encoder.layer.0.output.LayerNorm.bias]    
Loading weights:   9%|9         | 18/199 [00:00<00:00, 707.10it/s, Materializing param=encoder.layer.0.output.LayerNorm.bias]
Loading weights:  10%|9         | 19/199 [00:00<00:00, 731.45it/s, Materializing param=encoder.layer.0.output.LayerNorm.weight]
Loading weights:  10%|9         | 19/199 [00:00<00:00, 723.97it/s, Materializing param=encoder.layer.0.output.LayerNorm.weight]
Loading weights:  10%|#         | 20/199 [00:00<00:00, 708.61it/s, Materializing param=encoder.layer.0.output.dense.bias]      
Loading weights:  10%|#         | 20/199 [00:00<00:00, 689.68it/s, Materializing param=encoder.layer.0.output.dense.bias]
Loading weights:  11%|#         | 21/199 [00:00<00:00, 692.53it/s, Materializing param=encoder.layer.0.output.dense.weight]
Loading weights:  11%|#         | 21/199 [00:00<00:00, 671.78it/s, Materializing param=encoder.layer.0.output.dense.weight]
Loading weights:  11%|#1        | 22/199 [00:00<00:00, 676.77it/s, Materializing param=encoder.layer.1.attention.output.LayerNorm.bias]
Loading weights:  11%|#1        | 22/199 [00:00<00:00, 663.67it/s, Materializing param=encoder.layer.1.attention.output.LayerNorm.bias]
Loading weights:  12%|#1        | 23/199 [00:00<00:00, 654.43it/s, Materializing param=encoder.layer.1.attention.output.LayerNorm.weight]
Loading weights:  12%|#1        | 23/199 [00:00<00:00, 632.15it/s, Materializing param=encoder.layer.1.attention.output.LayerNorm.weight]
Loading weights:  12%|#2        | 24/199 [00:00<00:00, 644.58it/s, Materializing param=encoder.layer.1.attention.output.dense.bias]      
Loading weights:  12%|#2        | 24/199 [00:00<00:00, 635.72it/s, Materializing param=encoder.layer.1.attention.output.dense.bias]
Loading weights:  13%|#2        | 25/199 [00:00<00:00, 652.17it/s, Materializing param=encoder.layer.1.attention.output.dense.weight]
Loading weights:  13%|#2        | 25/199 [00:00<00:00, 647.77it/s, Materializing param=encoder.layer.1.attention.output.dense.weight]
Loading weights:  13%|#3        | 26/199 [00:00<00:00, 658.62it/s, Materializing param=encoder.layer.1.attention.self.key.bias]      
Loading weights:  13%|#3        | 26/199 [00:00<00:00, 651.14it/s, Materializing param=encoder.layer.1.attention.self.key.bias]
Loading weights:  14%|#3        | 27/199 [00:00<00:00, 666.19it/s, Materializing param=encoder.layer.1.attention.self.key.weight]
Loading weights:  14%|#3        | 27/199 [00:00<00:00, 662.27it/s, Materializing param=encoder.layer.1.attention.self.key.weight]
Loading weights:  14%|#4        | 28/199 [00:00<00:00, 678.58it/s, Materializing param=encoder.layer.1.attention.self.query.bias]
Loading weights:  14%|#4        | 28/199 [00:00<00:00, 674.46it/s, Materializing param=encoder.layer.1.attention.self.query.bias]
Loading weights:  15%|#4        | 29/199 [00:00<00:00, 684.60it/s, Materializing param=encoder.layer.1.attention.self.query.weight]
Loading weights:  15%|#4        | 29/199 [00:00<00:00, 673.39it/s, Materializing param=encoder.layer.1.attention.self.query.weight]
Loading weights:  15%|#5        | 30/199 [00:00<00:00, 669.18it/s, Materializing param=encoder.layer.1.attention.self.value.bias]  
Loading weights:  15%|#5        | 30/199 [00:00<00:00, 656.91it/s, Materializing param=encoder.layer.1.attention.self.value.bias]
Loading weights:  16%|#5        | 31/199 [00:00<00:00, 659.90it/s, Materializing param=encoder.layer.1.attention.self.value.weight]
Loading weights:  16%|#5        | 31/199 [00:00<00:00, 654.84it/s, Materializing param=encoder.layer.1.attention.self.value.weight]
Loading weights:  16%|#6        | 32/199 [00:00<00:00, 653.63it/s, Materializing param=encoder.layer.1.intermediate.dense.bias]    
Loading weights:  16%|#6        | 32/199 [00:00<00:00, 648.00it/s, Materializing param=encoder.layer.1.intermediate.dense.bias]
Loading weights:  17%|#6        | 33/199 [00:00<00:00, 614.47it/s, Materializing param=encoder.layer.1.intermediate.dense.weight]
Loading weights:  17%|#6        | 33/199 [00:00<00:00, 600.87it/s, Materializing param=encoder.layer.1.intermediate.dense.weight]
Loading weights:  17%|#7        | 34/199 [00:00<00:00, 594.68it/s, Materializing param=encoder.layer.1.output.LayerNorm.bias]    
Loading weights:  17%|#7        | 34/199 [00:00<00:00, 586.13it/s, Materializing param=encoder.layer.1.output.LayerNorm.bias]
Loading weights:  18%|#7        | 35/199 [00:00<00:00, 572.91it/s, Materializing param=encoder.layer.1.output.LayerNorm.weight]
Loading weights:  18%|#7        | 35/199 [00:00<00:00, 568.60it/s, Materializing param=encoder.layer.1.output.LayerNorm.weight]
Loading weights:  18%|#8        | 36/199 [00:00<00:00, 571.76it/s, Materializing param=encoder.layer.1.output.dense.bias]      
Loading weights:  18%|#8        | 36/199 [00:00<00:00, 569.01it/s, Materializing param=encoder.layer.1.output.dense.bias]
Loading weights:  19%|#8        | 37/199 [00:00<00:00, 579.97it/s, Materializing param=encoder.layer.1.output.dense.weight]
Loading weights:  19%|#8        | 37/199 [00:00<00:00, 574.80it/s, Materializing param=encoder.layer.1.output.dense.weight]
Loading weights:  19%|#9        | 38/199 [00:00<00:00, 572.49it/s, Materializing param=encoder.layer.2.attention.output.LayerNorm.bias]
Loading weights:  19%|#9        | 38/199 [00:00<00:00, 567.59it/s, Materializing param=encoder.layer.2.attention.output.LayerNorm.bias]
Loading weights:  20%|#9        | 39/199 [00:00<00:00, 562.58it/s, Materializing param=encoder.layer.2.attention.output.LayerNorm.weight]
Loading weights:  20%|#9        | 39/199 [00:00<00:00, 557.59it/s, Materializing param=encoder.layer.2.attention.output.LayerNorm.weight]
Loading weights:  20%|##        | 40/199 [00:00<00:00, 564.09it/s, Materializing param=encoder.layer.2.attention.output.dense.bias]      
Loading weights:  20%|##        | 40/199 [00:00<00:00, 561.03it/s, Materializing param=encoder.layer.2.attention.output.dense.bias]
Loading weights:  21%|##        | 41/199 [00:00<00:00, 561.59it/s, Materializing param=encoder.layer.2.attention.output.dense.weight]
Loading weights:  21%|##        | 41/199 [00:00<00:00, 554.95it/s, Materializing param=encoder.layer.2.attention.output.dense.weight]
Loading weights:  21%|##1       | 42/199 [00:00<00:00, 557.59it/s, Materializing param=encoder.layer.2.attention.self.key.bias]      
Loading weights:  21%|##1       | 42/199 [00:00<00:00, 555.23it/s, Materializing param=encoder.layer.2.attention.self.key.bias]
Loading weights:  22%|##1       | 43/199 [00:00<00:00, 561.69it/s, Materializing param=encoder.layer.2.attention.self.key.weight]
Loading weights:  22%|##1       | 43/199 [00:00<00:00, 557.73it/s, Materializing param=encoder.layer.2.attention.self.key.weight]
Loading weights:  22%|##2       | 44/199 [00:00<00:00, 564.69it/s, Materializing param=encoder.layer.2.attention.self.query.bias]
Loading weights:  22%|##2       | 44/199 [00:00<00:00, 560.85it/s, Materializing param=encoder.layer.2.attention.self.query.bias]
Loading weights:  23%|##2       | 45/199 [00:00<00:00, 567.38it/s, Materializing param=encoder.layer.2.attention.self.query.weight]
Loading weights:  23%|##2       | 45/199 [00:00<00:00, 562.31it/s, Materializing param=encoder.layer.2.attention.self.query.weight]
Loading weights:  23%|##3       | 46/199 [00:00<00:00, 558.49it/s, Materializing param=encoder.layer.2.attention.self.value.bias]  
Loading weights:  23%|##3       | 46/199 [00:00<00:00, 554.96it/s, Materializing param=encoder.layer.2.attention.self.value.bias]
Loading weights:  24%|##3       | 47/199 [00:00<00:00, 561.65it/s, Materializing param=encoder.layer.2.attention.self.value.weight]
Loading weights:  24%|##3       | 47/199 [00:00<00:00, 558.55it/s, Materializing param=encoder.layer.2.attention.self.value.weight]
Loading weights:  24%|##4       | 48/199 [00:00<00:00, 557.82it/s, Materializing param=encoder.layer.2.intermediate.dense.bias]    
Loading weights:  24%|##4       | 48/199 [00:00<00:00, 552.82it/s, Materializing param=encoder.layer.2.intermediate.dense.bias]
Loading weights:  25%|##4       | 49/199 [00:00<00:00, 553.17it/s, Materializing param=encoder.layer.2.intermediate.dense.weight]
Loading weights:  25%|##4       | 49/199 [00:00<00:00, 549.42it/s, Materializing param=encoder.layer.2.intermediate.dense.weight]
Loading weights:  25%|##5       | 50/199 [00:00<00:00, 550.88it/s, Materializing param=encoder.layer.2.output.LayerNorm.bias]    
Loading weights:  25%|##5       | 50/199 [00:00<00:00, 545.98it/s, Materializing param=encoder.layer.2.output.LayerNorm.bias]
Loading weights:  26%|##5       | 51/199 [00:00<00:00, 552.12it/s, Materializing param=encoder.layer.2.output.LayerNorm.weight]
Loading weights:  26%|##5       | 51/199 [00:00<00:00, 550.08it/s, Materializing param=encoder.layer.2.output.LayerNorm.weight]
Loading weights:  26%|##6       | 52/199 [00:00<00:00, 549.46it/s, Materializing param=encoder.layer.2.output.dense.bias]      
Loading weights:  26%|##6       | 52/199 [00:00<00:00, 546.13it/s, Materializing param=encoder.layer.2.output.dense.bias]
Loading weights:  27%|##6       | 53/199 [00:00<00:00, 549.96it/s, Materializing param=encoder.layer.2.output.dense.weight]
Loading weights:  27%|##6       | 53/199 [00:00<00:00, 547.52it/s, Materializing param=encoder.layer.2.output.dense.weight]
Loading weights:  27%|##7       | 54/199 [00:00<00:00, 542.26it/s, Materializing param=encoder.layer.3.attention.output.LayerNorm.bias]
Loading weights:  27%|##7       | 54/199 [00:00<00:00, 538.62it/s, Materializing param=encoder.layer.3.attention.output.LayerNorm.bias]
Loading weights:  28%|##7       | 55/199 [00:00<00:00, 529.93it/s, Materializing param=encoder.layer.3.attention.output.LayerNorm.bias]
Loading weights:  28%|##7       | 55/199 [00:00<00:00, 529.93it/s, Materializing param=encoder.layer.3.attention.output.LayerNorm.weight]
Loading weights:  28%|##7       | 55/199 [00:00<00:00, 529.93it/s, Materializing param=encoder.layer.3.attention.output.LayerNorm.weight]
Loading weights:  28%|##8       | 56/199 [00:00<00:00, 529.93it/s, Materializing param=encoder.layer.3.attention.output.dense.bias]      
Loading weights:  28%|##8       | 56/199 [00:00<00:00, 529.93it/s, Materializing param=encoder.layer.3.attention.output.dense.bias]
Loading weights:  29%|##8       | 57/199 [00:00<00:00, 529.93it/s, Materializing param=encoder.layer.3.attention.output.dense.weight]
Loading weights:  29%|##8       | 57/199 [00:00<00:00, 529.93it/s, Materializing param=encoder.layer.3.attention.output.dense.weight]
Loading weights:  29%|##9       | 58/199 [00:00<00:00, 529.93it/s, Materializing param=encoder.layer.3.attention.self.key.bias]      
Loading weights:  29%|##9       | 58/199 [00:00<00:00, 529.93it/s, Materializing param=encoder.layer.3.attention.self.key.bias]
Loading weights:  30%|##9       | 59/199 [00:00<00:00, 529.93it/s, Materializing param=encoder.layer.3.attention.self.key.weight]
Loading weights:  30%|##9       | 59/199 [00:00<00:00, 529.93it/s, Materializing param=encoder.layer.3.attention.self.key.weight]
Loading weights:  30%|###       | 60/199 [00:00<00:00, 529.93it/s, Materializing param=encoder.layer.3.attention.self.query.bias]
Loading weights:  30%|###       | 60/199 [00:00<00:00, 529.93it/s, Materializing param=encoder.layer.3.attention.self.query.bias]
Loading weights:  31%|###       | 61/199 [00:00<00:00, 529.93it/s, Materializing param=encoder.layer.3.attention.self.query.weight]
Loading weights:  31%|###       | 61/199 [00:00<00:00, 529.93it/s, Materializing param=encoder.layer.3.attention.self.query.weight]
Loading weights:  31%|###1      | 62/199 [00:00<00:00, 529.93it/s, Materializing param=encoder.layer.3.attention.self.value.bias]  
Loading weights:  31%|###1      | 62/199 [00:00<00:00, 529.93it/s, Materializing param=encoder.layer.3.attention.self.value.bias]
Loading weights:  32%|###1      | 63/199 [00:00<00:00, 529.93it/s, Materializing param=encoder.layer.3.attention.self.value.weight]
Loading weights:  32%|###1      | 63/199 [00:00<00:00, 529.93it/s, Materializing param=encoder.layer.3.attention.self.value.weight]
Loading weights:  32%|###2      | 64/199 [00:00<00:00, 529.93it/s, Materializing param=encoder.layer.3.intermediate.dense.bias]    
Loading weights:  32%|###2      | 64/199 [00:00<00:00, 529.93it/s, Materializing param=encoder.layer.3.intermediate.dense.bias]
Loading weights:  33%|###2      | 65/199 [00:00<00:00, 529.93it/s, Materializing param=encoder.layer.3.intermediate.dense.weight]
Loading weights:  33%|###2      | 65/199 [00:00<00:00, 529.93it/s, Materializing param=encoder.layer.3.intermediate.dense.weight]
Loading weights:  33%|###3      | 66/199 [00:00<00:00, 529.93it/s, Materializing param=encoder.layer.3.output.LayerNorm.bias]    
Loading weights:  33%|###3      | 66/199 [00:00<00:00, 529.93it/s, Materializing param=encoder.layer.3.output.LayerNorm.bias]
Loading weights:  34%|###3      | 67/199 [00:00<00:00, 529.93it/s, Materializing param=encoder.layer.3.output.LayerNorm.weight]
Loading weights:  34%|###3      | 67/199 [00:00<00:00, 529.93it/s, Materializing param=encoder.layer.3.output.LayerNorm.weight]
Loading weights:  34%|###4      | 68/199 [00:00<00:00, 529.93it/s, Materializing param=encoder.layer.3.output.dense.bias]      
Loading weights:  34%|###4      | 68/199 [00:00<00:00, 529.93it/s, Materializing param=encoder.layer.3.output.dense.bias]
Loading weights:  35%|###4      | 69/199 [00:00<00:00, 529.93it/s, Materializing param=encoder.layer.3.output.dense.weight]
Loading weights:  35%|###4      | 69/199 [00:00<00:00, 529.93it/s, Materializing param=encoder.layer.3.output.dense.weight]
Loading weights:  35%|###5      | 70/199 [00:00<00:00, 529.93it/s, Materializing param=encoder.layer.4.attention.output.LayerNorm.bias]
Loading weights:  35%|###5      | 70/199 [00:00<00:00, 529.93it/s, Materializing param=encoder.layer.4.attention.output.LayerNorm.bias]
Loading weights:  36%|###5      | 71/199 [00:00<00:00, 529.93it/s, Materializing param=encoder.layer.4.attention.output.LayerNorm.weight]
Loading weights:  36%|###5      | 71/199 [00:00<00:00, 529.93it/s, Materializing param=encoder.layer.4.attention.output.LayerNorm.weight]
Loading weights:  36%|###6      | 72/199 [00:00<00:00, 529.93it/s, Materializing param=encoder.layer.4.attention.output.dense.bias]      
Loading weights:  36%|###6      | 72/199 [00:00<00:00, 529.93it/s, Materializing param=encoder.layer.4.attention.output.dense.bias]
Loading weights:  37%|###6      | 73/199 [00:00<00:00, 529.93it/s, Materializing param=encoder.layer.4.attention.output.dense.weight]
Loading weights:  37%|###6      | 73/199 [00:00<00:00, 529.93it/s, Materializing param=encoder.layer.4.attention.output.dense.weight]
Loading weights:  37%|###7      | 74/199 [00:00<00:00, 529.93it/s, Materializing param=encoder.layer.4.attention.self.key.bias]      
Loading weights:  37%|###7      | 74/199 [00:00<00:00, 529.93it/s, Materializing param=encoder.layer.4.attention.self.key.bias]
Loading weights:  38%|###7      | 75/199 [00:00<00:00, 529.93it/s, Materializing param=encoder.layer.4.attention.self.key.weight]
Loading weights:  38%|###7      | 75/199 [00:00<00:00, 529.93it/s, Materializing param=encoder.layer.4.attention.self.key.weight]
Loading weights:  38%|###8      | 76/199 [00:00<00:00, 529.93it/s, Materializing param=encoder.layer.4.attention.self.query.bias]
Loading weights:  38%|###8      | 76/199 [00:00<00:00, 529.93it/s, Materializing param=encoder.layer.4.attention.self.query.bias]
Loading weights:  39%|###8      | 77/199 [00:00<00:00, 529.93it/s, Materializing param=encoder.layer.4.attention.self.query.weight]
Loading weights:  39%|###8      | 77/199 [00:00<00:00, 529.93it/s, Materializing param=encoder.layer.4.attention.self.query.weight]
Loading weights:  39%|###9      | 78/199 [00:00<00:00, 529.93it/s, Materializing param=encoder.layer.4.attention.self.value.bias]  
Loading weights:  39%|###9      | 78/199 [00:00<00:00, 529.93it/s, Materializing param=encoder.layer.4.attention.self.value.bias]
Loading weights:  40%|###9      | 79/199 [00:00<00:00, 529.93it/s, Materializing param=encoder.layer.4.attention.self.value.weight]
Loading weights:  40%|###9      | 79/199 [00:00<00:00, 529.93it/s, Materializing param=encoder.layer.4.attention.self.value.weight]
Loading weights:  40%|####      | 80/199 [00:00<00:00, 529.93it/s, Materializing param=encoder.layer.4.intermediate.dense.bias]    
Loading weights:  40%|####      | 80/199 [00:00<00:00, 529.93it/s, Materializing param=encoder.layer.4.intermediate.dense.bias]
Loading weights:  41%|####      | 81/199 [00:00<00:00, 529.93it/s, Materializing param=encoder.layer.4.intermediate.dense.weight]
Loading weights:  41%|####      | 81/199 [00:00<00:00, 529.93it/s, Materializing param=encoder.layer.4.intermediate.dense.weight]
Loading weights:  41%|####1     | 82/199 [00:00<00:00, 529.93it/s, Materializing param=encoder.layer.4.output.LayerNorm.bias]    
Loading weights:  41%|####1     | 82/199 [00:00<00:00, 529.93it/s, Materializing param=encoder.layer.4.output.LayerNorm.bias]
Loading weights:  42%|####1     | 83/199 [00:00<00:00, 529.93it/s, Materializing param=encoder.layer.4.output.LayerNorm.weight]
Loading weights:  42%|####1     | 83/199 [00:00<00:00, 529.93it/s, Materializing param=encoder.layer.4.output.LayerNorm.weight]
Loading weights:  42%|####2     | 84/199 [00:00<00:00, 529.93it/s, Materializing param=encoder.layer.4.output.dense.bias]      
Loading weights:  42%|####2     | 84/199 [00:00<00:00, 529.93it/s, Materializing param=encoder.layer.4.output.dense.bias]
Loading weights:  43%|####2     | 85/199 [00:00<00:00, 529.93it/s, Materializing param=encoder.layer.4.output.dense.weight]
Loading weights:  43%|####2     | 85/199 [00:00<00:00, 529.93it/s, Materializing param=encoder.layer.4.output.dense.weight]
Loading weights:  43%|####3     | 86/199 [00:00<00:00, 529.93it/s, Materializing param=encoder.layer.5.attention.output.LayerNorm.bias]
Loading weights:  43%|####3     | 86/199 [00:00<00:00, 529.93it/s, Materializing param=encoder.layer.5.attention.output.LayerNorm.bias]
Loading weights:  44%|####3     | 87/199 [00:00<00:00, 529.93it/s, Materializing param=encoder.layer.5.attention.output.LayerNorm.weight]
Loading weights:  44%|####3     | 87/199 [00:00<00:00, 529.93it/s, Materializing param=encoder.layer.5.attention.output.LayerNorm.weight]
Loading weights:  44%|####4     | 88/199 [00:00<00:00, 529.93it/s, Materializing param=encoder.layer.5.attention.output.dense.bias]      
Loading weights:  44%|####4     | 88/199 [00:00<00:00, 529.93it/s, Materializing param=encoder.layer.5.attention.output.dense.bias]
Loading weights:  45%|####4     | 89/199 [00:00<00:00, 529.93it/s, Materializing param=encoder.layer.5.attention.output.dense.weight]
Loading weights:  45%|####4     | 89/199 [00:00<00:00, 529.93it/s, Materializing param=encoder.layer.5.attention.output.dense.weight]
Loading weights:  45%|####5     | 90/199 [00:00<00:00, 529.93it/s, Materializing param=encoder.layer.5.attention.self.key.bias]      
Loading weights:  45%|####5     | 90/199 [00:00<00:00, 529.93it/s, Materializing param=encoder.layer.5.attention.self.key.bias]
Loading weights:  46%|####5     | 91/199 [00:00<00:00, 529.93it/s, Materializing param=encoder.layer.5.attention.self.key.weight]
Loading weights:  46%|####5     | 91/199 [00:00<00:00, 529.93it/s, Materializing param=encoder.layer.5.attention.self.key.weight]
Loading weights:  46%|####6     | 92/199 [00:00<00:00, 529.93it/s, Materializing param=encoder.layer.5.attention.self.query.bias]
Loading weights:  46%|####6     | 92/199 [00:00<00:00, 529.93it/s, Materializing param=encoder.layer.5.attention.self.query.bias]
Loading weights:  47%|####6     | 93/199 [00:00<00:00, 529.93it/s, Materializing param=encoder.layer.5.attention.self.query.weight]
Loading weights:  47%|####6     | 93/199 [00:00<00:00, 529.93it/s, Materializing param=encoder.layer.5.attention.self.query.weight]
Loading weights:  47%|####7     | 94/199 [00:00<00:00, 529.93it/s, Materializing param=encoder.layer.5.attention.self.value.bias]  
Loading weights:  47%|####7     | 94/199 [00:00<00:00, 529.93it/s, Materializing param=encoder.layer.5.attention.self.value.bias]
Loading weights:  48%|####7     | 95/199 [00:00<00:00, 529.93it/s, Materializing param=encoder.layer.5.attention.self.value.weight]
Loading weights:  48%|####7     | 95/199 [00:00<00:00, 529.93it/s, Materializing param=encoder.layer.5.attention.self.value.weight]
Loading weights:  48%|####8     | 96/199 [00:00<00:00, 529.93it/s, Materializing param=encoder.layer.5.intermediate.dense.bias]    
Loading weights:  48%|####8     | 96/199 [00:00<00:00, 529.93it/s, Materializing param=encoder.layer.5.intermediate.dense.bias]
Loading weights:  49%|####8     | 97/199 [00:00<00:00, 529.93it/s, Materializing param=encoder.layer.5.intermediate.dense.weight]
Loading weights:  49%|####8     | 97/199 [00:00<00:00, 529.93it/s, Materializing param=encoder.layer.5.intermediate.dense.weight]
Loading weights:  49%|####9     | 98/199 [00:00<00:00, 529.93it/s, Materializing param=encoder.layer.5.output.LayerNorm.bias]    
Loading weights:  49%|####9     | 98/199 [00:00<00:00, 529.93it/s, Materializing param=encoder.layer.5.output.LayerNorm.bias]
Loading weights:  50%|####9     | 99/199 [00:00<00:00, 529.93it/s, Materializing param=encoder.layer.5.output.LayerNorm.weight]
Loading weights:  50%|####9     | 99/199 [00:00<00:00, 529.93it/s, Materializing param=encoder.layer.5.output.LayerNorm.weight]
Loading weights:  50%|#####     | 100/199 [00:00<00:00, 529.93it/s, Materializing param=encoder.layer.5.output.dense.bias]     
Loading weights:  50%|#####     | 100/199 [00:00<00:00, 529.93it/s, Materializing param=encoder.layer.5.output.dense.bias]
Loading weights:  51%|#####     | 101/199 [00:00<00:00, 529.93it/s, Materializing param=encoder.layer.5.output.dense.weight]
Loading weights:  51%|#####     | 101/199 [00:00<00:00, 529.93it/s, Materializing param=encoder.layer.5.output.dense.weight]
Loading weights:  51%|#####1    | 102/199 [00:00<00:00, 529.93it/s, Materializing param=encoder.layer.6.attention.output.LayerNorm.bias]
Loading weights:  51%|#####1    | 102/199 [00:00<00:00, 529.93it/s, Materializing param=encoder.layer.6.attention.output.LayerNorm.bias]
Loading weights:  52%|#####1    | 103/199 [00:00<00:00, 529.93it/s, Materializing param=encoder.layer.6.attention.output.LayerNorm.weight]
Loading weights:  52%|#####1    | 103/199 [00:00<00:00, 529.93it/s, Materializing param=encoder.layer.6.attention.output.LayerNorm.weight]
Loading weights:  52%|#####2    | 104/199 [00:00<00:00, 529.93it/s, Materializing param=encoder.layer.6.attention.output.dense.bias]      
Loading weights:  52%|#####2    | 104/199 [00:00<00:00, 529.93it/s, Materializing param=encoder.layer.6.attention.output.dense.bias]
Loading weights:  53%|#####2    | 105/199 [00:00<00:00, 529.93it/s, Materializing param=encoder.layer.6.attention.output.dense.weight]
Loading weights:  53%|#####2    | 105/199 [00:00<00:00, 529.93it/s, Materializing param=encoder.layer.6.attention.output.dense.weight]
Loading weights:  53%|#####3    | 106/199 [00:00<00:00, 529.93it/s, Materializing param=encoder.layer.6.attention.self.key.bias]      
Loading weights:  53%|#####3    | 106/199 [00:00<00:00, 529.93it/s, Materializing param=encoder.layer.6.attention.self.key.bias]
Loading weights:  54%|#####3    | 107/199 [00:00<00:00, 529.93it/s, Materializing param=encoder.layer.6.attention.self.key.weight]
Loading weights:  54%|#####3    | 107/199 [00:00<00:00, 529.93it/s, Materializing param=encoder.layer.6.attention.self.key.weight]
Loading weights:  54%|#####4    | 108/199 [00:00<00:00, 529.93it/s, Materializing param=encoder.layer.6.attention.self.query.bias]
Loading weights:  54%|#####4    | 108/199 [00:00<00:00, 529.93it/s, Materializing param=encoder.layer.6.attention.self.query.bias]
Loading weights:  55%|#####4    | 109/199 [00:00<00:00, 529.93it/s, Materializing param=encoder.layer.6.attention.self.query.weight]
Loading weights:  55%|#####4    | 109/199 [00:00<00:00, 529.93it/s, Materializing param=encoder.layer.6.attention.self.query.weight]
Loading weights:  55%|#####5    | 110/199 [00:00<00:00, 529.93it/s, Materializing param=encoder.layer.6.attention.self.value.bias]  
Loading weights:  55%|#####5    | 110/199 [00:00<00:00, 529.93it/s, Materializing param=encoder.layer.6.attention.self.value.bias]
Loading weights:  56%|#####5    | 111/199 [00:00<00:00, 529.93it/s, Materializing param=encoder.layer.6.attention.self.value.weight]
Loading weights:  56%|#####5    | 111/199 [00:00<00:00, 529.93it/s, Materializing param=encoder.layer.6.attention.self.value.weight]
Loading weights:  56%|#####6    | 112/199 [00:00<00:00, 529.93it/s, Materializing param=encoder.layer.6.intermediate.dense.bias]    
Loading weights:  56%|#####6    | 112/199 [00:00<00:00, 529.93it/s, Materializing param=encoder.layer.6.intermediate.dense.bias]
Loading weights:  57%|#####6    | 113/199 [00:00<00:00, 529.93it/s, Materializing param=encoder.layer.6.intermediate.dense.weight]
Loading weights:  57%|#####6    | 113/199 [00:00<00:00, 529.93it/s, Materializing param=encoder.layer.6.intermediate.dense.weight]
Loading weights:  57%|#####7    | 114/199 [00:00<00:00, 529.93it/s, Materializing param=encoder.layer.6.output.LayerNorm.bias]    
Loading weights:  57%|#####7    | 114/199 [00:00<00:00, 529.93it/s, Materializing param=encoder.layer.6.output.LayerNorm.bias]
Loading weights:  58%|#####7    | 115/199 [00:00<00:00, 529.93it/s, Materializing param=encoder.layer.6.output.LayerNorm.weight]
Loading weights:  58%|#####7    | 115/199 [00:00<00:00, 529.93it/s, Materializing param=encoder.layer.6.output.LayerNorm.weight]
Loading weights:  58%|#####8    | 116/199 [00:00<00:00, 529.93it/s, Materializing param=encoder.layer.6.output.dense.bias]      
Loading weights:  58%|#####8    | 116/199 [00:00<00:00, 529.93it/s, Materializing param=encoder.layer.6.output.dense.bias]
Loading weights:  59%|#####8    | 117/199 [00:00<00:00, 529.93it/s, Materializing param=encoder.layer.6.output.dense.weight]
Loading weights:  59%|#####8    | 117/199 [00:00<00:00, 529.93it/s, Materializing param=encoder.layer.6.output.dense.weight]
Loading weights:  59%|#####9    | 118/199 [00:00<00:00, 529.93it/s, Materializing param=encoder.layer.7.attention.output.LayerNorm.bias]
Loading weights:  59%|#####9    | 118/199 [00:00<00:00, 529.93it/s, Materializing param=encoder.layer.7.attention.output.LayerNorm.bias]
Loading weights:  60%|#####9    | 119/199 [00:00<00:00, 529.93it/s, Materializing param=encoder.layer.7.attention.output.LayerNorm.weight]
Loading weights:  60%|#####9    | 119/199 [00:00<00:00, 529.93it/s, Materializing param=encoder.layer.7.attention.output.LayerNorm.weight]
Loading weights:  60%|######    | 120/199 [00:00<00:00, 529.93it/s, Materializing param=encoder.layer.7.attention.output.dense.bias]      
Loading weights:  60%|######    | 120/199 [00:00<00:00, 529.93it/s, Materializing param=encoder.layer.7.attention.output.dense.bias]
Loading weights:  61%|######    | 121/199 [00:00<00:00, 529.93it/s, Materializing param=encoder.layer.7.attention.output.dense.weight]
Loading weights:  61%|######    | 121/199 [00:00<00:00, 529.93it/s, Materializing param=encoder.layer.7.attention.output.dense.weight]
Loading weights:  61%|######1   | 122/199 [00:00<00:00, 529.93it/s, Materializing param=encoder.layer.7.attention.self.key.bias]      
Loading weights:  61%|######1   | 122/199 [00:00<00:00, 529.93it/s, Materializing param=encoder.layer.7.attention.self.key.bias]
Loading weights:  62%|######1   | 123/199 [00:00<00:00, 529.93it/s, Materializing param=encoder.layer.7.attention.self.key.weight]
Loading weights:  62%|######1   | 123/199 [00:00<00:00, 529.93it/s, Materializing param=encoder.layer.7.attention.self.key.weight]
Loading weights:  62%|######2   | 124/199 [00:00<00:00, 529.93it/s, Materializing param=encoder.layer.7.attention.self.query.bias]
Loading weights:  62%|######2   | 124/199 [00:00<00:00, 529.93it/s, Materializing param=encoder.layer.7.attention.self.query.bias]
Loading weights:  63%|######2   | 125/199 [00:00<00:00, 529.93it/s, Materializing param=encoder.layer.7.attention.self.query.weight]
Loading weights:  63%|######2   | 125/199 [00:00<00:00, 529.93it/s, Materializing param=encoder.layer.7.attention.self.query.weight]
Loading weights:  63%|######3   | 126/199 [00:00<00:00, 529.93it/s, Materializing param=encoder.layer.7.attention.self.value.bias]  
Loading weights:  63%|######3   | 126/199 [00:00<00:00, 529.93it/s, Materializing param=encoder.layer.7.attention.self.value.bias]
Loading weights:  64%|######3   | 127/199 [00:00<00:00, 529.93it/s, Materializing param=encoder.layer.7.attention.self.value.weight]
Loading weights:  64%|######3   | 127/199 [00:00<00:00, 529.93it/s, Materializing param=encoder.layer.7.attention.self.value.weight]
Loading weights:  64%|######4   | 128/199 [00:00<00:00, 529.93it/s, Materializing param=encoder.layer.7.intermediate.dense.bias]    
Loading weights:  64%|######4   | 128/199 [00:00<00:00, 529.93it/s, Materializing param=encoder.layer.7.intermediate.dense.bias]
Loading weights:  65%|######4   | 129/199 [00:00<00:00, 529.93it/s, Materializing param=encoder.layer.7.intermediate.dense.weight]
Loading weights:  65%|######4   | 129/199 [00:00<00:00, 529.93it/s, Materializing param=encoder.layer.7.intermediate.dense.weight]
Loading weights:  65%|######5   | 130/199 [00:00<00:00, 529.93it/s, Materializing param=encoder.layer.7.output.LayerNorm.bias]    
Loading weights:  65%|######5   | 130/199 [00:00<00:00, 529.93it/s, Materializing param=encoder.layer.7.output.LayerNorm.bias]
Loading weights:  66%|######5   | 131/199 [00:00<00:00, 529.93it/s, Materializing param=encoder.layer.7.output.LayerNorm.weight]
Loading weights:  66%|######5   | 131/199 [00:00<00:00, 529.93it/s, Materializing param=encoder.layer.7.output.LayerNorm.weight]
Loading weights:  66%|######6   | 132/199 [00:00<00:00, 529.93it/s, Materializing param=encoder.layer.7.output.dense.bias]      
Loading weights:  66%|######6   | 132/199 [00:00<00:00, 529.93it/s, Materializing param=encoder.layer.7.output.dense.bias]
Loading weights:  67%|######6   | 133/199 [00:00<00:00, 529.93it/s, Materializing param=encoder.layer.7.output.dense.weight]
Loading weights:  67%|######6   | 133/199 [00:00<00:00, 529.93it/s, Materializing param=encoder.layer.7.output.dense.weight]
Loading weights:  67%|######7   | 134/199 [00:00<00:00, 529.93it/s, Materializing param=encoder.layer.8.attention.output.LayerNorm.bias]
Loading weights:  67%|######7   | 134/199 [00:00<00:00, 529.93it/s, Materializing param=encoder.layer.8.attention.output.LayerNorm.bias]
Loading weights:  68%|######7   | 135/199 [00:00<00:00, 529.93it/s, Materializing param=encoder.layer.8.attention.output.LayerNorm.weight]
Loading weights:  68%|######7   | 135/199 [00:00<00:00, 529.93it/s, Materializing param=encoder.layer.8.attention.output.LayerNorm.weight]
Loading weights:  68%|######8   | 136/199 [00:00<00:00, 529.93it/s, Materializing param=encoder.layer.8.attention.output.dense.bias]      
Loading weights:  68%|######8   | 136/199 [00:00<00:00, 529.93it/s, Materializing param=encoder.layer.8.attention.output.dense.bias]
Loading weights:  69%|######8   | 137/199 [00:00<00:00, 529.93it/s, Materializing param=encoder.layer.8.attention.output.dense.weight]
Loading weights:  69%|######8   | 137/199 [00:00<00:00, 529.93it/s, Materializing param=encoder.layer.8.attention.output.dense.weight]
Loading weights:  69%|######9   | 138/199 [00:00<00:00, 529.93it/s, Materializing param=encoder.layer.8.attention.self.key.bias]      
Loading weights:  69%|######9   | 138/199 [00:00<00:00, 529.93it/s, Materializing param=encoder.layer.8.attention.self.key.bias]
Loading weights:  70%|######9   | 139/199 [00:00<00:00, 529.93it/s, Materializing param=encoder.layer.8.attention.self.key.weight]
Loading weights:  70%|######9   | 139/199 [00:00<00:00, 529.93it/s, Materializing param=encoder.layer.8.attention.self.key.weight]
Loading weights:  70%|#######   | 140/199 [00:00<00:00, 529.93it/s, Materializing param=encoder.layer.8.attention.self.query.bias]
Loading weights:  70%|#######   | 140/199 [00:00<00:00, 529.93it/s, Materializing param=encoder.layer.8.attention.self.query.bias]
Loading weights:  71%|#######   | 141/199 [00:00<00:00, 529.93it/s, Materializing param=encoder.layer.8.attention.self.query.weight]
Loading weights:  71%|#######   | 141/199 [00:00<00:00, 529.93it/s, Materializing param=encoder.layer.8.attention.self.query.weight]
Loading weights:  71%|#######1  | 142/199 [00:00<00:00, 529.93it/s, Materializing param=encoder.layer.8.attention.self.value.bias]  
Loading weights:  71%|#######1  | 142/199 [00:00<00:00, 529.93it/s, Materializing param=encoder.layer.8.attention.self.value.bias]
Loading weights:  72%|#######1  | 143/199 [00:00<00:00, 529.93it/s, Materializing param=encoder.layer.8.attention.self.value.weight]
Loading weights:  72%|#######1  | 143/199 [00:00<00:00, 529.93it/s, Materializing param=encoder.layer.8.attention.self.value.weight]
Loading weights:  72%|#######2  | 144/199 [00:00<00:00, 529.93it/s, Materializing param=encoder.layer.8.intermediate.dense.bias]    
Loading weights:  72%|#######2  | 144/199 [00:00<00:00, 529.93it/s, Materializing param=encoder.layer.8.intermediate.dense.bias]
Loading weights:  73%|#######2  | 145/199 [00:00<00:00, 529.93it/s, Materializing param=encoder.layer.8.intermediate.dense.weight]
Loading weights:  73%|#######2  | 145/199 [00:00<00:00, 529.93it/s, Materializing param=encoder.layer.8.intermediate.dense.weight]
Loading weights:  73%|#######3  | 146/199 [00:00<00:00, 529.93it/s, Materializing param=encoder.layer.8.output.LayerNorm.bias]    
Loading weights:  73%|#######3  | 146/199 [00:00<00:00, 529.93it/s, Materializing param=encoder.layer.8.output.LayerNorm.bias]
Loading weights:  74%|#######3  | 147/199 [00:00<00:00, 529.93it/s, Materializing param=encoder.layer.8.output.LayerNorm.weight]
Loading weights:  74%|#######3  | 147/199 [00:00<00:00, 529.93it/s, Materializing param=encoder.layer.8.output.LayerNorm.weight]
Loading weights:  74%|#######4  | 148/199 [00:00<00:00, 529.93it/s, Materializing param=encoder.layer.8.output.dense.bias]      
Loading weights:  74%|#######4  | 148/199 [00:00<00:00, 529.93it/s, Materializing param=encoder.layer.8.output.dense.bias]
Loading weights:  75%|#######4  | 149/199 [00:00<00:00, 529.93it/s, Materializing param=encoder.layer.8.output.dense.weight]
Loading weights:  75%|#######4  | 149/199 [00:00<00:00, 529.93it/s, Materializing param=encoder.layer.8.output.dense.weight]
Loading weights:  75%|#######5  | 150/199 [00:00<00:00, 529.93it/s, Materializing param=encoder.layer.9.attention.output.LayerNorm.bias]
Loading weights:  75%|#######5  | 150/199 [00:00<00:00, 529.93it/s, Materializing param=encoder.layer.9.attention.output.LayerNorm.bias]
Loading weights:  76%|#######5  | 151/199 [00:00<00:00, 529.93it/s, Materializing param=encoder.layer.9.attention.output.LayerNorm.weight]
Loading weights:  76%|#######5  | 151/199 [00:00<00:00, 529.93it/s, Materializing param=encoder.layer.9.attention.output.LayerNorm.weight]
Loading weights:  76%|#######6  | 152/199 [00:00<00:00, 529.93it/s, Materializing param=encoder.layer.9.attention.output.dense.bias]      
Loading weights:  76%|#######6  | 152/199 [00:00<00:00, 529.93it/s, Materializing param=encoder.layer.9.attention.output.dense.bias]
Loading weights:  77%|#######6  | 153/199 [00:00<00:00, 529.93it/s, Materializing param=encoder.layer.9.attention.output.dense.weight]
Loading weights:  77%|#######6  | 153/199 [00:00<00:00, 529.93it/s, Materializing param=encoder.layer.9.attention.output.dense.weight]
Loading weights:  77%|#######7  | 154/199 [00:00<00:00, 529.93it/s, Materializing param=encoder.layer.9.attention.self.key.bias]      
Loading weights:  77%|#######7  | 154/199 [00:00<00:00, 529.93it/s, Materializing param=encoder.layer.9.attention.self.key.bias]
Loading weights:  78%|#######7  | 155/199 [00:00<00:00, 800.44it/s, Materializing param=encoder.layer.9.attention.self.key.bias]
Loading weights:  78%|#######7  | 155/199 [00:00<00:00, 800.44it/s, Materializing param=encoder.layer.9.attention.self.key.weight]
Loading weights:  78%|#######7  | 155/199 [00:00<00:00, 800.44it/s, Materializing param=encoder.layer.9.attention.self.key.weight]
Loading weights:  78%|#######8  | 156/199 [00:00<00:00, 800.44it/s, Materializing param=encoder.layer.9.attention.self.query.bias]
Loading weights:  78%|#######8  | 156/199 [00:00<00:00, 800.44it/s, Materializing param=encoder.layer.9.attention.self.query.bias]
Loading weights:  79%|#######8  | 157/199 [00:00<00:00, 800.44it/s, Materializing param=encoder.layer.9.attention.self.query.weight]
Loading weights:  79%|#######8  | 157/199 [00:00<00:00, 800.44it/s, Materializing param=encoder.layer.9.attention.self.query.weight]
Loading weights:  79%|#######9  | 158/199 [00:00<00:00, 800.44it/s, Materializing param=encoder.layer.9.attention.self.value.bias]  
Loading weights:  79%|#######9  | 158/199 [00:00<00:00, 800.44it/s, Materializing param=encoder.layer.9.attention.self.value.bias]
Loading weights:  80%|#######9  | 159/199 [00:00<00:00, 800.44it/s, Materializing param=encoder.layer.9.attention.self.value.weight]
Loading weights:  80%|#######9  | 159/199 [00:00<00:00, 800.44it/s, Materializing param=encoder.layer.9.attention.self.value.weight]
Loading weights:  80%|########  | 160/199 [00:00<00:00, 800.44it/s, Materializing param=encoder.layer.9.intermediate.dense.bias]    
Loading weights:  80%|########  | 160/199 [00:00<00:00, 800.44it/s, Materializing param=encoder.layer.9.intermediate.dense.bias]
Loading weights:  81%|########  | 161/199 [00:00<00:00, 800.44it/s, Materializing param=encoder.layer.9.intermediate.dense.weight]
Loading weights:  81%|########  | 161/199 [00:00<00:00, 800.44it/s, Materializing param=encoder.layer.9.intermediate.dense.weight]
Loading weights:  81%|########1 | 162/199 [00:00<00:00, 800.44it/s, Materializing param=encoder.layer.9.output.LayerNorm.bias]    
Loading weights:  81%|########1 | 162/199 [00:00<00:00, 800.44it/s, Materializing param=encoder.layer.9.output.LayerNorm.bias]
Loading weights:  82%|########1 | 163/199 [00:00<00:00, 800.44it/s, Materializing param=encoder.layer.9.output.LayerNorm.weight]
Loading weights:  82%|########1 | 163/199 [00:00<00:00, 800.44it/s, Materializing param=encoder.layer.9.output.LayerNorm.weight]
Loading weights:  82%|########2 | 164/199 [00:00<00:00, 800.44it/s, Materializing param=encoder.layer.9.output.dense.bias]      
Loading weights:  82%|########2 | 164/199 [00:00<00:00, 800.44it/s, Materializing param=encoder.layer.9.output.dense.bias]
Loading weights:  83%|########2 | 165/199 [00:00<00:00, 800.44it/s, Materializing param=encoder.layer.9.output.dense.weight]
Loading weights:  83%|########2 | 165/199 [00:00<00:00, 800.44it/s, Materializing param=encoder.layer.9.output.dense.weight]
Loading weights:  83%|########3 | 166/199 [00:00<00:00, 800.44it/s, Materializing param=encoder.layer.10.attention.output.LayerNorm.bias]
Loading weights:  83%|########3 | 166/199 [00:00<00:00, 800.44it/s, Materializing param=encoder.layer.10.attention.output.LayerNorm.bias]
Loading weights:  84%|########3 | 167/199 [00:00<00:00, 800.44it/s, Materializing param=encoder.layer.10.attention.output.LayerNorm.weight]
Loading weights:  84%|########3 | 167/199 [00:00<00:00, 800.44it/s, Materializing param=encoder.layer.10.attention.output.LayerNorm.weight]
Loading weights:  84%|########4 | 168/199 [00:00<00:00, 800.44it/s, Materializing param=encoder.layer.10.attention.output.dense.bias]      
Loading weights:  84%|########4 | 168/199 [00:00<00:00, 800.44it/s, Materializing param=encoder.layer.10.attention.output.dense.bias]
Loading weights:  85%|########4 | 169/199 [00:00<00:00, 800.44it/s, Materializing param=encoder.layer.10.attention.output.dense.weight]
Loading weights:  85%|########4 | 169/199 [00:00<00:00, 800.44it/s, Materializing param=encoder.layer.10.attention.output.dense.weight]
Loading weights:  85%|########5 | 170/199 [00:00<00:00, 800.44it/s, Materializing param=encoder.layer.10.attention.self.key.bias]      
Loading weights:  85%|########5 | 170/199 [00:00<00:00, 800.44it/s, Materializing param=encoder.layer.10.attention.self.key.bias]
Loading weights:  86%|########5 | 171/199 [00:00<00:00, 800.44it/s, Materializing param=encoder.layer.10.attention.self.key.weight]
Loading weights:  86%|########5 | 171/199 [00:00<00:00, 800.44it/s, Materializing param=encoder.layer.10.attention.self.key.weight]
Loading weights:  86%|########6 | 172/199 [00:00<00:00, 800.44it/s, Materializing param=encoder.layer.10.attention.self.query.bias]
Loading weights:  86%|########6 | 172/199 [00:00<00:00, 800.44it/s, Materializing param=encoder.layer.10.attention.self.query.bias]
Loading weights:  87%|########6 | 173/199 [00:00<00:00, 800.44it/s, Materializing param=encoder.layer.10.attention.self.query.weight]
Loading weights:  87%|########6 | 173/199 [00:00<00:00, 800.44it/s, Materializing param=encoder.layer.10.attention.self.query.weight]
Loading weights:  87%|########7 | 174/199 [00:00<00:00, 800.44it/s, Materializing param=encoder.layer.10.attention.self.value.bias]  
Loading weights:  87%|########7 | 174/199 [00:00<00:00, 800.44it/s, Materializing param=encoder.layer.10.attention.self.value.bias]
Loading weights:  88%|########7 | 175/199 [00:00<00:00, 800.44it/s, Materializing param=encoder.layer.10.attention.self.value.weight]
Loading weights:  88%|########7 | 175/199 [00:00<00:00, 800.44it/s, Materializing param=encoder.layer.10.attention.self.value.weight]
Loading weights:  88%|########8 | 176/199 [00:00<00:00, 800.44it/s, Materializing param=encoder.layer.10.intermediate.dense.bias]    
Loading weights:  88%|########8 | 176/199 [00:00<00:00, 800.44it/s, Materializing param=encoder.layer.10.intermediate.dense.bias]
Loading weights:  89%|########8 | 177/199 [00:00<00:00, 800.44it/s, Materializing param=encoder.layer.10.intermediate.dense.weight]
Loading weights:  89%|########8 | 177/199 [00:00<00:00, 800.44it/s, Materializing param=encoder.layer.10.intermediate.dense.weight]
Loading weights:  89%|########9 | 178/199 [00:00<00:00, 800.44it/s, Materializing param=encoder.layer.10.output.LayerNorm.bias]    
Loading weights:  89%|########9 | 178/199 [00:00<00:00, 800.44it/s, Materializing param=encoder.layer.10.output.LayerNorm.bias]
Loading weights:  90%|########9 | 179/199 [00:00<00:00, 800.44it/s, Materializing param=encoder.layer.10.output.LayerNorm.weight]
Loading weights:  90%|########9 | 179/199 [00:00<00:00, 800.44it/s, Materializing param=encoder.layer.10.output.LayerNorm.weight]
Loading weights:  90%|######### | 180/199 [00:00<00:00, 800.44it/s, Materializing param=encoder.layer.10.output.dense.bias]      
Loading weights:  90%|######### | 180/199 [00:00<00:00, 800.44it/s, Materializing param=encoder.layer.10.output.dense.bias]
Loading weights:  91%|######### | 181/199 [00:00<00:00, 800.44it/s, Materializing param=encoder.layer.10.output.dense.weight]
Loading weights:  91%|######### | 181/199 [00:00<00:00, 800.44it/s, Materializing param=encoder.layer.10.output.dense.weight]
Loading weights:  91%|#########1| 182/199 [00:00<00:00, 800.44it/s, Materializing param=encoder.layer.11.attention.output.LayerNorm.bias]
Loading weights:  91%|#########1| 182/199 [00:00<00:00, 800.44it/s, Materializing param=encoder.layer.11.attention.output.LayerNorm.bias]
Loading weights:  92%|#########1| 183/199 [00:00<00:00, 800.44it/s, Materializing param=encoder.layer.11.attention.output.LayerNorm.weight]
Loading weights:  92%|#########1| 183/199 [00:00<00:00, 800.44it/s, Materializing param=encoder.layer.11.attention.output.LayerNorm.weight]
Loading weights:  92%|#########2| 184/199 [00:00<00:00, 800.44it/s, Materializing param=encoder.layer.11.attention.output.dense.bias]      
Loading weights:  92%|#########2| 184/199 [00:00<00:00, 800.44it/s, Materializing param=encoder.layer.11.attention.output.dense.bias]
Loading weights:  93%|#########2| 185/199 [00:00<00:00, 800.44it/s, Materializing param=encoder.layer.11.attention.output.dense.weight]
Loading weights:  93%|#########2| 185/199 [00:00<00:00, 800.44it/s, Materializing param=encoder.layer.11.attention.output.dense.weight]
Loading weights:  93%|#########3| 186/199 [00:00<00:00, 800.44it/s, Materializing param=encoder.layer.11.attention.self.key.bias]      
Loading weights:  93%|#########3| 186/199 [00:00<00:00, 800.44it/s, Materializing param=encoder.layer.11.attention.self.key.bias]
Loading weights:  94%|#########3| 187/199 [00:00<00:00, 800.44it/s, Materializing param=encoder.layer.11.attention.self.key.weight]
Loading weights:  94%|#########3| 187/199 [00:00<00:00, 800.44it/s, Materializing param=encoder.layer.11.attention.self.key.weight]
Loading weights:  94%|#########4| 188/199 [00:00<00:00, 800.44it/s, Materializing param=encoder.layer.11.attention.self.query.bias]
Loading weights:  94%|#########4| 188/199 [00:00<00:00, 800.44it/s, Materializing param=encoder.layer.11.attention.self.query.bias]
Loading weights:  95%|#########4| 189/199 [00:00<00:00, 800.44it/s, Materializing param=encoder.layer.11.attention.self.query.weight]
Loading weights:  95%|#########4| 189/199 [00:00<00:00, 800.44it/s, Materializing param=encoder.layer.11.attention.self.query.weight]
Loading weights:  95%|#########5| 190/199 [00:00<00:00, 800.44it/s, Materializing param=encoder.layer.11.attention.self.value.bias]  
Loading weights:  95%|#########5| 190/199 [00:00<00:00, 800.44it/s, Materializing param=encoder.layer.11.attention.self.value.bias]
Loading weights:  96%|#########5| 191/199 [00:00<00:00, 800.44it/s, Materializing param=encoder.layer.11.attention.self.value.weight]
Loading weights:  96%|#########5| 191/199 [00:00<00:00, 800.44it/s, Materializing param=encoder.layer.11.attention.self.value.weight]
Loading weights:  96%|#########6| 192/199 [00:00<00:00, 800.44it/s, Materializing param=encoder.layer.11.intermediate.dense.bias]    
Loading weights:  96%|#########6| 192/199 [00:00<00:00, 800.44it/s, Materializing param=encoder.layer.11.intermediate.dense.bias]
Loading weights:  97%|#########6| 193/199 [00:00<00:00, 800.44it/s, Materializing param=encoder.layer.11.intermediate.dense.weight]
Loading weights:  97%|#########6| 193/199 [00:00<00:00, 800.44it/s, Materializing param=encoder.layer.11.intermediate.dense.weight]
Loading weights:  97%|#########7| 194/199 [00:00<00:00, 800.44it/s, Materializing param=encoder.layer.11.output.LayerNorm.bias]    
Loading weights:  97%|#########7| 194/199 [00:00<00:00, 800.44it/s, Materializing param=encoder.layer.11.output.LayerNorm.bias]
Loading weights:  98%|#########7| 195/199 [00:00<00:00, 800.44it/s, Materializing param=encoder.layer.11.output.LayerNorm.weight]
Loading weights:  98%|#########7| 195/199 [00:00<00:00, 800.44it/s, Materializing param=encoder.layer.11.output.LayerNorm.weight]
Loading weights:  98%|#########8| 196/199 [00:00<00:00, 800.44it/s, Materializing param=encoder.layer.11.output.dense.bias]      
Loading weights:  98%|#########8| 196/199 [00:00<00:00, 800.44it/s, Materializing param=encoder.layer.11.output.dense.bias]
Loading weights:  99%|#########8| 197/199 [00:00<00:00, 800.44it/s, Materializing param=encoder.layer.11.output.dense.weight]
Loading weights:  99%|#########8| 197/199 [00:00<00:00, 800.44it/s, Materializing param=encoder.layer.11.output.dense.weight]
Loading weights:  99%|#########9| 198/199 [00:00<00:00, 800.44it/s, Materializing param=pooler.dense.bias]                   
Loading weights:  99%|#########9| 198/199 [00:00<00:00, 800.44it/s, Materializing param=pooler.dense.bias]
Loading weights: 100%|##########| 199/199 [00:00<00:00, 800.44it/s, Materializing param=pooler.dense.weight]
Loading weights: 100%|##########| 199/199 [00:00<00:00, 800.44it/s, Materializing param=pooler.dense.weight]
Loading weights: 100%|##########| 199/199 [00:00<00:00, 802.08it/s, Materializing param=pooler.dense.weight]
BertModel LOAD REPORT from: sentence-transformers/paraphrase-multilingual-MiniLM-L12-v2
Key                     | Status     |  | 
------------------------+------------+--+-
embeddings.position_ids | UNEXPECTED |  | 

Notes:
- UNEXPECTED	:can be ignored when loading from different task/architecture; not ok if you expect identical arch.
Warning: You are sending unauthenticated requests to the HF Hub. Please set a HF_TOKEN to enable higher rate limits and faster downloads.

Loading weights:   0%|          | 0/199 [00:00<?, ?it/s]
Loading weights:   1%|          | 1/199 [00:00<00:00, 5555.37it/s, Materializing param=embeddings.LayerNorm.bias]
Loading weights:   1%|          | 1/199 [00:00<00:00, 1893.59it/s, Materializing param=embeddings.LayerNorm.bias]
Loading weights:   1%|1         | 2/199 [00:00<00:00, 1757.51it/s, Materializing param=embeddings.LayerNorm.weight]
Loading weights:   1%|1         | 2/199 [00:00<00:00, 1404.19it/s, Materializing param=embeddings.LayerNorm.weight]
Loading weights:   2%|1         | 3/199 [00:00<00:00, 1533.57it/s, Materializing param=embeddings.position_embeddings.weight]
Loading weights:   2%|1         | 3/199 [00:00<00:00, 1335.20it/s, Materializing param=embeddings.position_embeddings.weight]
Loading weights:   2%|2         | 4/199 [00:00<00:00, 1340.89it/s, Materializing param=embeddings.token_type_embeddings.weight]
Loading weights:   2%|2         | 4/199 [00:00<00:00, 1152.44it/s, Materializing param=embeddings.token_type_embeddings.weight]
Loading weights:   3%|2         | 5/199 [00:00<00:00, 1197.89it/s, Materializing param=embeddings.word_embeddings.weight]      
Loading weights:   3%|2         | 5/199 [00:00<00:00, 957.04it/s, Materializing param=embeddings.word_embeddings.weight] 
Loading weights:   3%|3         | 6/199 [00:00<00:00, 877.13it/s, Materializing param=encoder.layer.0.attention.output.LayerNorm.bias]
Loading weights:   3%|3         | 6/199 [00:00<00:00, 831.96it/s, Materializing param=encoder.layer.0.attention.output.LayerNorm.bias]
Loading weights:   4%|3         | 7/199 [00:00<00:00, 878.49it/s, Materializing param=encoder.layer.0.attention.output.LayerNorm.weight]
Loading weights:   4%|3         | 7/199 [00:00<00:00, 829.22it/s, Materializing param=encoder.layer.0.attention.output.LayerNorm.weight]
Loading weights:   4%|4         | 8/199 [00:00<00:00, 883.03it/s, Materializing param=encoder.layer.0.attention.output.dense.bias]      
Loading weights:   4%|4         | 8/199 [00:00<00:00, 852.11it/s, Materializing param=encoder.layer.0.attention.output.dense.bias]
Loading weights:   5%|4         | 9/199 [00:00<00:00, 819.82it/s, Materializing param=encoder.layer.0.attention.output.dense.weight]
Loading weights:   5%|4         | 9/199 [00:00<00:00, 751.35it/s, Materializing param=encoder.layer.0.attention.output.dense.weight]
Loading weights:   5%|5         | 10/199 [00:00<00:00, 731.42it/s, Materializing param=encoder.layer.0.attention.self.key.bias]     
Loading weights:   5%|5         | 10/199 [00:00<00:00, 710.27it/s, Materializing param=encoder.layer.0.attention.self.key.bias]
Loading weights:   6%|5         | 11/199 [00:00<00:00, 749.75it/s, Materializing param=encoder.layer.0.attention.self.key.weight]
Loading weights:   6%|5         | 11/199 [00:00<00:00, 697.31it/s, Materializing param=encoder.layer.0.attention.self.key.weight]
Loading weights:   6%|6         | 12/199 [00:00<00:00, 717.39it/s, Materializing param=encoder.layer.0.attention.self.query.bias]
Loading weights:   6%|6         | 12/199 [00:00<00:00, 702.02it/s, Materializing param=encoder.layer.0.attention.self.query.bias]
Loading weights:   7%|6         | 13/199 [00:00<00:00, 653.01it/s, Materializing param=encoder.layer.0.attention.self.query.weight]
Loading weights:   7%|6         | 13/199 [00:00<00:00, 624.77it/s, Materializing param=encoder.layer.0.attention.self.query.weight]
Loading weights:   7%|7         | 14/199 [00:00<00:00, 605.33it/s, Materializing param=encoder.layer.0.attention.self.value.bias]  
Loading weights:   7%|7         | 14/199 [00:00<00:00, 594.73it/s, Materializing param=encoder.layer.0.attention.self.value.bias]
Loading weights:   8%|7         | 15/199 [00:00<00:00, 609.47it/s, Materializing param=encoder.layer.0.attention.self.value.weight]
Loading weights:   8%|7         | 15/199 [00:00<00:00, 598.06it/s, Materializing param=encoder.layer.0.attention.self.value.weight]
Loading weights:   8%|8         | 16/199 [00:00<00:00, 621.80it/s, Materializing param=encoder.layer.0.intermediate.dense.bias]    
Loading weights:   8%|8         | 16/199 [00:00<00:00, 614.15it/s, Materializing param=encoder.layer.0.intermediate.dense.bias]
Loading weights:   9%|8         | 17/199 [00:00<00:00, 639.11it/s, Materializing param=encoder.layer.0.intermediate.dense.weight]
Loading weights:   9%|8         | 17/199 [00:00<00:00, 632.18it/s, Materializing param=encoder.layer.0.intermediate.dense.weight]
Loading weights:   9%|9         | 18/199 [00:00<00:00, 654.86it/s, Materializing param=encoder.layer.0.output.LayerNorm.bias]    
Loading weights:   9%|9         | 18/199 [00:00<00:00, 643.13it/s, Materializing param=encoder.layer.0.output.LayerNorm.bias]
Loading weights:  10%|9         | 19/199 [00:00<00:00, 655.91it/s, Materializing param=encoder.layer.0.output.LayerNorm.weight]
Loading weights:  10%|9         | 19/199 [00:00<00:00, 646.08it/s, Materializing param=encoder.layer.0.output.LayerNorm.weight]
Loading weights:  10%|#         | 20/199 [00:00<00:00, 666.44it/s, Materializing param=encoder.layer.0.output.dense.bias]      
Loading weights:  10%|#         | 20/199 [00:00<00:00, 659.82it/s, Materializing param=encoder.layer.0.output.dense.bias]
Loading weights:  11%|#         | 21/199 [00:00<00:00, 681.38it/s, Materializing param=encoder.layer.0.output.dense.weight]
Loading weights:  11%|#         | 21/199 [00:00<00:00, 675.41it/s, Materializing param=encoder.layer.0.output.dense.weight]
Loading weights:  11%|#1        | 22/199 [00:00<00:00, 697.08it/s, Materializing param=encoder.layer.1.attention.output.LayerNorm.bias]
Loading weights:  11%|#1        | 22/199 [00:00<00:00, 665.81it/s, Materializing param=encoder.layer.1.attention.output.LayerNorm.bias]
Loading weights:  12%|#1        | 23/199 [00:00<00:00, 680.29it/s, Materializing param=encoder.layer.1.attention.output.LayerNorm.weight]
Loading weights:  12%|#1        | 23/199 [00:00<00:00, 664.76it/s, Materializing param=encoder.layer.1.attention.output.LayerNorm.weight]
Loading weights:  12%|#2        | 24/199 [00:00<00:00, 651.22it/s, Materializing param=encoder.layer.1.attention.output.dense.bias]      
Loading weights:  12%|#2        | 24/199 [00:00<00:00, 629.29it/s, Materializing param=encoder.layer.1.attention.output.dense.bias]
Loading weights:  13%|#2        | 25/199 [00:00<00:00, 643.50it/s, Materializing param=encoder.layer.1.attention.output.dense.weight]
Loading weights:  13%|#2        | 25/199 [00:00<00:00, 634.12it/s, Materializing param=encoder.layer.1.attention.output.dense.weight]
Loading weights:  13%|#3        | 26/199 [00:00<00:00, 639.35it/s, Materializing param=encoder.layer.1.attention.self.key.bias]      
Loading weights:  13%|#3        | 26/199 [00:00<00:00, 632.34it/s, Materializing param=encoder.layer.1.attention.self.key.bias]
Loading weights:  14%|#3        | 27/199 [00:00<00:00, 638.55it/s, Materializing param=encoder.layer.1.attention.self.key.weight]
Loading weights:  14%|#3        | 27/199 [00:00<00:00, 622.60it/s, Materializing param=encoder.layer.1.attention.self.key.weight]
Loading weights:  14%|#4        | 28/199 [00:00<00:00, 636.18it/s, Materializing param=encoder.layer.1.attention.self.query.bias]
Loading weights:  14%|#4        | 28/199 [00:00<00:00, 630.40it/s, Materializing param=encoder.layer.1.attention.self.query.bias]
Loading weights:  15%|#4        | 29/199 [00:00<00:00, 635.02it/s, Materializing param=encoder.layer.1.attention.self.query.weight]
Loading weights:  15%|#4        | 29/199 [00:00<00:00, 626.72it/s, Materializing param=encoder.layer.1.attention.self.query.weight]
Loading weights:  15%|#5        | 30/199 [00:00<00:00, 627.76it/s, Materializing param=encoder.layer.1.attention.self.value.bias]  
Loading weights:  15%|#5        | 30/199 [00:00<00:00, 613.71it/s, Materializing param=encoder.layer.1.attention.self.value.bias]
Loading weights:  16%|#5        | 31/199 [00:00<00:00, 621.96it/s, Materializing param=encoder.layer.1.attention.self.value.weight]
Loading weights:  16%|#5        | 31/199 [00:00<00:00, 617.45it/s, Materializing param=encoder.layer.1.attention.self.value.weight]
Loading weights:  16%|#6        | 32/199 [00:00<00:00, 624.97it/s, Materializing param=encoder.layer.1.intermediate.dense.bias]    
Loading weights:  16%|#6        | 32/199 [00:00<00:00, 619.21it/s, Materializing param=encoder.layer.1.intermediate.dense.bias]
Loading weights:  17%|#6        | 33/199 [00:00<00:00, 603.59it/s, Materializing param=encoder.layer.1.intermediate.dense.weight]
Loading weights:  17%|#6        | 33/199 [00:00<00:00, 597.26it/s, Materializing param=encoder.layer.1.intermediate.dense.weight]
Loading weights:  17%|#7        | 34/199 [00:00<00:00, 605.13it/s, Materializing param=encoder.layer.1.output.LayerNorm.bias]    
Loading weights:  17%|#7        | 34/199 [00:00<00:00, 601.08it/s, Materializing param=encoder.layer.1.output.LayerNorm.bias]
Loading weights:  18%|#7        | 35/199 [00:00<00:00, 595.68it/s, Materializing param=encoder.layer.1.output.LayerNorm.weight]
Loading weights:  18%|#7        | 35/199 [00:00<00:00, 590.78it/s, Materializing param=encoder.layer.1.output.LayerNorm.weight]
Loading weights:  18%|#8        | 36/199 [00:00<00:00, 592.64it/s, Materializing param=encoder.layer.1.output.dense.bias]      
Loading weights:  18%|#8        | 36/199 [00:00<00:00, 585.28it/s, Materializing param=encoder.layer.1.output.dense.bias]
Loading weights:  19%|#8        | 37/199 [00:00<00:00, 578.13it/s, Materializing param=encoder.layer.1.output.dense.weight]
Loading weights:  19%|#8        | 37/199 [00:00<00:00, 575.01it/s, Materializing param=encoder.layer.1.output.dense.weight]
Loading weights:  19%|#9        | 38/199 [00:00<00:00, 584.06it/s, Materializing param=encoder.layer.2.attention.output.LayerNorm.bias]
Loading weights:  19%|#9        | 38/199 [00:00<00:00, 577.14it/s, Materializing param=encoder.layer.2.attention.output.LayerNorm.bias]
Loading weights:  20%|#9        | 39/199 [00:00<00:00, 573.91it/s, Materializing param=encoder.layer.2.attention.output.LayerNorm.weight]
Loading weights:  20%|#9        | 39/199 [00:00<00:00, 570.74it/s, Materializing param=encoder.layer.2.attention.output.LayerNorm.weight]
Loading weights:  20%|##        | 40/199 [00:00<00:00, 580.61it/s, Materializing param=encoder.layer.2.attention.output.dense.bias]      
Loading weights:  20%|##        | 40/199 [00:00<00:00, 578.24it/s, Materializing param=encoder.layer.2.attention.output.dense.bias]
Loading weights:  21%|##        | 41/199 [00:00<00:00, 585.89it/s, Materializing param=encoder.layer.2.attention.output.dense.weight]
Loading weights:  21%|##        | 41/199 [00:00<00:00, 581.79it/s, Materializing param=encoder.layer.2.attention.output.dense.weight]
Loading weights:  21%|##1       | 42/199 [00:00<00:00, 582.79it/s, Materializing param=encoder.layer.2.attention.self.key.bias]      
Loading weights:  21%|##1       | 42/199 [00:00<00:00, 579.80it/s, Materializing param=encoder.layer.2.attention.self.key.bias]
Loading weights:  22%|##1       | 43/199 [00:00<00:00, 573.67it/s, Materializing param=encoder.layer.2.attention.self.key.weight]
Loading weights:  22%|##1       | 43/199 [00:00<00:00, 569.79it/s, Materializing param=encoder.layer.2.attention.self.key.weight]
Loading weights:  22%|##2       | 44/199 [00:00<00:00, 578.21it/s, Materializing param=encoder.layer.2.attention.self.query.bias]
Loading weights:  22%|##2       | 44/199 [00:00<00:00, 575.09it/s, Materializing param=encoder.layer.2.attention.self.query.bias]
Loading weights:  23%|##2       | 45/199 [00:00<00:00, 577.11it/s, Materializing param=encoder.layer.2.attention.self.query.weight]
Loading weights:  23%|##2       | 45/199 [00:00<00:00, 573.35it/s, Materializing param=encoder.layer.2.attention.self.query.weight]
Loading weights:  23%|##3       | 46/199 [00:00<00:00, 576.46it/s, Materializing param=encoder.layer.2.attention.self.value.bias]  
Loading weights:  23%|##3       | 46/199 [00:00<00:00, 574.04it/s, Materializing param=encoder.layer.2.attention.self.value.bias]
Loading weights:  24%|##3       | 47/199 [00:00<00:00, 579.20it/s, Materializing param=encoder.layer.2.attention.self.value.weight]
Loading weights:  24%|##3       | 47/199 [00:00<00:00, 571.94it/s, Materializing param=encoder.layer.2.attention.self.value.weight]
Loading weights:  24%|##4       | 48/199 [00:00<00:00, 571.79it/s, Materializing param=encoder.layer.2.intermediate.dense.bias]    
Loading weights:  24%|##4       | 48/199 [00:00<00:00, 569.57it/s, Materializing param=encoder.layer.2.intermediate.dense.bias]
Loading weights:  25%|##4       | 49/199 [00:00<00:00, 574.91it/s, Materializing param=encoder.layer.2.intermediate.dense.weight]
Loading weights:  25%|##4       | 49/199 [00:00<00:00, 572.99it/s, Materializing param=encoder.layer.2.intermediate.dense.weight]
Loading weights:  25%|##5       | 50/199 [00:00<00:00, 580.71it/s, Materializing param=encoder.layer.2.output.LayerNorm.bias]    
Loading weights:  25%|##5       | 50/199 [00:00<00:00, 578.24it/s, Materializing param=encoder.layer.2.output.LayerNorm.bias]
Loading weights:  26%|##5       | 51/199 [00:00<00:00, 584.38it/s, Materializing param=encoder.layer.2.output.LayerNorm.weight]
Loading weights:  26%|##5       | 51/199 [00:00<00:00, 581.99it/s, Materializing param=encoder.layer.2.output.LayerNorm.weight]
Loading weights:  26%|##6       | 52/199 [00:00<00:00, 586.95it/s, Materializing param=encoder.layer.2.output.dense.bias]      
Loading weights:  26%|##6       | 52/199 [00:00<00:00, 584.67it/s, Materializing param=encoder.layer.2.output.dense.bias]
Loading weights:  27%|##6       | 53/199 [00:00<00:00, 591.39it/s, Materializing param=encoder.layer.2.output.dense.weight]
Loading weights:  27%|##6       | 53/199 [00:00<00:00, 586.60it/s, Materializing param=encoder.layer.2.output.dense.weight]
Loading weights:  27%|##7       | 54/199 [00:00<00:00, 588.78it/s, Materializing param=encoder.layer.3.attention.output.LayerNorm.bias]
Loading weights:  27%|##7       | 54/199 [00:00<00:00, 585.20it/s, Materializing param=encoder.layer.3.attention.output.LayerNorm.bias]
Loading weights:  28%|##7       | 55/199 [00:00<00:00, 591.04it/s, Materializing param=encoder.layer.3.attention.output.LayerNorm.weight]
Loading weights:  28%|##7       | 55/199 [00:00<00:00, 589.05it/s, Materializing param=encoder.layer.3.attention.output.LayerNorm.weight]
Loading weights:  28%|##8       | 56/199 [00:00<00:00, 590.76it/s, Materializing param=encoder.layer.3.attention.output.dense.bias]      
Loading weights:  28%|##8       | 56/199 [00:00<00:00, 587.54it/s, Materializing param=encoder.layer.3.attention.output.dense.bias]
Loading weights:  29%|##8       | 57/199 [00:00<00:00, 588.21it/s, Materializing param=encoder.layer.3.attention.output.dense.weight]
Loading weights:  29%|##8       | 57/199 [00:00<00:00, 574.68it/s, Materializing param=encoder.layer.3.attention.output.dense.weight]
Loading weights:  29%|##9       | 58/199 [00:00<00:00, 577.62it/s, Materializing param=encoder.layer.3.attention.output.dense.weight]
Loading weights:  29%|##9       | 58/199 [00:00<00:00, 577.62it/s, Materializing param=encoder.layer.3.attention.self.key.bias]      
Loading weights:  29%|##9       | 58/199 [00:00<00:00, 577.62it/s, Materializing param=encoder.layer.3.attention.self.key.bias]
Loading weights:  30%|##9       | 59/199 [00:00<00:00, 577.62it/s, Materializing param=encoder.layer.3.attention.self.key.weight]
Loading weights:  30%|##9       | 59/199 [00:00<00:00, 577.62it/s, Materializing param=encoder.layer.3.attention.self.key.weight]
Loading weights:  30%|###       | 60/199 [00:00<00:00, 577.62it/s, Materializing param=encoder.layer.3.attention.self.query.bias]
Loading weights:  30%|###       | 60/199 [00:00<00:00, 577.62it/s, Materializing param=encoder.layer.3.attention.self.query.bias]
Loading weights:  31%|###       | 61/199 [00:00<00:00, 577.62it/s, Materializing param=encoder.layer.3.attention.self.query.weight]
Loading weights:  31%|###       | 61/199 [00:00<00:00, 577.62it/s, Materializing param=encoder.layer.3.attention.self.query.weight]
Loading weights:  31%|###1      | 62/199 [00:00<00:00, 577.62it/s, Materializing param=encoder.layer.3.attention.self.value.bias]  
Loading weights:  31%|###1      | 62/199 [00:00<00:00, 577.62it/s, Materializing param=encoder.layer.3.attention.self.value.bias]
Loading weights:  32%|###1      | 63/199 [00:00<00:00, 577.62it/s, Materializing param=encoder.layer.3.attention.self.value.weight]
Loading weights:  32%|###1      | 63/199 [00:00<00:00, 577.62it/s, Materializing param=encoder.layer.3.attention.self.value.weight]
Loading weights:  32%|###2      | 64/199 [00:00<00:00, 577.62it/s, Materializing param=encoder.layer.3.intermediate.dense.bias]    
Loading weights:  32%|###2      | 64/199 [00:00<00:00, 577.62it/s, Materializing param=encoder.layer.3.intermediate.dense.bias]
Loading weights:  33%|###2      | 65/199 [00:00<00:00, 577.62it/s, Materializing param=encoder.layer.3.intermediate.dense.weight]
Loading weights:  33%|###2      | 65/199 [00:00<00:00, 577.62it/s, Materializing param=encoder.layer.3.intermediate.dense.weight]
Loading weights:  33%|###3      | 66/199 [00:00<00:00, 577.62it/s, Materializing param=encoder.layer.3.output.LayerNorm.bias]    
Loading weights:  33%|###3      | 66/199 [00:00<00:00, 577.62it/s, Materializing param=encoder.layer.3.output.LayerNorm.bias]
Loading weights:  34%|###3      | 67/199 [00:00<00:00, 577.62it/s, Materializing param=encoder.layer.3.output.LayerNorm.weight]
Loading weights:  34%|###3      | 67/199 [00:00<00:00, 577.62it/s, Materializing param=encoder.layer.3.output.LayerNorm.weight]
Loading weights:  34%|###4      | 68/199 [00:00<00:00, 577.62it/s, Materializing param=encoder.layer.3.output.dense.bias]      
Loading weights:  34%|###4      | 68/199 [00:00<00:00, 577.62it/s, Materializing param=encoder.layer.3.output.dense.bias]
Loading weights:  35%|###4      | 69/199 [00:00<00:00, 577.62it/s, Materializing param=encoder.layer.3.output.dense.weight]
Loading weights:  35%|###4      | 69/199 [00:00<00:00, 577.62it/s, Materializing param=encoder.layer.3.output.dense.weight]
Loading weights:  35%|###5      | 70/199 [00:00<00:00, 577.62it/s, Materializing param=encoder.layer.4.attention.output.LayerNorm.bias]
Loading weights:  35%|###5      | 70/199 [00:00<00:00, 577.62it/s, Materializing param=encoder.layer.4.attention.output.LayerNorm.bias]
Loading weights:  36%|###5      | 71/199 [00:00<00:00, 577.62it/s, Materializing param=encoder.layer.4.attention.output.LayerNorm.weight]
Loading weights:  36%|###5      | 71/199 [00:00<00:00, 577.62it/s, Materializing param=encoder.layer.4.attention.output.LayerNorm.weight]
Loading weights:  36%|###6      | 72/199 [00:00<00:00, 577.62it/s, Materializing param=encoder.layer.4.attention.output.dense.bias]      
Loading weights:  36%|###6      | 72/199 [00:00<00:00, 577.62it/s, Materializing param=encoder.layer.4.attention.output.dense.bias]
Loading weights:  37%|###6      | 73/199 [00:00<00:00, 577.62it/s, Materializing param=encoder.layer.4.attention.output.dense.weight]
Loading weights:  37%|###6      | 73/199 [00:00<00:00, 577.62it/s, Materializing param=encoder.layer.4.attention.output.dense.weight]
Loading weights:  37%|###7      | 74/199 [00:00<00:00, 577.62it/s, Materializing param=encoder.layer.4.attention.self.key.bias]      
Loading weights:  37%|###7      | 74/199 [00:00<00:00, 577.62it/s, Materializing param=encoder.layer.4.attention.self.key.bias]
Loading weights:  38%|###7      | 75/199 [00:00<00:00, 577.62it/s, Materializing param=encoder.layer.4.attention.self.key.weight]
Loading weights:  38%|###7      | 75/199 [00:00<00:00, 577.62it/s, Materializing param=encoder.layer.4.attention.self.key.weight]
Loading weights:  38%|###8      | 76/199 [00:00<00:00, 577.62it/s, Materializing param=encoder.layer.4.attention.self.query.bias]
Loading weights:  38%|###8      | 76/199 [00:00<00:00, 577.62it/s, Materializing param=encoder.layer.4.attention.self.query.bias]
Loading weights:  39%|###8      | 77/199 [00:00<00:00, 577.62it/s, Materializing param=encoder.layer.4.attention.self.query.weight]
Loading weights:  39%|###8      | 77/199 [00:00<00:00, 577.62it/s, Materializing param=encoder.layer.4.attention.self.query.weight]
Loading weights:  39%|###9      | 78/199 [00:00<00:00, 577.62it/s, Materializing param=encoder.layer.4.attention.self.value.bias]  
Loading weights:  39%|###9      | 78/199 [00:00<00:00, 577.62it/s, Materializing param=encoder.layer.4.attention.self.value.bias]
Loading weights:  40%|###9      | 79/199 [00:00<00:00, 577.62it/s, Materializing param=encoder.layer.4.attention.self.value.weight]
Loading weights:  40%|###9      | 79/199 [00:00<00:00, 577.62it/s, Materializing param=encoder.layer.4.attention.self.value.weight]
Loading weights:  40%|####      | 80/199 [00:00<00:00, 577.62it/s, Materializing param=encoder.layer.4.intermediate.dense.bias]    
Loading weights:  40%|####      | 80/199 [00:00<00:00, 577.62it/s, Materializing param=encoder.layer.4.intermediate.dense.bias]
Loading weights:  41%|####      | 81/199 [00:00<00:00, 577.62it/s, Materializing param=encoder.layer.4.intermediate.dense.weight]
Loading weights:  41%|####      | 81/199 [00:00<00:00, 577.62it/s, Materializing param=encoder.layer.4.intermediate.dense.weight]
Loading weights:  41%|####1     | 82/199 [00:00<00:00, 577.62it/s, Materializing param=encoder.layer.4.output.LayerNorm.bias]    
Loading weights:  41%|####1     | 82/199 [00:00<00:00, 577.62it/s, Materializing param=encoder.layer.4.output.LayerNorm.bias]
Loading weights:  42%|####1     | 83/199 [00:00<00:00, 577.62it/s, Materializing param=encoder.layer.4.output.LayerNorm.weight]
Loading weights:  42%|####1     | 83/199 [00:00<00:00, 577.62it/s, Materializing param=encoder.layer.4.output.LayerNorm.weight]
Loading weights:  42%|####2     | 84/199 [00:00<00:00, 577.62it/s, Materializing param=encoder.layer.4.output.dense.bias]      
Loading weights:  42%|####2     | 84/199 [00:00<00:00, 577.62it/s, Materializing param=encoder.layer.4.output.dense.bias]
Loading weights:  43%|####2     | 85/199 [00:00<00:00, 577.62it/s, Materializing param=encoder.layer.4.output.dense.weight]
Loading weights:  43%|####2     | 85/199 [00:00<00:00, 577.62it/s, Materializing param=encoder.layer.4.output.dense.weight]
Loading weights:  43%|####3     | 86/199 [00:00<00:00, 577.62it/s, Materializing param=encoder.layer.5.attention.output.LayerNorm.bias]
Loading weights:  43%|####3     | 86/199 [00:00<00:00, 577.62it/s, Materializing param=encoder.layer.5.attention.output.LayerNorm.bias]
Loading weights:  44%|####3     | 87/199 [00:00<00:00, 577.62it/s, Materializing param=encoder.layer.5.attention.output.LayerNorm.weight]
Loading weights:  44%|####3     | 87/199 [00:00<00:00, 577.62it/s, Materializing param=encoder.layer.5.attention.output.LayerNorm.weight]
Loading weights:  44%|####4     | 88/199 [00:00<00:00, 577.62it/s, Materializing param=encoder.layer.5.attention.output.dense.bias]      
Loading weights:  44%|####4     | 88/199 [00:00<00:00, 577.62it/s, Materializing param=encoder.layer.5.attention.output.dense.bias]
Loading weights:  45%|####4     | 89/199 [00:00<00:00, 577.62it/s, Materializing param=encoder.layer.5.attention.output.dense.weight]
Loading weights:  45%|####4     | 89/199 [00:00<00:00, 577.62it/s, Materializing param=encoder.layer.5.attention.output.dense.weight]
Loading weights:  45%|####5     | 90/199 [00:00<00:00, 577.62it/s, Materializing param=encoder.layer.5.attention.self.key.bias]      
Loading weights:  45%|####5     | 90/199 [00:00<00:00, 577.62it/s, Materializing param=encoder.layer.5.attention.self.key.bias]
Loading weights:  46%|####5     | 91/199 [00:00<00:00, 577.62it/s, Materializing param=encoder.layer.5.attention.self.key.weight]
Loading weights:  46%|####5     | 91/199 [00:00<00:00, 577.62it/s, Materializing param=encoder.layer.5.attention.self.key.weight]
Loading weights:  46%|####6     | 92/199 [00:00<00:00, 577.62it/s, Materializing param=encoder.layer.5.attention.self.query.bias]
Loading weights:  46%|####6     | 92/199 [00:00<00:00, 577.62it/s, Materializing param=encoder.layer.5.attention.self.query.bias]
Loading weights:  47%|####6     | 93/199 [00:00<00:00, 577.62it/s, Materializing param=encoder.layer.5.attention.self.query.weight]
Loading weights:  47%|####6     | 93/199 [00:00<00:00, 577.62it/s, Materializing param=encoder.layer.5.attention.self.query.weight]
Loading weights:  47%|####7     | 94/199 [00:00<00:00, 577.62it/s, Materializing param=encoder.layer.5.attention.self.value.bias]  
Loading weights:  47%|####7     | 94/199 [00:00<00:00, 577.62it/s, Materializing param=encoder.layer.5.attention.self.value.bias]
Loading weights:  48%|####7     | 95/199 [00:00<00:00, 577.62it/s, Materializing param=encoder.layer.5.attention.self.value.weight]
Loading weights:  48%|####7     | 95/199 [00:00<00:00, 577.62it/s, Materializing param=encoder.layer.5.attention.self.value.weight]
Loading weights:  48%|####8     | 96/199 [00:00<00:00, 577.62it/s, Materializing param=encoder.layer.5.intermediate.dense.bias]    
Loading weights:  48%|####8     | 96/199 [00:00<00:00, 577.62it/s, Materializing param=encoder.layer.5.intermediate.dense.bias]
Loading weights:  49%|####8     | 97/199 [00:00<00:00, 577.62it/s, Materializing param=encoder.layer.5.intermediate.dense.weight]
Loading weights:  49%|####8     | 97/199 [00:00<00:00, 577.62it/s, Materializing param=encoder.layer.5.intermediate.dense.weight]
Loading weights:  49%|####9     | 98/199 [00:00<00:00, 577.62it/s, Materializing param=encoder.layer.5.output.LayerNorm.bias]    
Loading weights:  49%|####9     | 98/199 [00:00<00:00, 577.62it/s, Materializing param=encoder.layer.5.output.LayerNorm.bias]
Loading weights:  50%|####9     | 99/199 [00:00<00:00, 577.62it/s, Materializing param=encoder.layer.5.output.LayerNorm.weight]
Loading weights:  50%|####9     | 99/199 [00:00<00:00, 577.62it/s, Materializing param=encoder.layer.5.output.LayerNorm.weight]
Loading weights:  50%|#####     | 100/199 [00:00<00:00, 577.62it/s, Materializing param=encoder.layer.5.output.dense.bias]     
Loading weights:  50%|#####     | 100/199 [00:00<00:00, 577.62it/s, Materializing param=encoder.layer.5.output.dense.bias]
Loading weights:  51%|#####     | 101/199 [00:00<00:00, 577.62it/s, Materializing param=encoder.layer.5.output.dense.weight]
Loading weights:  51%|#####     | 101/199 [00:00<00:00, 577.62it/s, Materializing param=encoder.layer.5.output.dense.weight]
Loading weights:  51%|#####1    | 102/199 [00:00<00:00, 577.62it/s, Materializing param=encoder.layer.6.attention.output.LayerNorm.bias]
Loading weights:  51%|#####1    | 102/199 [00:00<00:00, 577.62it/s, Materializing param=encoder.layer.6.attention.output.LayerNorm.bias]
Loading weights:  52%|#####1    | 103/199 [00:00<00:00, 577.62it/s, Materializing param=encoder.layer.6.attention.output.LayerNorm.weight]
Loading weights:  52%|#####1    | 103/199 [00:00<00:00, 577.62it/s, Materializing param=encoder.layer.6.attention.output.LayerNorm.weight]
Loading weights:  52%|#####2    | 104/199 [00:00<00:00, 577.62it/s, Materializing param=encoder.layer.6.attention.output.dense.bias]      
Loading weights:  52%|#####2    | 104/199 [00:00<00:00, 577.62it/s, Materializing param=encoder.layer.6.attention.output.dense.bias]
Loading weights:  53%|#####2    | 105/199 [00:00<00:00, 577.62it/s, Materializing param=encoder.layer.6.attention.output.dense.weight]
Loading weights:  53%|#####2    | 105/199 [00:00<00:00, 577.62it/s, Materializing param=encoder.layer.6.attention.output.dense.weight]
Loading weights:  53%|#####3    | 106/199 [00:00<00:00, 577.62it/s, Materializing param=encoder.layer.6.attention.self.key.bias]      
Loading weights:  53%|#####3    | 106/199 [00:00<00:00, 577.62it/s, Materializing param=encoder.layer.6.attention.self.key.bias]
Loading weights:  54%|#####3    | 107/199 [00:00<00:00, 577.62it/s, Materializing param=encoder.layer.6.attention.self.key.weight]
Loading weights:  54%|#####3    | 107/199 [00:00<00:00, 577.62it/s, Materializing param=encoder.layer.6.attention.self.key.weight]
Loading weights:  54%|#####4    | 108/199 [00:00<00:00, 577.62it/s, Materializing param=encoder.layer.6.attention.self.query.bias]
Loading weights:  54%|#####4    | 108/199 [00:00<00:00, 577.62it/s, Materializing param=encoder.layer.6.attention.self.query.bias]
Loading weights:  55%|#####4    | 109/199 [00:00<00:00, 577.62it/s, Materializing param=encoder.layer.6.attention.self.query.weight]
Loading weights:  55%|#####4    | 109/199 [00:00<00:00, 577.62it/s, Materializing param=encoder.layer.6.attention.self.query.weight]
Loading weights:  55%|#####5    | 110/199 [00:00<00:00, 577.62it/s, Materializing param=encoder.layer.6.attention.self.value.bias]  
Loading weights:  55%|#####5    | 110/199 [00:00<00:00, 577.62it/s, Materializing param=encoder.layer.6.attention.self.value.bias]
Loading weights:  56%|#####5    | 111/199 [00:00<00:00, 577.62it/s, Materializing param=encoder.layer.6.attention.self.value.weight]
Loading weights:  56%|#####5    | 111/199 [00:00<00:00, 577.62it/s, Materializing param=encoder.layer.6.attention.self.value.weight]
Loading weights:  56%|#####6    | 112/199 [00:00<00:00, 577.62it/s, Materializing param=encoder.layer.6.intermediate.dense.bias]    
Loading weights:  56%|#####6    | 112/199 [00:00<00:00, 577.62it/s, Materializing param=encoder.layer.6.intermediate.dense.bias]
Loading weights:  57%|#####6    | 113/199 [00:00<00:00, 577.62it/s, Materializing param=encoder.layer.6.intermediate.dense.weight]
Loading weights:  57%|#####6    | 113/199 [00:00<00:00, 577.62it/s, Materializing param=encoder.layer.6.intermediate.dense.weight]
Loading weights:  57%|#####7    | 114/199 [00:00<00:00, 577.62it/s, Materializing param=encoder.layer.6.output.LayerNorm.bias]    
Loading weights:  57%|#####7    | 114/199 [00:00<00:00, 577.62it/s, Materializing param=encoder.layer.6.output.LayerNorm.bias]
Loading weights:  58%|#####7    | 115/199 [00:00<00:00, 577.62it/s, Materializing param=encoder.layer.6.output.LayerNorm.weight]
Loading weights:  58%|#####7    | 115/199 [00:00<00:00, 577.62it/s, Materializing param=encoder.layer.6.output.LayerNorm.weight]
Loading weights:  58%|#####8    | 116/199 [00:00<00:00, 577.62it/s, Materializing param=encoder.layer.6.output.dense.bias]      
Loading weights:  58%|#####8    | 116/199 [00:00<00:00, 577.62it/s, Materializing param=encoder.layer.6.output.dense.bias]
Loading weights:  59%|#####8    | 117/199 [00:00<00:00, 577.62it/s, Materializing param=encoder.layer.6.output.dense.weight]
Loading weights:  59%|#####8    | 117/199 [00:00<00:00, 577.62it/s, Materializing param=encoder.layer.6.output.dense.weight]
Loading weights:  59%|#####9    | 118/199 [00:00<00:00, 577.62it/s, Materializing param=encoder.layer.7.attention.output.LayerNorm.bias]
Loading weights:  59%|#####9    | 118/199 [00:00<00:00, 577.62it/s, Materializing param=encoder.layer.7.attention.output.LayerNorm.bias]
Loading weights:  60%|#####9    | 119/199 [00:00<00:00, 577.62it/s, Materializing param=encoder.layer.7.attention.output.LayerNorm.weight]
Loading weights:  60%|#####9    | 119/199 [00:00<00:00, 577.62it/s, Materializing param=encoder.layer.7.attention.output.LayerNorm.weight]
Loading weights:  60%|######    | 120/199 [00:00<00:00, 577.62it/s, Materializing param=encoder.layer.7.attention.output.dense.bias]      
Loading weights:  60%|######    | 120/199 [00:00<00:00, 577.62it/s, Materializing param=encoder.layer.7.attention.output.dense.bias]
Loading weights:  61%|######    | 121/199 [00:00<00:00, 577.62it/s, Materializing param=encoder.layer.7.attention.output.dense.weight]
Loading weights:  61%|######    | 121/199 [00:00<00:00, 577.62it/s, Materializing param=encoder.layer.7.attention.output.dense.weight]
Loading weights:  61%|######1   | 122/199 [00:00<00:00, 577.62it/s, Materializing param=encoder.layer.7.attention.self.key.bias]      
Loading weights:  61%|######1   | 122/199 [00:00<00:00, 577.62it/s, Materializing param=encoder.layer.7.attention.self.key.bias]
Loading weights:  62%|######1   | 123/199 [00:00<00:00, 577.62it/s, Materializing param=encoder.layer.7.attention.self.key.weight]
Loading weights:  62%|######1   | 123/199 [00:00<00:00, 577.62it/s, Materializing param=encoder.layer.7.attention.self.key.weight]
Loading weights:  62%|######2   | 124/199 [00:00<00:00, 625.17it/s, Materializing param=encoder.layer.7.attention.self.key.weight]
Loading weights:  62%|######2   | 124/199 [00:00<00:00, 625.17it/s, Materializing param=encoder.layer.7.attention.self.query.bias]
Loading weights:  62%|######2   | 124/199 [00:00<00:00, 625.17it/s, Materializing param=encoder.layer.7.attention.self.query.bias]
Loading weights:  63%|######2   | 125/199 [00:00<00:00, 625.17it/s, Materializing param=encoder.layer.7.attention.self.query.weight]
Loading weights:  63%|######2   | 125/199 [00:00<00:00, 625.17it/s, Materializing param=encoder.layer.7.attention.self.query.weight]
Loading weights:  63%|######3   | 126/199 [00:00<00:00, 625.17it/s, Materializing param=encoder.layer.7.attention.self.value.bias]  
Loading weights:  63%|######3   | 126/199 [00:00<00:00, 625.17it/s, Materializing param=encoder.layer.7.attention.self.value.bias]
Loading weights:  64%|######3   | 127/199 [00:00<00:00, 625.17it/s, Materializing param=encoder.layer.7.attention.self.value.weight]
Loading weights:  64%|######3   | 127/199 [00:00<00:00, 625.17it/s, Materializing param=encoder.layer.7.attention.self.value.weight]
Loading weights:  64%|######4   | 128/199 [00:00<00:00, 625.17it/s, Materializing param=encoder.layer.7.intermediate.dense.bias]    
Loading weights:  64%|######4   | 128/199 [00:00<00:00, 625.17it/s, Materializing param=encoder.layer.7.intermediate.dense.bias]
Loading weights:  65%|######4   | 129/199 [00:00<00:00, 625.17it/s, Materializing param=encoder.layer.7.intermediate.dense.weight]
Loading weights:  65%|######4   | 129/199 [00:00<00:00, 625.17it/s, Materializing param=encoder.layer.7.intermediate.dense.weight]
Loading weights:  65%|######5   | 130/199 [00:00<00:00, 625.17it/s, Materializing param=encoder.layer.7.output.LayerNorm.bias]    
Loading weights:  65%|######5   | 130/199 [00:00<00:00, 625.17it/s, Materializing param=encoder.layer.7.output.LayerNorm.bias]
Loading weights:  66%|######5   | 131/199 [00:00<00:00, 625.17it/s, Materializing param=encoder.layer.7.output.LayerNorm.weight]
Loading weights:  66%|######5   | 131/199 [00:00<00:00, 625.17it/s, Materializing param=encoder.layer.7.output.LayerNorm.weight]
Loading weights:  66%|######6   | 132/199 [00:00<00:00, 625.17it/s, Materializing param=encoder.layer.7.output.dense.bias]      
Loading weights:  66%|######6   | 132/199 [00:00<00:00, 625.17it/s, Materializing param=encoder.layer.7.output.dense.bias]
Loading weights:  67%|######6   | 133/199 [00:00<00:00, 625.17it/s, Materializing param=encoder.layer.7.output.dense.weight]
Loading weights:  67%|######6   | 133/199 [00:00<00:00, 625.17it/s, Materializing param=encoder.layer.7.output.dense.weight]
Loading weights:  67%|######7   | 134/199 [00:00<00:00, 625.17it/s, Materializing param=encoder.layer.8.attention.output.LayerNorm.bias]
Loading weights:  67%|######7   | 134/199 [00:00<00:00, 625.17it/s, Materializing param=encoder.layer.8.attention.output.LayerNorm.bias]
Loading weights:  68%|######7   | 135/199 [00:00<00:00, 625.17it/s, Materializing param=encoder.layer.8.attention.output.LayerNorm.weight]
Loading weights:  68%|######7   | 135/199 [00:00<00:00, 625.17it/s, Materializing param=encoder.layer.8.attention.output.LayerNorm.weight]
Loading weights:  68%|######8   | 136/199 [00:00<00:00, 625.17it/s, Materializing param=encoder.layer.8.attention.output.dense.bias]      
Loading weights:  68%|######8   | 136/199 [00:00<00:00, 625.17it/s, Materializing param=encoder.layer.8.attention.output.dense.bias]
Loading weights:  69%|######8   | 137/199 [00:00<00:00, 625.17it/s, Materializing param=encoder.layer.8.attention.output.dense.weight]
Loading weights:  69%|######8   | 137/199 [00:00<00:00, 625.17it/s, Materializing param=encoder.layer.8.attention.output.dense.weight]
Loading weights:  69%|######9   | 138/199 [00:00<00:00, 625.17it/s, Materializing param=encoder.layer.8.attention.self.key.bias]      
Loading weights:  69%|######9   | 138/199 [00:00<00:00, 625.17it/s, Materializing param=encoder.layer.8.attention.self.key.bias]
Loading weights:  70%|######9   | 139/199 [00:00<00:00, 625.17it/s, Materializing param=encoder.layer.8.attention.self.key.weight]
Loading weights:  70%|######9   | 139/199 [00:00<00:00, 625.17it/s, Materializing param=encoder.layer.8.attention.self.key.weight]
Loading weights:  70%|#######   | 140/199 [00:00<00:00, 625.17it/s, Materializing param=encoder.layer.8.attention.self.query.bias]
Loading weights:  70%|#######   | 140/199 [00:00<00:00, 625.17it/s, Materializing param=encoder.layer.8.attention.self.query.bias]
Loading weights:  71%|#######   | 141/199 [00:00<00:00, 625.17it/s, Materializing param=encoder.layer.8.attention.self.query.weight]
Loading weights:  71%|#######   | 141/199 [00:00<00:00, 625.17it/s, Materializing param=encoder.layer.8.attention.self.query.weight]
Loading weights:  71%|#######1  | 142/199 [00:00<00:00, 625.17it/s, Materializing param=encoder.layer.8.attention.self.value.bias]  
Loading weights:  71%|#######1  | 142/199 [00:00<00:00, 625.17it/s, Materializing param=encoder.layer.8.attention.self.value.bias]
Loading weights:  72%|#######1  | 143/199 [00:00<00:00, 625.17it/s, Materializing param=encoder.layer.8.attention.self.value.weight]
Loading weights:  72%|#######1  | 143/199 [00:00<00:00, 625.17it/s, Materializing param=encoder.layer.8.attention.self.value.weight]
Loading weights:  72%|#######2  | 144/199 [00:00<00:00, 625.17it/s, Materializing param=encoder.layer.8.intermediate.dense.bias]    
Loading weights:  72%|#######2  | 144/199 [00:00<00:00, 625.17it/s, Materializing param=encoder.layer.8.intermediate.dense.bias]
Loading weights:  73%|#######2  | 145/199 [00:00<00:00, 625.17it/s, Materializing param=encoder.layer.8.intermediate.dense.weight]
Loading weights:  73%|#######2  | 145/199 [00:00<00:00, 625.17it/s, Materializing param=encoder.layer.8.intermediate.dense.weight]
Loading weights:  73%|#######3  | 146/199 [00:00<00:00, 625.17it/s, Materializing param=encoder.layer.8.output.LayerNorm.bias]    
Loading weights:  73%|#######3  | 146/199 [00:00<00:00, 625.17it/s, Materializing param=encoder.layer.8.output.LayerNorm.bias]
Loading weights:  74%|#######3  | 147/199 [00:00<00:00, 625.17it/s, Materializing param=encoder.layer.8.output.LayerNorm.weight]
Loading weights:  74%|#######3  | 147/199 [00:00<00:00, 625.17it/s, Materializing param=encoder.layer.8.output.LayerNorm.weight]
Loading weights:  74%|#######4  | 148/199 [00:00<00:00, 625.17it/s, Materializing param=encoder.layer.8.output.dense.bias]      
Loading weights:  74%|#######4  | 148/199 [00:00<00:00, 625.17it/s, Materializing param=encoder.layer.8.output.dense.bias]
Loading weights:  75%|#######4  | 149/199 [00:00<00:00, 625.17it/s, Materializing param=encoder.layer.8.output.dense.weight]
Loading weights:  75%|#######4  | 149/199 [00:00<00:00, 625.17it/s, Materializing param=encoder.layer.8.output.dense.weight]
Loading weights:  75%|#######5  | 150/199 [00:00<00:00, 625.17it/s, Materializing param=encoder.layer.9.attention.output.LayerNorm.bias]
Loading weights:  75%|#######5  | 150/199 [00:00<00:00, 625.17it/s, Materializing param=encoder.layer.9.attention.output.LayerNorm.bias]
Loading weights:  76%|#######5  | 151/199 [00:00<00:00, 625.17it/s, Materializing param=encoder.layer.9.attention.output.LayerNorm.weight]
Loading weights:  76%|#######5  | 151/199 [00:00<00:00, 625.17it/s, Materializing param=encoder.layer.9.attention.output.LayerNorm.weight]
Loading weights:  76%|#######6  | 152/199 [00:00<00:00, 625.17it/s, Materializing param=encoder.layer.9.attention.output.dense.bias]      
Loading weights:  76%|#######6  | 152/199 [00:00<00:00, 625.17it/s, Materializing param=encoder.layer.9.attention.output.dense.bias]
Loading weights:  77%|#######6  | 153/199 [00:00<00:00, 625.17it/s, Materializing param=encoder.layer.9.attention.output.dense.weight]
Loading weights:  77%|#######6  | 153/199 [00:00<00:00, 625.17it/s, Materializing param=encoder.layer.9.attention.output.dense.weight]
Loading weights:  77%|#######7  | 154/199 [00:00<00:00, 625.17it/s, Materializing param=encoder.layer.9.attention.self.key.bias]      
Loading weights:  77%|#######7  | 154/199 [00:00<00:00, 625.17it/s, Materializing param=encoder.layer.9.attention.self.key.bias]
Loading weights:  78%|#######7  | 155/199 [00:00<00:00, 625.17it/s, Materializing param=encoder.layer.9.attention.self.key.weight]
Loading weights:  78%|#######7  | 155/199 [00:00<00:00, 625.17it/s, Materializing param=encoder.layer.9.attention.self.key.weight]
Loading weights:  78%|#######8  | 156/199 [00:00<00:00, 625.17it/s, Materializing param=encoder.layer.9.attention.self.query.bias]
Loading weights:  78%|#######8  | 156/199 [00:00<00:00, 625.17it/s, Materializing param=encoder.layer.9.attention.self.query.bias]
Loading weights:  79%|#######8  | 157/199 [00:00<00:00, 625.17it/s, Materializing param=encoder.layer.9.attention.self.query.weight]
Loading weights:  79%|#######8  | 157/199 [00:00<00:00, 625.17it/s, Materializing param=encoder.layer.9.attention.self.query.weight]
Loading weights:  79%|#######9  | 158/199 [00:00<00:00, 625.17it/s, Materializing param=encoder.layer.9.attention.self.value.bias]  
Loading weights:  79%|#######9  | 158/199 [00:00<00:00, 625.17it/s, Materializing param=encoder.layer.9.attention.self.value.bias]
Loading weights:  80%|#######9  | 159/199 [00:00<00:00, 625.17it/s, Materializing param=encoder.layer.9.attention.self.value.weight]
Loading weights:  80%|#######9  | 159/199 [00:00<00:00, 625.17it/s, Materializing param=encoder.layer.9.attention.self.value.weight]
Loading weights:  80%|########  | 160/199 [00:00<00:00, 625.17it/s, Materializing param=encoder.layer.9.intermediate.dense.bias]    
Loading weights:  80%|########  | 160/199 [00:00<00:00, 625.17it/s, Materializing param=encoder.layer.9.intermediate.dense.bias]
Loading weights:  81%|########  | 161/199 [00:00<00:00, 625.17it/s, Materializing param=encoder.layer.9.intermediate.dense.weight]
Loading weights:  81%|########  | 161/199 [00:00<00:00, 625.17it/s, Materializing param=encoder.layer.9.intermediate.dense.weight]
Loading weights:  81%|########1 | 162/199 [00:00<00:00, 625.17it/s, Materializing param=encoder.layer.9.output.LayerNorm.bias]    
Loading weights:  81%|########1 | 162/199 [00:00<00:00, 625.17it/s, Materializing param=encoder.layer.9.output.LayerNorm.bias]
Loading weights:  82%|########1 | 163/199 [00:00<00:00, 625.17it/s, Materializing param=encoder.layer.9.output.LayerNorm.weight]
Loading weights:  82%|########1 | 163/199 [00:00<00:00, 625.17it/s, Materializing param=encoder.layer.9.output.LayerNorm.weight]
Loading weights:  82%|########2 | 164/199 [00:00<00:00, 625.17it/s, Materializing param=encoder.layer.9.output.dense.bias]      
Loading weights:  82%|########2 | 164/199 [00:00<00:00, 625.17it/s, Materializing param=encoder.layer.9.output.dense.bias]
Loading weights:  83%|########2 | 165/199 [00:00<00:00, 625.17it/s, Materializing param=encoder.layer.9.output.dense.weight]
Loading weights:  83%|########2 | 165/199 [00:00<00:00, 625.17it/s, Materializing param=encoder.layer.9.output.dense.weight]
Loading weights:  83%|########3 | 166/199 [00:00<00:00, 625.17it/s, Materializing param=encoder.layer.10.attention.output.LayerNorm.bias]
Loading weights:  83%|########3 | 166/199 [00:00<00:00, 625.17it/s, Materializing param=encoder.layer.10.attention.output.LayerNorm.bias]
Loading weights:  84%|########3 | 167/199 [00:00<00:00, 625.17it/s, Materializing param=encoder.layer.10.attention.output.LayerNorm.weight]
Loading weights:  84%|########3 | 167/199 [00:00<00:00, 625.17it/s, Materializing param=encoder.layer.10.attention.output.LayerNorm.weight]
Loading weights:  84%|########4 | 168/199 [00:00<00:00, 625.17it/s, Materializing param=encoder.layer.10.attention.output.dense.bias]      
Loading weights:  84%|########4 | 168/199 [00:00<00:00, 625.17it/s, Materializing param=encoder.layer.10.attention.output.dense.bias]
Loading weights:  85%|########4 | 169/199 [00:00<00:00, 625.17it/s, Materializing param=encoder.layer.10.attention.output.dense.weight]
Loading weights:  85%|########4 | 169/199 [00:00<00:00, 625.17it/s, Materializing param=encoder.layer.10.attention.output.dense.weight]
Loading weights:  85%|########5 | 170/199 [00:00<00:00, 625.17it/s, Materializing param=encoder.layer.10.attention.self.key.bias]      
Loading weights:  85%|########5 | 170/199 [00:00<00:00, 625.17it/s, Materializing param=encoder.layer.10.attention.self.key.bias]
Loading weights:  86%|########5 | 171/199 [00:00<00:00, 625.17it/s, Materializing param=encoder.layer.10.attention.self.key.weight]
Loading weights:  86%|########5 | 171/199 [00:00<00:00, 625.17it/s, Materializing param=encoder.layer.10.attention.self.key.weight]
Loading weights:  86%|########6 | 172/199 [00:00<00:00, 625.17it/s, Materializing param=encoder.layer.10.attention.self.query.bias]
Loading weights:  86%|########6 | 172/199 [00:00<00:00, 625.17it/s, Materializing param=encoder.layer.10.attention.self.query.bias]
Loading weights:  87%|########6 | 173/199 [00:00<00:00, 625.17it/s, Materializing param=encoder.layer.10.attention.self.query.weight]
Loading weights:  87%|########6 | 173/199 [00:00<00:00, 625.17it/s, Materializing param=encoder.layer.10.attention.self.query.weight]
Loading weights:  87%|########7 | 174/199 [00:00<00:00, 625.17it/s, Materializing param=encoder.layer.10.attention.self.value.bias]  
Loading weights:  87%|########7 | 174/199 [00:00<00:00, 625.17it/s, Materializing param=encoder.layer.10.attention.self.value.bias]
Loading weights:  88%|########7 | 175/199 [00:00<00:00, 625.17it/s, Materializing param=encoder.layer.10.attention.self.value.weight]
Loading weights:  88%|########7 | 175/199 [00:00<00:00, 625.17it/s, Materializing param=encoder.layer.10.attention.self.value.weight]
Loading weights:  88%|########8 | 176/199 [00:00<00:00, 625.17it/s, Materializing param=encoder.layer.10.intermediate.dense.bias]    
Loading weights:  88%|########8 | 176/199 [00:00<00:00, 625.17it/s, Materializing param=encoder.layer.10.intermediate.dense.bias]
Loading weights:  89%|########8 | 177/199 [00:00<00:00, 625.17it/s, Materializing param=encoder.layer.10.intermediate.dense.weight]
Loading weights:  89%|########8 | 177/199 [00:00<00:00, 625.17it/s, Materializing param=encoder.layer.10.intermediate.dense.weight]
Loading weights:  89%|########9 | 178/199 [00:00<00:00, 625.17it/s, Materializing param=encoder.layer.10.output.LayerNorm.bias]    
Loading weights:  89%|########9 | 178/199 [00:00<00:00, 625.17it/s, Materializing param=encoder.layer.10.output.LayerNorm.bias]
Loading weights:  90%|########9 | 179/199 [00:00<00:00, 625.17it/s, Materializing param=encoder.layer.10.output.LayerNorm.weight]
Loading weights:  90%|########9 | 179/199 [00:00<00:00, 625.17it/s, Materializing param=encoder.layer.10.output.LayerNorm.weight]
Loading weights:  90%|######### | 180/199 [00:00<00:00, 625.17it/s, Materializing param=encoder.layer.10.output.dense.bias]      
Loading weights:  90%|######### | 180/199 [00:00<00:00, 625.17it/s, Materializing param=encoder.layer.10.output.dense.bias]
Loading weights:  91%|######### | 181/199 [00:00<00:00, 625.17it/s, Materializing param=encoder.layer.10.output.dense.weight]
Loading weights:  91%|######### | 181/199 [00:00<00:00, 625.17it/s, Materializing param=encoder.layer.10.output.dense.weight]
Loading weights:  91%|#########1| 182/199 [00:00<00:00, 625.17it/s, Materializing param=encoder.layer.11.attention.output.LayerNorm.bias]
Loading weights:  91%|#########1| 182/199 [00:00<00:00, 625.17it/s, Materializing param=encoder.layer.11.attention.output.LayerNorm.bias]
Loading weights:  92%|#########1| 183/199 [00:00<00:00, 625.17it/s, Materializing param=encoder.layer.11.attention.output.LayerNorm.weight]
Loading weights:  92%|#########1| 183/199 [00:00<00:00, 625.17it/s, Materializing param=encoder.layer.11.attention.output.LayerNorm.weight]
Loading weights:  92%|#########2| 184/199 [00:00<00:00, 625.17it/s, Materializing param=encoder.layer.11.attention.output.dense.bias]      
Loading weights:  92%|#########2| 184/199 [00:00<00:00, 625.17it/s, Materializing param=encoder.layer.11.attention.output.dense.bias]
Loading weights:  93%|#########2| 185/199 [00:00<00:00, 625.17it/s, Materializing param=encoder.layer.11.attention.output.dense.weight]
Loading weights:  93%|#########2| 185/199 [00:00<00:00, 625.17it/s, Materializing param=encoder.layer.11.attention.output.dense.weight]
Loading weights:  93%|#########3| 186/199 [00:00<00:00, 625.17it/s, Materializing param=encoder.layer.11.attention.self.key.bias]      
Loading weights:  93%|#########3| 186/199 [00:00<00:00, 625.17it/s, Materializing param=encoder.layer.11.attention.self.key.bias]
Loading weights:  94%|#########3| 187/199 [00:00<00:00, 625.17it/s, Materializing param=encoder.layer.11.attention.self.key.weight]
Loading weights:  94%|#########3| 187/199 [00:00<00:00, 625.17it/s, Materializing param=encoder.layer.11.attention.self.key.weight]
Loading weights:  94%|#########4| 188/199 [00:00<00:00, 625.17it/s, Materializing param=encoder.layer.11.attention.self.query.bias]
Loading weights:  94%|#########4| 188/199 [00:00<00:00, 625.17it/s, Materializing param=encoder.layer.11.attention.self.query.bias]
Loading weights:  95%|#########4| 189/199 [00:00<00:00, 625.17it/s, Materializing param=encoder.layer.11.attention.self.query.weight]
Loading weights:  95%|#########4| 189/199 [00:00<00:00, 625.17it/s, Materializing param=encoder.layer.11.attention.self.query.weight]
Loading weights:  95%|#########5| 190/199 [00:00<00:00, 625.17it/s, Materializing param=encoder.layer.11.attention.self.value.bias]  
Loading weights:  95%|#########5| 190/199 [00:00<00:00, 625.17it/s, Materializing param=encoder.layer.11.attention.self.value.bias]
Loading weights:  96%|#########5| 191/199 [00:00<00:00, 625.17it/s, Materializing param=encoder.layer.11.attention.self.value.weight]
Loading weights:  96%|#########5| 191/199 [00:00<00:00, 625.17it/s, Materializing param=encoder.layer.11.attention.self.value.weight]
Loading weights:  96%|#########6| 192/199 [00:00<00:00, 625.17it/s, Materializing param=encoder.layer.11.intermediate.dense.bias]    
Loading weights:  96%|#########6| 192/199 [00:00<00:00, 625.17it/s, Materializing param=encoder.layer.11.intermediate.dense.bias]
Loading weights:  97%|#########6| 193/199 [00:00<00:00, 625.17it/s, Materializing param=encoder.layer.11.intermediate.dense.weight]
Loading weights:  97%|#########6| 193/199 [00:00<00:00, 625.17it/s, Materializing param=encoder.layer.11.intermediate.dense.weight]
Loading weights:  97%|#########7| 194/199 [00:00<00:00, 625.17it/s, Materializing param=encoder.layer.11.output.LayerNorm.bias]    
Loading weights:  97%|#########7| 194/199 [00:00<00:00, 625.17it/s, Materializing param=encoder.layer.11.output.LayerNorm.bias]
Loading weights:  98%|#########7| 195/199 [00:00<00:00, 625.17it/s, Materializing param=encoder.layer.11.output.LayerNorm.weight]
Loading weights:  98%|#########7| 195/199 [00:00<00:00, 625.17it/s, Materializing param=encoder.layer.11.output.LayerNorm.weight]
Loading weights:  98%|#########8| 196/199 [00:00<00:00, 625.17it/s, Materializing param=encoder.layer.11.output.dense.bias]      
Loading weights:  98%|#########8| 196/199 [00:00<00:00, 625.17it/s, Materializing param=encoder.layer.11.output.dense.bias]
Loading weights:  99%|#########8| 197/199 [00:00<00:00, 625.17it/s, Materializing param=encoder.layer.11.output.dense.weight]
Loading weights:  99%|#########8| 197/199 [00:00<00:00, 625.17it/s, Materializing param=encoder.layer.11.output.dense.weight]
Loading weights:  99%|#########9| 198/199 [00:00<00:00, 625.17it/s, Materializing param=pooler.dense.bias]                   
Loading weights:  99%|#########9| 198/199 [00:00<00:00, 625.17it/s, Materializing param=pooler.dense.bias]
Loading weights: 100%|##########| 199/199 [00:00<00:00, 625.17it/s, Materializing param=pooler.dense.weight]
Loading weights: 100%|##########| 199/199 [00:00<00:00, 625.17it/s, Materializing param=pooler.dense.weight]
Loading weights: 100%|##########| 199/199 [00:00<00:00, 688.07it/s, Materializing param=pooler.dense.weight]
BertModel LOAD REPORT from: sentence-transformers/paraphrase-multilingual-MiniLM-L12-v2
Key                     | Status     |  | 
------------------------+------------+--+-
embeddings.position_ids | UNEXPECTED |  | 

Notes:
- UNEXPECTED	:can be ignored when loading from different task/architecture; not ok if you expect identical arch.

Loading weights:   0%|          | 0/199 [00:00<?, ?it/s]
Loading weights:   1%|          | 1/199 [00:00<00:00, 5029.14it/s, Materializing param=embeddings.LayerNorm.bias]
Loading weights:   1%|          | 1/199 [00:00<00:00, 1199.40it/s, Materializing param=embeddings.LayerNorm.bias]
Loading weights:   1%|          | 2/199 [00:00<00:00, 935.60it/s, Materializing param=embeddings.LayerNorm.weight]
Loading weights:   1%|          | 2/199 [00:00<00:00, 626.44it/s, Materializing param=embeddings.LayerNorm.weight]
Loading weights:   2%|▏         | 3/199 [00:00<00:00, 688.42it/s, Materializing param=embeddings.position_embeddings.weight]
Loading weights:   2%|▏         | 3/199 [00:00<00:00, 568.74it/s, Materializing param=embeddings.position_embeddings.weight]
Loading weights:   2%|▏         | 4/199 [00:00<00:00, 668.60it/s, Materializing param=embeddings.token_type_embeddings.weight]
Loading weights:   2%|▏         | 4/199 [00:00<00:00, 612.40it/s, Materializing param=embeddings.token_type_embeddings.weight]
Loading weights:   3%|▎         | 5/199 [00:00<00:00, 637.65it/s, Materializing param=embeddings.word_embeddings.weight]      
Loading weights:   3%|▎         | 5/199 [00:00<00:00, 610.68it/s, Materializing param=embeddings.word_embeddings.weight]
Loading weights:   3%|▎         | 6/199 [00:00<00:00, 679.44it/s, Materializing param=encoder.layer.0.attention.output.LayerNorm.bias]
Loading weights:   3%|▎         | 6/199 [00:00<00:00, 641.33it/s, Materializing param=encoder.layer.0.attention.output.LayerNorm.bias]
Loading weights:   4%|▎         | 7/199 [00:00<00:00, 637.03it/s, Materializing param=encoder.layer.0.attention.output.LayerNorm.weight]
Loading weights:   4%|▎         | 7/199 [00:00<00:00, 616.85it/s, Materializing param=encoder.layer.0.attention.output.LayerNorm.weight]
Loading weights:   4%|▍         | 8/199 [00:00<00:00, 671.37it/s, Materializing param=encoder.layer.0.attention.output.dense.bias]      
Loading weights:   4%|▍         | 8/199 [00:00<00:00, 654.13it/s, Materializing param=encoder.layer.0.attention.output.dense.bias]
Loading weights:   5%|▍         | 9/199 [00:00<00:00, 649.40it/s, Materializing param=encoder.layer.0.attention.output.dense.weight]
Loading weights:   5%|▍         | 9/199 [00:00<00:00, 621.66it/s, Materializing param=encoder.layer.0.attention.output.dense.weight]
Loading weights:   5%|▌         | 10/199 [00:00<00:00, 631.07it/s, Materializing param=encoder.layer.0.attention.self.key.bias]     
Loading weights:   5%|▌         | 10/199 [00:00<00:00, 591.62it/s, Materializing param=encoder.layer.0.attention.self.key.bias]
Loading weights:   6%|▌         | 11/199 [00:00<00:00, 608.57it/s, Materializing param=encoder.layer.0.attention.self.key.weight]
Loading weights:   6%|▌         | 11/199 [00:00<00:00, 587.36it/s, Materializing param=encoder.layer.0.attention.self.key.weight]
Loading weights:   6%|▌         | 12/199 [00:00<00:00, 604.93it/s, Materializing param=encoder.layer.0.attention.self.query.bias]
Loading weights:   6%|▌         | 12/199 [00:00<00:00, 587.49it/s, Materializing param=encoder.layer.0.attention.self.query.bias]
Loading weights:   7%|▋         | 13/199 [00:00<00:00, 589.11it/s, Materializing param=encoder.layer.0.attention.self.query.weight]
Loading weights:   7%|▋         | 13/199 [00:00<00:00, 569.05it/s, Materializing param=encoder.layer.0.attention.self.query.weight]
Loading weights:   7%|▋         | 14/199 [00:00<00:00, 593.09it/s, Materializing param=encoder.layer.0.attention.self.value.bias]  
Loading weights:   7%|▋         | 14/199 [00:00<00:00, 585.34it/s, Materializing param=encoder.layer.0.attention.self.value.bias]
Loading weights:   8%|▊         | 15/199 [00:00<00:00, 604.81it/s, Materializing param=encoder.layer.0.attention.self.value.weight]
Loading weights:   8%|▊         | 15/199 [00:00<00:00, 584.37it/s, Materializing param=encoder.layer.0.attention.self.value.weight]
Loading weights:   8%|▊         | 16/199 [00:00<00:00, 589.71it/s, Materializing param=encoder.layer.0.intermediate.dense.bias]    
Loading weights:   8%|▊         | 16/199 [00:00<00:00, 582.15it/s, Materializing param=encoder.layer.0.intermediate.dense.bias]
Loading weights:   9%|▊         | 17/199 [00:00<00:00, 592.89it/s, Materializing param=encoder.layer.0.intermediate.dense.weight]
Loading weights:   9%|▊         | 17/199 [00:00<00:00, 559.22it/s, Materializing param=encoder.layer.0.intermediate.dense.weight]
Loading weights:   9%|▉         | 18/199 [00:00<00:00, 565.98it/s, Materializing param=encoder.layer.0.output.LayerNorm.bias]    
Loading weights:   9%|▉         | 18/199 [00:00<00:00, 559.82it/s, Materializing param=encoder.layer.0.output.LayerNorm.bias]
Loading weights:  10%|▉         | 19/199 [00:00<00:00, 580.41it/s, Materializing param=encoder.layer.0.output.LayerNorm.weight]
Loading weights:  10%|▉         | 19/199 [00:00<00:00, 572.89it/s, Materializing param=encoder.layer.0.output.LayerNorm.weight]
Loading weights:  10%|█         | 20/199 [00:00<00:00, 577.95it/s, Materializing param=encoder.layer.0.output.dense.bias]      
Loading weights:  10%|█         | 20/199 [00:00<00:00, 566.32it/s, Materializing param=encoder.layer.0.output.dense.bias]
Loading weights:  11%|█         | 21/199 [00:00<00:00, 579.55it/s, Materializing param=encoder.layer.0.output.dense.weight]
Loading weights:  11%|█         | 21/199 [00:00<00:00, 574.31it/s, Materializing param=encoder.layer.0.output.dense.weight]
Loading weights:  11%|█         | 22/199 [00:00<00:00, 578.32it/s, Materializing param=encoder.layer.1.attention.output.LayerNorm.bias]
Loading weights:  11%|█         | 22/199 [00:00<00:00, 566.46it/s, Materializing param=encoder.layer.1.attention.output.LayerNorm.bias]
Loading weights:  12%|█▏        | 23/199 [00:00<00:00, 580.41it/s, Materializing param=encoder.layer.1.attention.output.LayerNorm.weight]
Loading weights:  12%|█▏        | 23/199 [00:00<00:00, 575.15it/s, Materializing param=encoder.layer.1.attention.output.LayerNorm.weight]
Loading weights:  12%|█▏        | 24/199 [00:00<00:00, 591.27it/s, Materializing param=encoder.layer.1.attention.output.dense.bias]      
Loading weights:  12%|█▏        | 24/199 [00:00<00:00, 586.99it/s, Materializing param=encoder.layer.1.attention.output.dense.bias]
Loading weights:  13%|█▎        | 25/199 [00:00<00:00, 601.79it/s, Materializing param=encoder.layer.1.attention.output.dense.weight]
Loading weights:  13%|█▎        | 25/199 [00:00<00:00, 595.79it/s, Materializing param=encoder.layer.1.attention.output.dense.weight]
Loading weights:  13%|█▎        | 26/199 [00:00<00:00, 589.28it/s, Materializing param=encoder.layer.1.attention.self.key.bias]      
Loading weights:  13%|█▎        | 26/199 [00:00<00:00, 584.96it/s, Materializing param=encoder.layer.1.attention.self.key.bias]
Loading weights:  14%|█▎        | 27/199 [00:00<00:00, 600.50it/s, Materializing param=encoder.layer.1.attention.self.key.weight]
Loading weights:  14%|█▎        | 27/199 [00:00<00:00, 596.92it/s, Materializing param=encoder.layer.1.attention.self.key.weight]
Loading weights:  14%|█▍        | 28/199 [00:00<00:00, 610.31it/s, Materializing param=encoder.layer.1.attention.self.query.bias]
Loading weights:  14%|█▍        | 28/199 [00:00<00:00, 604.17it/s, Materializing param=encoder.layer.1.attention.self.query.bias]
Loading weights:  15%|█▍        | 29/199 [00:00<00:00, 599.50it/s, Materializing param=encoder.layer.1.attention.self.query.weight]
Loading weights:  15%|█▍        | 29/199 [00:00<00:00, 594.06it/s, Materializing param=encoder.layer.1.attention.self.query.weight]
Loading weights:  15%|█▌        | 30/199 [00:00<00:00, 607.07it/s, Materializing param=encoder.layer.1.attention.self.value.bias]  
Loading weights:  15%|█▌        | 30/199 [00:00<00:00, 603.04it/s, Materializing param=encoder.layer.1.attention.self.value.bias]
Loading weights:  16%|█▌        | 31/199 [00:00<00:00, 613.70it/s, Materializing param=encoder.layer.1.attention.self.value.weight]
Loading weights:  16%|█▌        | 31/199 [00:00<00:00, 607.36it/s, Materializing param=encoder.layer.1.attention.self.value.weight]
Loading weights:  16%|█▌        | 32/199 [00:00<00:00, 617.27it/s, Materializing param=encoder.layer.1.intermediate.dense.bias]    
Loading weights:  16%|█▌        | 32/199 [00:00<00:00, 613.12it/s, Materializing param=encoder.layer.1.intermediate.dense.bias]
Loading weights:  17%|█▋        | 33/199 [00:00<00:00, 616.50it/s, Materializing param=encoder.layer.1.intermediate.dense.weight]
Loading weights:  17%|█▋        | 33/199 [00:00<00:00, 611.98it/s, Materializing param=encoder.layer.1.intermediate.dense.weight]
Loading weights:  17%|█▋        | 34/199 [00:00<00:00, 617.87it/s, Materializing param=encoder.layer.1.output.LayerNorm.bias]    
Loading weights:  17%|█▋        | 34/199 [00:00<00:00, 610.07it/s, Materializing param=encoder.layer.1.output.LayerNorm.bias]
Loading weights:  18%|█▊        | 35/199 [00:00<00:00, 613.12it/s, Materializing param=encoder.layer.1.output.LayerNorm.weight]
Loading weights:  18%|█▊        | 35/199 [00:00<00:00, 609.56it/s, Materializing param=encoder.layer.1.output.LayerNorm.weight]
Loading weights:  18%|█▊        | 36/199 [00:00<00:00, 619.91it/s, Materializing param=encoder.layer.1.output.dense.bias]      
Loading weights:  18%|█▊        | 36/199 [00:00<00:00, 611.13it/s, Materializing param=encoder.layer.1.output.dense.bias]
Loading weights:  19%|█▊        | 37/199 [00:00<00:00, 608.63it/s, Materializing param=encoder.layer.1.output.dense.weight]
Loading weights:  19%|█▊        | 37/199 [00:00<00:00, 605.51it/s, Materializing param=encoder.layer.1.output.dense.weight]
Loading weights:  19%|█▉        | 38/199 [00:00<00:00, 611.49it/s, Materializing param=encoder.layer.2.attention.output.LayerNorm.bias]
Loading weights:  19%|█▉        | 38/199 [00:00<00:00, 607.20it/s, Materializing param=encoder.layer.2.attention.output.LayerNorm.bias]
Loading weights:  20%|█▉        | 39/199 [00:00<00:00, 615.67it/s, Materializing param=encoder.layer.2.attention.output.LayerNorm.weight]
Loading weights:  20%|█▉        | 39/199 [00:00<00:00, 606.69it/s, Materializing param=encoder.layer.2.attention.output.LayerNorm.weight]
Loading weights:  20%|██        | 40/199 [00:00<00:00, 611.23it/s, Materializing param=encoder.layer.2.attention.output.dense.bias]      
Loading weights:  20%|██        | 40/199 [00:00<00:00, 607.57it/s, Materializing param=encoder.layer.2.attention.output.dense.bias]
Loading weights:  21%|██        | 41/199 [00:00<00:00, 616.64it/s, Materializing param=encoder.layer.2.attention.output.dense.weight]
Loading weights:  21%|██        | 41/199 [00:00<00:00, 610.50it/s, Materializing param=encoder.layer.2.attention.output.dense.weight]
Loading weights:  21%|██        | 42/199 [00:00<00:00, 609.18it/s, Materializing param=encoder.layer.2.attention.self.key.bias]      
Loading weights:  21%|██        | 42/199 [00:00<00:00, 605.12it/s, Materializing param=encoder.layer.2.attention.self.key.bias]
Loading weights:  22%|██▏       | 43/199 [00:00<00:00, 613.09it/s, Materializing param=encoder.layer.2.attention.self.key.weight]
Loading weights:  22%|██▏       | 43/199 [00:00<00:00, 607.81it/s, Materializing param=encoder.layer.2.attention.self.key.weight]
Loading weights:  22%|██▏       | 44/199 [00:00<00:00, 610.38it/s, Materializing param=encoder.layer.2.attention.self.query.bias]
Loading weights:  22%|██▏       | 44/199 [00:00<00:00, 606.98it/s, Materializing param=encoder.layer.2.attention.self.query.bias]
Loading weights:  23%|██▎       | 45/199 [00:00<00:00, 615.61it/s, Materializing param=encoder.layer.2.attention.self.query.weight]
Loading weights:  23%|██▎       | 45/199 [00:00<00:00, 613.17it/s, Materializing param=encoder.layer.2.attention.self.query.weight]
Loading weights:  23%|██▎       | 46/199 [00:00<00:00, 620.74it/s, Materializing param=encoder.layer.2.attention.self.value.bias]  
Loading weights:  23%|██▎       | 46/199 [00:00<00:00, 611.73it/s, Materializing param=encoder.layer.2.attention.self.value.bias]
Loading weights:  24%|██▎       | 47/199 [00:00<00:00, 612.94it/s, Materializing param=encoder.layer.2.attention.self.value.weight]
Loading weights:  24%|██▎       | 47/199 [00:00<00:00, 607.39it/s, Materializing param=encoder.layer.2.attention.self.value.weight]
Loading weights:  24%|██▍       | 48/199 [00:00<00:00, 608.62it/s, Materializing param=encoder.layer.2.intermediate.dense.bias]    
Loading weights:  24%|██▍       | 48/199 [00:00<00:00, 593.29it/s, Materializing param=encoder.layer.2.intermediate.dense.bias]
Loading weights:  25%|██▍       | 49/199 [00:00<00:00, 600.19it/s, Materializing param=encoder.layer.2.intermediate.dense.weight]
Loading weights:  25%|██▍       | 49/199 [00:00<00:00, 597.80it/s, Materializing param=encoder.layer.2.intermediate.dense.weight]
Loading weights:  25%|██▌       | 50/199 [00:00<00:00, 594.85it/s, Materializing param=encoder.layer.2.output.LayerNorm.bias]    
Loading weights:  25%|██▌       | 50/199 [00:00<00:00, 574.57it/s, Materializing param=encoder.layer.2.output.LayerNorm.bias]
Loading weights:  26%|██▌       | 51/199 [00:00<00:00, 569.82it/s, Materializing param=encoder.layer.2.output.LayerNorm.weight]
Loading weights:  26%|██▌       | 51/199 [00:00<00:00, 563.16it/s, Materializing param=encoder.layer.2.output.LayerNorm.weight]
Loading weights:  26%|██▌       | 52/199 [00:00<00:00, 562.55it/s, Materializing param=encoder.layer.2.output.dense.bias]      
Loading weights:  26%|██▌       | 52/199 [00:00<00:00, 559.36it/s, Materializing param=encoder.layer.2.output.dense.bias]
Loading weights:  27%|██▋       | 53/199 [00:00<00:00, 560.58it/s, Materializing param=encoder.layer.2.output.dense.weight]
Loading weights:  27%|██▋       | 53/199 [00:00<00:00, 552.92it/s, Materializing param=encoder.layer.2.output.dense.weight]
Loading weights:  27%|██▋       | 54/199 [00:00<00:00, 555.53it/s, Materializing param=encoder.layer.3.attention.output.LayerNorm.bias]
Loading weights:  27%|██▋       | 54/199 [00:00<00:00, 544.65it/s, Materializing param=encoder.layer.3.attention.output.LayerNorm.bias]
Loading weights:  28%|██▊       | 55/199 [00:00<00:00, 539.64it/s, Materializing param=encoder.layer.3.attention.output.LayerNorm.bias]
Loading weights:  28%|██▊       | 55/199 [00:00<00:00, 539.64it/s, Materializing param=encoder.layer.3.attention.output.LayerNorm.weight]
Loading weights:  28%|██▊       | 55/199 [00:00<00:00, 539.64it/s, Materializing param=encoder.layer.3.attention.output.LayerNorm.weight]
Loading weights:  28%|██▊       | 56/199 [00:00<00:00, 539.64it/s, Materializing param=encoder.layer.3.attention.output.dense.bias]      
Loading weights:  28%|██▊       | 56/199 [00:00<00:00, 539.64it/s, Materializing param=encoder.layer.3.attention.output.dense.bias]
Loading weights:  29%|██▊       | 57/199 [00:00<00:00, 539.64it/s, Materializing param=encoder.layer.3.attention.output.dense.weight]
Loading weights:  29%|██▊       | 57/199 [00:00<00:00, 539.64it/s, Materializing param=encoder.layer.3.attention.output.dense.weight]
Loading weights:  29%|██▉       | 58/199 [00:00<00:00, 539.64it/s, Materializing param=encoder.layer.3.attention.self.key.bias]      
Loading weights:  29%|██▉       | 58/199 [00:00<00:00, 539.64it/s, Materializing param=encoder.layer.3.attention.self.key.bias]
Loading weights:  30%|██▉       | 59/199 [00:00<00:00, 539.64it/s, Materializing param=encoder.layer.3.attention.self.key.weight]
Loading weights:  30%|██▉       | 59/199 [00:00<00:00, 539.64it/s, Materializing param=encoder.layer.3.attention.self.key.weight]
Loading weights:  30%|███       | 60/199 [00:00<00:00, 539.64it/s, Materializing param=encoder.layer.3.attention.self.query.bias]
Loading weights:  30%|███       | 60/199 [00:00<00:00, 539.64it/s, Materializing param=encoder.layer.3.attention.self.query.bias]
Loading weights:  31%|███       | 61/199 [00:00<00:00, 539.64it/s, Materializing param=encoder.layer.3.attention.self.query.weight]
Loading weights:  31%|███       | 61/199 [00:00<00:00, 539.64it/s, Materializing param=encoder.layer.3.attention.self.query.weight]
Loading weights:  31%|███       | 62/199 [00:00<00:00, 539.64it/s, Materializing param=encoder.layer.3.attention.self.value.bias]  
Loading weights:  31%|███       | 62/199 [00:00<00:00, 539.64it/s, Materializing param=encoder.layer.3.attention.self.value.bias]
Loading weights:  32%|███▏      | 63/199 [00:00<00:00, 539.64it/s, Materializing param=encoder.layer.3.attention.self.value.weight]
Loading weights:  32%|███▏      | 63/199 [00:00<00:00, 539.64it/s, Materializing param=encoder.layer.3.attention.self.value.weight]
Loading weights:  32%|███▏      | 64/199 [00:00<00:00, 539.64it/s, Materializing param=encoder.layer.3.intermediate.dense.bias]    
Loading weights:  32%|███▏      | 64/199 [00:00<00:00, 539.64it/s, Materializing param=encoder.layer.3.intermediate.dense.bias]
Loading weights:  33%|███▎      | 65/199 [00:00<00:00, 539.64it/s, Materializing param=encoder.layer.3.intermediate.dense.weight]
Loading weights:  33%|███▎      | 65/199 [00:00<00:00, 539.64it/s, Materializing param=encoder.layer.3.intermediate.dense.weight]
Loading weights:  33%|███▎      | 66/199 [00:00<00:00, 539.64it/s, Materializing param=encoder.layer.3.output.LayerNorm.bias]    
Loading weights:  33%|███▎      | 66/199 [00:00<00:00, 539.64it/s, Materializing param=encoder.layer.3.output.LayerNorm.bias]
Loading weights:  34%|███▎      | 67/199 [00:00<00:00, 539.64it/s, Materializing param=encoder.layer.3.output.LayerNorm.weight]
Loading weights:  34%|███▎      | 67/199 [00:00<00:00, 539.64it/s, Materializing param=encoder.layer.3.output.LayerNorm.weight]
Loading weights:  34%|███▍      | 68/199 [00:00<00:00, 539.64it/s, Materializing param=encoder.layer.3.output.dense.bias]      
Loading weights:  34%|███▍      | 68/199 [00:00<00:00, 539.64it/s, Materializing param=encoder.layer.3.output.dense.bias]
Loading weights:  35%|███▍      | 69/199 [00:00<00:00, 539.64it/s, Materializing param=encoder.layer.3.output.dense.weight]
Loading weights:  35%|███▍      | 69/199 [00:00<00:00, 539.64it/s, Materializing param=encoder.layer.3.output.dense.weight]
Loading weights:  35%|███▌      | 70/199 [00:00<00:00, 539.64it/s, Materializing param=encoder.layer.4.attention.output.LayerNorm.bias]
Loading weights:  35%|███▌      | 70/199 [00:00<00:00, 539.64it/s, Materializing param=encoder.layer.4.attention.output.LayerNorm.bias]
Loading weights:  36%|███▌      | 71/199 [00:00<00:00, 539.64it/s, Materializing param=encoder.layer.4.attention.output.LayerNorm.weight]
Loading weights:  36%|███▌      | 71/199 [00:00<00:00, 539.64it/s, Materializing param=encoder.layer.4.attention.output.LayerNorm.weight]
Loading weights:  36%|███▌      | 72/199 [00:00<00:00, 539.64it/s, Materializing param=encoder.layer.4.attention.output.dense.bias]      
Loading weights:  36%|███▌      | 72/199 [00:00<00:00, 539.64it/s, Materializing param=encoder.layer.4.attention.output.dense.bias]
Loading weights:  37%|███▋      | 73/199 [00:00<00:00, 539.64it/s, Materializing param=encoder.layer.4.attention.output.dense.weight]
Loading weights:  37%|███▋      | 73/199 [00:00<00:00, 539.64it/s, Materializing param=encoder.layer.4.attention.output.dense.weight]
Loading weights:  37%|███▋      | 74/199 [00:00<00:00, 539.64it/s, Materializing param=encoder.layer.4.attention.self.key.bias]      
Loading weights:  37%|███▋      | 74/199 [00:00<00:00, 539.64it/s, Materializing param=encoder.layer.4.attention.self.key.bias]
Loading weights:  38%|███▊      | 75/199 [00:00<00:00, 539.64it/s, Materializing param=encoder.layer.4.attention.self.key.weight]
Loading weights:  38%|███▊      | 75/199 [00:00<00:00, 539.64it/s, Materializing param=encoder.layer.4.attention.self.key.weight]
Loading weights:  38%|███▊      | 76/199 [00:00<00:00, 539.64it/s, Materializing param=encoder.layer.4.attention.self.query.bias]
Loading weights:  38%|███▊      | 76/199 [00:00<00:00, 539.64it/s, Materializing param=encoder.layer.4.attention.self.query.bias]
Loading weights:  39%|███▊      | 77/199 [00:00<00:00, 539.64it/s, Materializing param=encoder.layer.4.attention.self.query.weight]
Loading weights:  39%|███▊      | 77/199 [00:00<00:00, 539.64it/s, Materializing param=encoder.layer.4.attention.self.query.weight]
Loading weights:  39%|███▉      | 78/199 [00:00<00:00, 539.64it/s, Materializing param=encoder.layer.4.attention.self.value.bias]  
Loading weights:  39%|███▉      | 78/199 [00:00<00:00, 539.64it/s, Materializing param=encoder.layer.4.attention.self.value.bias]
Loading weights:  40%|███▉      | 79/199 [00:00<00:00, 539.64it/s, Materializing param=encoder.layer.4.attention.self.value.weight]
Loading weights:  40%|███▉      | 79/199 [00:00<00:00, 539.64it/s, Materializing param=encoder.layer.4.attention.self.value.weight]
Loading weights:  40%|████      | 80/199 [00:00<00:00, 539.64it/s, Materializing param=encoder.layer.4.intermediate.dense.bias]    
Loading weights:  40%|████      | 80/199 [00:00<00:00, 539.64it/s, Materializing param=encoder.layer.4.intermediate.dense.bias]
Loading weights:  41%|████      | 81/199 [00:00<00:00, 539.64it/s, Materializing param=encoder.layer.4.intermediate.dense.weight]
Loading weights:  41%|████      | 81/199 [00:00<00:00, 539.64it/s, Materializing param=encoder.layer.4.intermediate.dense.weight]
Loading weights:  41%|████      | 82/199 [00:00<00:00, 539.64it/s, Materializing param=encoder.layer.4.output.LayerNorm.bias]    
Loading weights:  41%|████      | 82/199 [00:00<00:00, 539.64it/s, Materializing param=encoder.layer.4.output.LayerNorm.bias]
Loading weights:  42%|████▏     | 83/199 [00:00<00:00, 539.64it/s, Materializing param=encoder.layer.4.output.LayerNorm.weight]
Loading weights:  42%|████▏     | 83/199 [00:00<00:00, 539.64it/s, Materializing param=encoder.layer.4.output.LayerNorm.weight]
Loading weights:  42%|████▏     | 84/199 [00:00<00:00, 539.64it/s, Materializing param=encoder.layer.4.output.dense.bias]      
Loading weights:  42%|████▏     | 84/199 [00:00<00:00, 539.64it/s, Materializing param=encoder.layer.4.output.dense.bias]
Loading weights:  43%|████▎     | 85/199 [00:00<00:00, 539.64it/s, Materializing param=encoder.layer.4.output.dense.weight]
Loading weights:  43%|████▎     | 85/199 [00:00<00:00, 539.64it/s, Materializing param=encoder.layer.4.output.dense.weight]
Loading weights:  43%|████▎     | 86/199 [00:00<00:00, 539.64it/s, Materializing param=encoder.layer.5.attention.output.LayerNorm.bias]
Loading weights:  43%|████▎     | 86/199 [00:00<00:00, 539.64it/s, Materializing param=encoder.layer.5.attention.output.LayerNorm.bias]
Loading weights:  44%|████▎     | 87/199 [00:00<00:00, 539.64it/s, Materializing param=encoder.layer.5.attention.output.LayerNorm.weight]
Loading weights:  44%|████▎     | 87/199 [00:00<00:00, 539.64it/s, Materializing param=encoder.layer.5.attention.output.LayerNorm.weight]
Loading weights:  44%|████▍     | 88/199 [00:00<00:00, 539.64it/s, Materializing param=encoder.layer.5.attention.output.dense.bias]      
Loading weights:  44%|████▍     | 88/199 [00:00<00:00, 539.64it/s, Materializing param=encoder.layer.5.attention.output.dense.bias]
Loading weights:  45%|████▍     | 89/199 [00:00<00:00, 539.64it/s, Materializing param=encoder.layer.5.attention.output.dense.weight]
Loading weights:  45%|████▍     | 89/199 [00:00<00:00, 539.64it/s, Materializing param=encoder.layer.5.attention.output.dense.weight]
Loading weights:  45%|████▌     | 90/199 [00:00<00:00, 539.64it/s, Materializing param=encoder.layer.5.attention.self.key.bias]      
Loading weights:  45%|████▌     | 90/199 [00:00<00:00, 539.64it/s, Materializing param=encoder.layer.5.attention.self.key.bias]
Loading weights:  46%|████▌     | 91/199 [00:00<00:00, 539.64it/s, Materializing param=encoder.layer.5.attention.self.key.weight]
Loading weights:  46%|████▌     | 91/199 [00:00<00:00, 539.64it/s, Materializing param=encoder.layer.5.attention.self.key.weight]
Loading weights:  46%|████▌     | 92/199 [00:00<00:00, 539.64it/s, Materializing param=encoder.layer.5.attention.self.query.bias]
Loading weights:  46%|████▌     | 92/199 [00:00<00:00, 539.64it/s, Materializing param=encoder.layer.5.attention.self.query.bias]
Loading weights:  47%|████▋     | 93/199 [00:00<00:00, 539.64it/s, Materializing param=encoder.layer.5.attention.self.query.weight]
Loading weights:  47%|████▋     | 93/199 [00:00<00:00, 539.64it/s, Materializing param=encoder.layer.5.attention.self.query.weight]
Loading weights:  47%|████▋     | 94/199 [00:00<00:00, 539.64it/s, Materializing param=encoder.layer.5.attention.self.value.bias]  
Loading weights:  47%|████▋     | 94/199 [00:00<00:00, 539.64it/s, Materializing param=encoder.layer.5.attention.self.value.bias]
Loading weights:  48%|████▊     | 95/199 [00:00<00:00, 539.64it/s, Materializing param=encoder.layer.5.attention.self.value.weight]
Loading weights:  48%|████▊     | 95/199 [00:00<00:00, 539.64it/s, Materializing param=encoder.layer.5.attention.self.value.weight]
Loading weights:  48%|████▊     | 96/199 [00:00<00:00, 539.64it/s, Materializing param=encoder.layer.5.intermediate.dense.bias]    
Loading weights:  48%|████▊     | 96/199 [00:00<00:00, 539.64it/s, Materializing param=encoder.layer.5.intermediate.dense.bias]
Loading weights:  49%|████▊     | 97/199 [00:00<00:00, 539.64it/s, Materializing param=encoder.layer.5.intermediate.dense.weight]
Loading weights:  49%|████▊     | 97/199 [00:00<00:00, 539.64it/s, Materializing param=encoder.layer.5.intermediate.dense.weight]
Loading weights:  49%|████▉     | 98/199 [00:00<00:00, 539.64it/s, Materializing param=encoder.layer.5.output.LayerNorm.bias]    
Loading weights:  49%|████▉     | 98/199 [00:00<00:00, 539.64it/s, Materializing param=encoder.layer.5.output.LayerNorm.bias]
Loading weights:  50%|████▉     | 99/199 [00:00<00:00, 539.64it/s, Materializing param=encoder.layer.5.output.LayerNorm.weight]
Loading weights:  50%|████▉     | 99/199 [00:00<00:00, 539.64it/s, Materializing param=encoder.layer.5.output.LayerNorm.weight]
Loading weights:  50%|█████     | 100/199 [00:00<00:00, 539.64it/s, Materializing param=encoder.layer.5.output.dense.bias]     
Loading weights:  50%|█████     | 100/199 [00:00<00:00, 539.64it/s, Materializing param=encoder.layer.5.output.dense.bias]
Loading weights:  51%|█████     | 101/199 [00:00<00:00, 539.64it/s, Materializing param=encoder.layer.5.output.dense.weight]
Loading weights:  51%|█████     | 101/199 [00:00<00:00, 539.64it/s, Materializing param=encoder.layer.5.output.dense.weight]
Loading weights:  51%|█████▏    | 102/199 [00:00<00:00, 539.64it/s, Materializing param=encoder.layer.6.attention.output.LayerNorm.bias]
Loading weights:  51%|█████▏    | 102/199 [00:00<00:00, 539.64it/s, Materializing param=encoder.layer.6.attention.output.LayerNorm.bias]
Loading weights:  52%|█████▏    | 103/199 [00:00<00:00, 539.64it/s, Materializing param=encoder.layer.6.attention.output.LayerNorm.weight]
Loading weights:  52%|█████▏    | 103/199 [00:00<00:00, 539.64it/s, Materializing param=encoder.layer.6.attention.output.LayerNorm.weight]
Loading weights:  52%|█████▏    | 104/199 [00:00<00:00, 539.64it/s, Materializing param=encoder.layer.6.attention.output.dense.bias]      
Loading weights:  52%|█████▏    | 104/199 [00:00<00:00, 539.64it/s, Materializing param=encoder.layer.6.attention.output.dense.bias]
Loading weights:  53%|█████▎    | 105/199 [00:00<00:00, 539.64it/s, Materializing param=encoder.layer.6.attention.output.dense.weight]
Loading weights:  53%|█████▎    | 105/199 [00:00<00:00, 539.64it/s, Materializing param=encoder.layer.6.attention.output.dense.weight]
Loading weights:  53%|█████▎    | 106/199 [00:00<00:00, 539.64it/s, Materializing param=encoder.layer.6.attention.self.key.bias]      
Loading weights:  53%|█████▎    | 106/199 [00:00<00:00, 539.64it/s, Materializing param=encoder.layer.6.attention.self.key.bias]
Loading weights:  54%|█████▍    | 107/199 [00:00<00:00, 539.64it/s, Materializing param=encoder.layer.6.attention.self.key.weight]
Loading weights:  54%|█████▍    | 107/199 [00:00<00:00, 539.64it/s, Materializing param=encoder.layer.6.attention.self.key.weight]
Loading weights:  54%|█████▍    | 108/199 [00:00<00:00, 539.64it/s, Materializing param=encoder.layer.6.attention.self.query.bias]
Loading weights:  54%|█████▍    | 108/199 [00:00<00:00, 539.64it/s, Materializing param=encoder.layer.6.attention.self.query.bias]
Loading weights:  55%|█████▍    | 109/199 [00:00<00:00, 420.67it/s, Materializing param=encoder.layer.6.attention.self.query.bias]
Loading weights:  55%|█████▍    | 109/199 [00:00<00:00, 420.67it/s, Materializing param=encoder.layer.6.attention.self.query.weight]
Loading weights:  55%|█████▍    | 109/199 [00:00<00:00, 420.67it/s, Materializing param=encoder.layer.6.attention.self.query.weight]
Loading weights:  55%|█████▌    | 110/199 [00:00<00:00, 420.67it/s, Materializing param=encoder.layer.6.attention.self.value.bias]  
Loading weights:  55%|█████▌    | 110/199 [00:00<00:00, 420.67it/s, Materializing param=encoder.layer.6.attention.self.value.bias]
Loading weights:  56%|█████▌    | 111/199 [00:00<00:00, 420.67it/s, Materializing param=encoder.layer.6.attention.self.value.weight]
Loading weights:  56%|█████▌    | 111/199 [00:00<00:00, 420.67it/s, Materializing param=encoder.layer.6.attention.self.value.weight]
Loading weights:  56%|█████▋    | 112/199 [00:00<00:00, 420.67it/s, Materializing param=encoder.layer.6.intermediate.dense.bias]    
Loading weights:  56%|█████▋    | 112/199 [00:00<00:00, 420.67it/s, Materializing param=encoder.layer.6.intermediate.dense.bias]
Loading weights:  57%|█████▋    | 113/199 [00:00<00:00, 420.67it/s, Materializing param=encoder.layer.6.intermediate.dense.weight]
Loading weights:  57%|█████▋    | 113/199 [00:00<00:00, 420.67it/s, Materializing param=encoder.layer.6.intermediate.dense.weight]
Loading weights:  57%|█████▋    | 114/199 [00:00<00:00, 420.67it/s, Materializing param=encoder.layer.6.output.LayerNorm.bias]    
Loading weights:  57%|█████▋    | 114/199 [00:00<00:00, 420.67it/s, Materializing param=encoder.layer.6.output.LayerNorm.bias]
Loading weights:  58%|█████▊    | 115/199 [00:00<00:00, 420.67it/s, Materializing param=encoder.layer.6.output.LayerNorm.weight]
Loading weights:  58%|█████▊    | 115/199 [00:00<00:00, 420.67it/s, Materializing param=encoder.layer.6.output.LayerNorm.weight]
Loading weights:  58%|█████▊    | 116/199 [00:00<00:00, 420.67it/s, Materializing param=encoder.layer.6.output.dense.bias]      
Loading weights:  58%|█████▊    | 116/199 [00:00<00:00, 420.67it/s, Materializing param=encoder.layer.6.output.dense.bias]
Loading weights:  59%|█████▉    | 117/199 [00:00<00:00, 420.67it/s, Materializing param=encoder.layer.6.output.dense.weight]
Loading weights:  59%|█████▉    | 117/199 [00:00<00:00, 420.67it/s, Materializing param=encoder.layer.6.output.dense.weight]
Loading weights:  59%|█████▉    | 118/199 [00:00<00:00, 420.67it/s, Materializing param=encoder.layer.7.attention.output.LayerNorm.bias]
Loading weights:  59%|█████▉    | 118/199 [00:00<00:00, 420.67it/s, Materializing param=encoder.layer.7.attention.output.LayerNorm.bias]
Loading weights:  60%|█████▉    | 119/199 [00:00<00:00, 420.67it/s, Materializing param=encoder.layer.7.attention.output.LayerNorm.weight]
Loading weights:  60%|█████▉    | 119/199 [00:00<00:00, 420.67it/s, Materializing param=encoder.layer.7.attention.output.LayerNorm.weight]
Loading weights:  60%|██████    | 120/199 [00:00<00:00, 420.67it/s, Materializing param=encoder.layer.7.attention.output.dense.bias]      
Loading weights:  60%|██████    | 120/199 [00:00<00:00, 420.67it/s, Materializing param=encoder.layer.7.attention.output.dense.bias]
Loading weights:  61%|██████    | 121/199 [00:00<00:00, 420.67it/s, Materializing param=encoder.layer.7.attention.output.dense.weight]
Loading weights:  61%|██████    | 121/199 [00:00<00:00, 420.67it/s, Materializing param=encoder.layer.7.attention.output.dense.weight]
Loading weights:  61%|██████▏   | 122/199 [00:00<00:00, 420.67it/s, Materializing param=encoder.layer.7.attention.self.key.bias]      
Loading weights:  61%|██████▏   | 122/199 [00:00<00:00, 420.67it/s, Materializing param=encoder.layer.7.attention.self.key.bias]
Loading weights:  62%|██████▏   | 123/199 [00:00<00:00, 420.67it/s, Materializing param=encoder.layer.7.attention.self.key.weight]
Loading weights:  62%|██████▏   | 123/199 [00:00<00:00, 420.67it/s, Materializing param=encoder.layer.7.attention.self.key.weight]
Loading weights:  62%|██████▏   | 124/199 [00:00<00:00, 420.67it/s, Materializing param=encoder.layer.7.attention.self.query.bias]
Loading weights:  62%|██████▏   | 124/199 [00:00<00:00, 420.67it/s, Materializing param=encoder.layer.7.attention.self.query.bias]
Loading weights:  63%|██████▎   | 125/199 [00:00<00:00, 420.67it/s, Materializing param=encoder.layer.7.attention.self.query.weight]
Loading weights:  63%|██████▎   | 125/199 [00:00<00:00, 420.67it/s, Materializing param=encoder.layer.7.attention.self.query.weight]
Loading weights:  63%|██████▎   | 126/199 [00:00<00:00, 420.67it/s, Materializing param=encoder.layer.7.attention.self.value.bias]  
Loading weights:  63%|██████▎   | 126/199 [00:00<00:00, 420.67it/s, Materializing param=encoder.layer.7.attention.self.value.bias]
Loading weights:  64%|██████▍   | 127/199 [00:00<00:00, 420.67it/s, Materializing param=encoder.layer.7.attention.self.value.weight]
Loading weights:  64%|██████▍   | 127/199 [00:00<00:00, 420.67it/s, Materializing param=encoder.layer.7.attention.self.value.weight]
Loading weights:  64%|██████▍   | 128/199 [00:00<00:00, 420.67it/s, Materializing param=encoder.layer.7.intermediate.dense.bias]    
Loading weights:  64%|██████▍   | 128/199 [00:00<00:00, 420.67it/s, Materializing param=encoder.layer.7.intermediate.dense.bias]
Loading weights:  65%|██████▍   | 129/199 [00:00<00:00, 420.67it/s, Materializing param=encoder.layer.7.intermediate.dense.weight]
Loading weights:  65%|██████▍   | 129/199 [00:00<00:00, 420.67it/s, Materializing param=encoder.layer.7.intermediate.dense.weight]
Loading weights:  65%|██████▌   | 130/199 [00:00<00:00, 420.67it/s, Materializing param=encoder.layer.7.output.LayerNorm.bias]    
Loading weights:  65%|██████▌   | 130/199 [00:00<00:00, 420.67it/s, Materializing param=encoder.layer.7.output.LayerNorm.bias]
Loading weights:  66%|██████▌   | 131/199 [00:00<00:00, 420.67it/s, Materializing param=encoder.layer.7.output.LayerNorm.weight]
Loading weights:  66%|██████▌   | 131/199 [00:00<00:00, 420.67it/s, Materializing param=encoder.layer.7.output.LayerNorm.weight]
Loading weights:  66%|██████▋   | 132/199 [00:00<00:00, 420.67it/s, Materializing param=encoder.layer.7.output.dense.bias]      
Loading weights:  66%|██████▋   | 132/199 [00:00<00:00, 420.67it/s, Materializing param=encoder.layer.7.output.dense.bias]
Loading weights:  67%|██████▋   | 133/199 [00:00<00:00, 420.67it/s, Materializing param=encoder.layer.7.output.dense.weight]
Loading weights:  67%|██████▋   | 133/199 [00:00<00:00, 420.67it/s, Materializing param=encoder.layer.7.output.dense.weight]
Loading weights:  67%|██████▋   | 134/199 [00:00<00:00, 420.67it/s, Materializing param=encoder.layer.8.attention.output.LayerNorm.bias]
Loading weights:  67%|██████▋   | 134/199 [00:00<00:00, 420.67it/s, Materializing param=encoder.layer.8.attention.output.LayerNorm.bias]
Loading weights:  68%|██████▊   | 135/199 [00:00<00:00, 420.67it/s, Materializing param=encoder.layer.8.attention.output.LayerNorm.weight]
Loading weights:  68%|██████▊   | 135/199 [00:00<00:00, 420.67it/s, Materializing param=encoder.layer.8.attention.output.LayerNorm.weight]
Loading weights:  68%|██████▊   | 136/199 [00:00<00:00, 420.67it/s, Materializing param=encoder.layer.8.attention.output.dense.bias]      
Loading weights:  68%|██████▊   | 136/199 [00:00<00:00, 420.67it/s, Materializing param=encoder.layer.8.attention.output.dense.bias]
Loading weights:  69%|██████▉   | 137/199 [00:00<00:00, 420.67it/s, Materializing param=encoder.layer.8.attention.output.dense.weight]
Loading weights:  69%|██████▉   | 137/199 [00:00<00:00, 420.67it/s, Materializing param=encoder.layer.8.attention.output.dense.weight]
Loading weights:  69%|██████▉   | 138/199 [00:00<00:00, 420.67it/s, Materializing param=encoder.layer.8.attention.self.key.bias]      
Loading weights:  69%|██████▉   | 138/199 [00:00<00:00, 420.67it/s, Materializing param=encoder.layer.8.attention.self.key.bias]
Loading weights:  70%|██████▉   | 139/199 [00:00<00:00, 420.67it/s, Materializing param=encoder.layer.8.attention.self.key.weight]
Loading weights:  70%|██████▉   | 139/199 [00:00<00:00, 420.67it/s, Materializing param=encoder.layer.8.attention.self.key.weight]
Loading weights:  70%|███████   | 140/199 [00:00<00:00, 420.67it/s, Materializing param=encoder.layer.8.attention.self.query.bias]
Loading weights:  70%|███████   | 140/199 [00:00<00:00, 420.67it/s, Materializing param=encoder.layer.8.attention.self.query.bias]
Loading weights:  71%|███████   | 141/199 [00:00<00:00, 420.67it/s, Materializing param=encoder.layer.8.attention.self.query.weight]
Loading weights:  71%|███████   | 141/199 [00:00<00:00, 420.67it/s, Materializing param=encoder.layer.8.attention.self.query.weight]
Loading weights:  71%|███████▏  | 142/199 [00:00<00:00, 420.67it/s, Materializing param=encoder.layer.8.attention.self.value.bias]  
Loading weights:  71%|███████▏  | 142/199 [00:00<00:00, 420.67it/s, Materializing param=encoder.layer.8.attention.self.value.bias]
Loading weights:  72%|███████▏  | 143/199 [00:00<00:00, 420.67it/s, Materializing param=encoder.layer.8.attention.self.value.weight]
Loading weights:  72%|███████▏  | 143/199 [00:00<00:00, 420.67it/s, Materializing param=encoder.layer.8.attention.self.value.weight]
Loading weights:  72%|███████▏  | 144/199 [00:00<00:00, 420.67it/s, Materializing param=encoder.layer.8.intermediate.dense.bias]    
Loading weights:  72%|███████▏  | 144/199 [00:00<00:00, 420.67it/s, Materializing param=encoder.layer.8.intermediate.dense.bias]
Loading weights:  73%|███████▎  | 145/199 [00:00<00:00, 420.67it/s, Materializing param=encoder.layer.8.intermediate.dense.weight]
Loading weights:  73%|███████▎  | 145/199 [00:00<00:00, 420.67it/s, Materializing param=encoder.layer.8.intermediate.dense.weight]
Loading weights:  73%|███████▎  | 146/199 [00:00<00:00, 420.67it/s, Materializing param=encoder.layer.8.output.LayerNorm.bias]    
Loading weights:  73%|███████▎  | 146/199 [00:00<00:00, 420.67it/s, Materializing param=encoder.layer.8.output.LayerNorm.bias]
Loading weights:  74%|███████▍  | 147/199 [00:00<00:00, 420.67it/s, Materializing param=encoder.layer.8.output.LayerNorm.weight]
Loading weights:  74%|███████▍  | 147/199 [00:00<00:00, 420.67it/s, Materializing param=encoder.layer.8.output.LayerNorm.weight]
Loading weights:  74%|███████▍  | 148/199 [00:00<00:00, 420.67it/s, Materializing param=encoder.layer.8.output.dense.bias]      
Loading weights:  74%|███████▍  | 148/199 [00:00<00:00, 420.67it/s, Materializing param=encoder.layer.8.output.dense.bias]
Loading weights:  75%|███████▍  | 149/199 [00:00<00:00, 420.67it/s, Materializing param=encoder.layer.8.output.dense.weight]
Loading weights:  75%|███████▍  | 149/199 [00:00<00:00, 420.67it/s, Materializing param=encoder.layer.8.output.dense.weight]
Loading weights:  75%|███████▌  | 150/199 [00:00<00:00, 420.67it/s, Materializing param=encoder.layer.9.attention.output.LayerNorm.bias]
Loading weights:  75%|███████▌  | 150/199 [00:00<00:00, 420.67it/s, Materializing param=encoder.layer.9.attention.output.LayerNorm.bias]
Loading weights:  76%|███████▌  | 151/199 [00:00<00:00, 420.67it/s, Materializing param=encoder.layer.9.attention.output.LayerNorm.weight]
Loading weights:  76%|███████▌  | 151/199 [00:00<00:00, 420.67it/s, Materializing param=encoder.layer.9.attention.output.LayerNorm.weight]
Loading weights:  76%|███████▋  | 152/199 [00:00<00:00, 420.67it/s, Materializing param=encoder.layer.9.attention.output.dense.bias]      
Loading weights:  76%|███████▋  | 152/199 [00:00<00:00, 420.67it/s, Materializing param=encoder.layer.9.attention.output.dense.bias]
Loading weights:  77%|███████▋  | 153/199 [00:00<00:00, 420.67it/s, Materializing param=encoder.layer.9.attention.output.dense.weight]
Loading weights:  77%|███████▋  | 153/199 [00:00<00:00, 420.67it/s, Materializing param=encoder.layer.9.attention.output.dense.weight]
Loading weights:  77%|███████▋  | 154/199 [00:00<00:00, 420.67it/s, Materializing param=encoder.layer.9.attention.self.key.bias]      
Loading weights:  77%|███████▋  | 154/199 [00:00<00:00, 420.67it/s, Materializing param=encoder.layer.9.attention.self.key.bias]
Loading weights:  78%|███████▊  | 155/199 [00:00<00:00, 420.67it/s, Materializing param=encoder.layer.9.attention.self.key.weight]
Loading weights:  78%|███████▊  | 155/199 [00:00<00:00, 420.67it/s, Materializing param=encoder.layer.9.attention.self.key.weight]
Loading weights:  78%|███████▊  | 156/199 [00:00<00:00, 420.67it/s, Materializing param=encoder.layer.9.attention.self.query.bias]
Loading weights:  78%|███████▊  | 156/199 [00:00<00:00, 420.67it/s, Materializing param=encoder.layer.9.attention.self.query.bias]
Loading weights:  79%|███████▉  | 157/199 [00:00<00:00, 420.67it/s, Materializing param=encoder.layer.9.attention.self.query.weight]
Loading weights:  79%|███████▉  | 157/199 [00:00<00:00, 420.67it/s, Materializing param=encoder.layer.9.attention.self.query.weight]
Loading weights:  79%|███████▉  | 158/199 [00:00<00:00, 420.67it/s, Materializing param=encoder.layer.9.attention.self.value.bias]  
Loading weights:  79%|███████▉  | 158/199 [00:00<00:00, 420.67it/s, Materializing param=encoder.layer.9.attention.self.value.bias]
Loading weights:  80%|███████▉  | 159/199 [00:00<00:00, 420.67it/s, Materializing param=encoder.layer.9.attention.self.value.weight]
Loading weights:  80%|███████▉  | 159/199 [00:00<00:00, 420.67it/s, Materializing param=encoder.layer.9.attention.self.value.weight]
Loading weights:  80%|████████  | 160/199 [00:00<00:00, 420.67it/s, Materializing param=encoder.layer.9.intermediate.dense.bias]    
Loading weights:  80%|████████  | 160/199 [00:00<00:00, 420.67it/s, Materializing param=encoder.layer.9.intermediate.dense.bias]
Loading weights:  81%|████████  | 161/199 [00:00<00:00, 420.67it/s, Materializing param=encoder.layer.9.intermediate.dense.weight]
Loading weights:  81%|████████  | 161/199 [00:00<00:00, 420.67it/s, Materializing param=encoder.layer.9.intermediate.dense.weight]
Loading weights:  81%|████████▏ | 162/199 [00:00<00:00, 420.67it/s, Materializing param=encoder.layer.9.output.LayerNorm.bias]    
Loading weights:  81%|████████▏ | 162/199 [00:00<00:00, 420.67it/s, Materializing param=encoder.layer.9.output.LayerNorm.bias]
Loading weights:  82%|████████▏ | 163/199 [00:00<00:00, 420.67it/s, Materializing param=encoder.layer.9.output.LayerNorm.weight]
Loading weights:  82%|████████▏ | 163/199 [00:00<00:00, 420.67it/s, Materializing param=encoder.layer.9.output.LayerNorm.weight]
Loading weights:  82%|████████▏ | 164/199 [00:00<00:00, 420.67it/s, Materializing param=encoder.layer.9.output.dense.bias]      
Loading weights:  82%|████████▏ | 164/199 [00:00<00:00, 420.67it/s, Materializing param=encoder.layer.9.output.dense.bias]
Loading weights:  83%|████████▎ | 165/199 [00:00<00:00, 420.67it/s, Materializing param=encoder.layer.9.output.dense.weight]
Loading weights:  83%|████████▎ | 165/199 [00:00<00:00, 420.67it/s, Materializing param=encoder.layer.9.output.dense.weight]
Loading weights:  83%|████████▎ | 166/199 [00:00<00:00, 420.67it/s, Materializing param=encoder.layer.10.attention.output.LayerNorm.bias]
Loading weights:  83%|████████▎ | 166/199 [00:00<00:00, 420.67it/s, Materializing param=encoder.layer.10.attention.output.LayerNorm.bias]
Loading weights:  84%|████████▍ | 167/199 [00:00<00:00, 420.67it/s, Materializing param=encoder.layer.10.attention.output.LayerNorm.weight]
Loading weights:  84%|████████▍ | 167/199 [00:00<00:00, 420.67it/s, Materializing param=encoder.layer.10.attention.output.LayerNorm.weight]
Loading weights:  84%|████████▍ | 168/199 [00:00<00:00, 420.67it/s, Materializing param=encoder.layer.10.attention.output.dense.bias]      
Loading weights:  84%|████████▍ | 168/199 [00:00<00:00, 420.67it/s, Materializing param=encoder.layer.10.attention.output.dense.bias]
Loading weights:  85%|████████▍ | 169/199 [00:00<00:00, 420.67it/s, Materializing param=encoder.layer.10.attention.output.dense.weight]
Loading weights:  85%|████████▍ | 169/199 [00:00<00:00, 420.67it/s, Materializing param=encoder.layer.10.attention.output.dense.weight]
Loading weights:  85%|████████▌ | 170/199 [00:00<00:00, 420.67it/s, Materializing param=encoder.layer.10.attention.self.key.bias]      
Loading weights:  85%|████████▌ | 170/199 [00:00<00:00, 420.67it/s, Materializing param=encoder.layer.10.attention.self.key.bias]
Loading weights:  86%|████████▌ | 171/199 [00:00<00:00, 420.67it/s, Materializing param=encoder.layer.10.attention.self.key.weight]
Loading weights:  86%|████████▌ | 171/199 [00:00<00:00, 420.67it/s, Materializing param=encoder.layer.10.attention.self.key.weight]
Loading weights:  86%|████████▋ | 172/199 [00:00<00:00, 420.67it/s, Materializing param=encoder.layer.10.attention.self.query.bias]
Loading weights:  86%|████████▋ | 172/199 [00:00<00:00, 420.67it/s, Materializing param=encoder.layer.10.attention.self.query.bias]
Loading weights:  87%|████████▋ | 173/199 [00:00<00:00, 420.67it/s, Materializing param=encoder.layer.10.attention.self.query.weight]
Loading weights:  87%|████████▋ | 173/199 [00:00<00:00, 420.67it/s, Materializing param=encoder.layer.10.attention.self.query.weight]
Loading weights:  87%|████████▋ | 174/199 [00:00<00:00, 420.67it/s, Materializing param=encoder.layer.10.attention.self.value.bias]  
Loading weights:  87%|████████▋ | 174/199 [00:00<00:00, 420.67it/s, Materializing param=encoder.layer.10.attention.self.value.bias]
Loading weights:  88%|████████▊ | 175/199 [00:00<00:00, 420.67it/s, Materializing param=encoder.layer.10.attention.self.value.weight]
Loading weights:  88%|████████▊ | 175/199 [00:00<00:00, 420.67it/s, Materializing param=encoder.layer.10.attention.self.value.weight]
Loading weights:  88%|████████▊ | 176/199 [00:00<00:00, 420.67it/s, Materializing param=encoder.layer.10.intermediate.dense.bias]    
Loading weights:  88%|████████▊ | 176/199 [00:00<00:00, 420.67it/s, Materializing param=encoder.layer.10.intermediate.dense.bias]
Loading weights:  89%|████████▉ | 177/199 [00:00<00:00, 420.67it/s, Materializing param=encoder.layer.10.intermediate.dense.weight]
Loading weights:  89%|████████▉ | 177/199 [00:00<00:00, 420.67it/s, Materializing param=encoder.layer.10.intermediate.dense.weight]
Loading weights:  89%|████████▉ | 178/199 [00:00<00:00, 420.67it/s, Materializing param=encoder.layer.10.output.LayerNorm.bias]    
Loading weights:  89%|████████▉ | 178/199 [00:00<00:00, 420.67it/s, Materializing param=encoder.layer.10.output.LayerNorm.bias]
Loading weights:  90%|████████▉ | 179/199 [00:00<00:00, 420.67it/s, Materializing param=encoder.layer.10.output.LayerNorm.weight]
Loading weights:  90%|████████▉ | 179/199 [00:00<00:00, 420.67it/s, Materializing param=encoder.layer.10.output.LayerNorm.weight]
Loading weights:  90%|█████████ | 180/199 [00:00<00:00, 420.67it/s, Materializing param=encoder.layer.10.output.dense.bias]      
Loading weights:  90%|█████████ | 180/199 [00:00<00:00, 420.67it/s, Materializing param=encoder.layer.10.output.dense.bias]
Loading weights:  91%|█████████ | 181/199 [00:00<00:00, 420.67it/s, Materializing param=encoder.layer.10.output.dense.weight]
Loading weights:  91%|█████████ | 181/199 [00:00<00:00, 420.67it/s, Materializing param=encoder.layer.10.output.dense.weight]
Loading weights:  91%|█████████▏| 182/199 [00:00<00:00, 420.67it/s, Materializing param=encoder.layer.11.attention.output.LayerNorm.bias]
Loading weights:  91%|█████████▏| 182/199 [00:00<00:00, 420.67it/s, Materializing param=encoder.layer.11.attention.output.LayerNorm.bias]
Loading weights:  92%|█████████▏| 183/199 [00:00<00:00, 420.67it/s, Materializing param=encoder.layer.11.attention.output.LayerNorm.weight]
Loading weights:  92%|█████████▏| 183/199 [00:00<00:00, 420.67it/s, Materializing param=encoder.layer.11.attention.output.LayerNorm.weight]
Loading weights:  92%|█████████▏| 184/199 [00:00<00:00, 420.67it/s, Materializing param=encoder.layer.11.attention.output.dense.bias]      
Loading weights:  92%|█████████▏| 184/199 [00:00<00:00, 420.67it/s, Materializing param=encoder.layer.11.attention.output.dense.bias]
Loading weights:  93%|█████████▎| 185/199 [00:00<00:00, 420.67it/s, Materializing param=encoder.layer.11.attention.output.dense.weight]
Loading weights:  93%|█████████▎| 185/199 [00:00<00:00, 420.67it/s, Materializing param=encoder.layer.11.attention.output.dense.weight]
Loading weights:  93%|█████████▎| 186/199 [00:00<00:00, 420.67it/s, Materializing param=encoder.layer.11.attention.self.key.bias]      
Loading weights:  93%|█████████▎| 186/199 [00:00<00:00, 420.67it/s, Materializing param=encoder.layer.11.attention.self.key.bias]
Loading weights:  94%|█████████▍| 187/199 [00:00<00:00, 420.67it/s, Materializing param=encoder.layer.11.attention.self.key.weight]
Loading weights:  94%|█████████▍| 187/199 [00:00<00:00, 420.67it/s, Materializing param=encoder.layer.11.attention.self.key.weight]
Loading weights:  94%|█████████▍| 188/199 [00:00<00:00, 420.67it/s, Materializing param=encoder.layer.11.attention.self.query.bias]
Loading weights:  94%|█████████▍| 188/199 [00:00<00:00, 420.67it/s, Materializing param=encoder.layer.11.attention.self.query.bias]
Loading weights:  95%|█████████▍| 189/199 [00:00<00:00, 420.67it/s, Materializing param=encoder.layer.11.attention.self.query.weight]
Loading weights:  95%|█████████▍| 189/199 [00:00<00:00, 420.67it/s, Materializing param=encoder.layer.11.attention.self.query.weight]
Loading weights:  95%|█████████▌| 190/199 [00:00<00:00, 420.67it/s, Materializing param=encoder.layer.11.attention.self.value.bias]  
Loading weights:  95%|█████████▌| 190/199 [00:00<00:00, 420.67it/s, Materializing param=encoder.layer.11.attention.self.value.bias]
Loading weights:  96%|█████████▌| 191/199 [00:00<00:00, 420.67it/s, Materializing param=encoder.layer.11.attention.self.value.weight]
Loading weights:  96%|█████████▌| 191/199 [00:00<00:00, 420.67it/s, Materializing param=encoder.layer.11.attention.self.value.weight]
Loading weights:  96%|█████████▋| 192/199 [00:00<00:00, 420.67it/s, Materializing param=encoder.layer.11.intermediate.dense.bias]    
Loading weights:  96%|█████████▋| 192/199 [00:00<00:00, 420.67it/s, Materializing param=encoder.layer.11.intermediate.dense.bias]
Loading weights:  97%|█████████▋| 193/199 [00:00<00:00, 420.67it/s, Materializing param=encoder.layer.11.intermediate.dense.weight]
Loading weights:  97%|█████████▋| 193/199 [00:00<00:00, 420.67it/s, Materializing param=encoder.layer.11.intermediate.dense.weight]
Loading weights:  97%|█████████▋| 194/199 [00:00<00:00, 420.67it/s, Materializing param=encoder.layer.11.output.LayerNorm.bias]    
Loading weights:  97%|█████████▋| 194/199 [00:00<00:00, 420.67it/s, Materializing param=encoder.layer.11.output.LayerNorm.bias]
Loading weights:  98%|█████████▊| 195/199 [00:00<00:00, 420.67it/s, Materializing param=encoder.layer.11.output.LayerNorm.weight]
Loading weights:  98%|█████████▊| 195/199 [00:00<00:00, 420.67it/s, Materializing param=encoder.layer.11.output.LayerNorm.weight]
Loading weights:  98%|█████████▊| 196/199 [00:00<00:00, 420.67it/s, Materializing param=encoder.layer.11.output.dense.bias]      
Loading weights:  98%|█████████▊| 196/199 [00:00<00:00, 420.67it/s, Materializing param=encoder.layer.11.output.dense.bias]
Loading weights:  99%|█████████▉| 197/199 [00:00<00:00, 420.67it/s, Materializing param=encoder.layer.11.output.dense.weight]
Loading weights:  99%|█████████▉| 197/199 [00:00<00:00, 420.67it/s, Materializing param=encoder.layer.11.output.dense.weight]
Loading weights:  99%|█████████▉| 198/199 [00:00<00:00, 420.67it/s, Materializing param=pooler.dense.bias]                   
Loading weights:  99%|█████████▉| 198/199 [00:00<00:00, 420.67it/s, Materializing param=pooler.dense.bias]
Loading weights: 100%|██████████| 199/199 [00:00<00:00, 420.67it/s, Materializing param=pooler.dense.weight]
Loading weights: 100%|██████████| 199/199 [00:00<00:00, 420.67it/s, Materializing param=pooler.dense.weight]
Loading weights: 100%|██████████| 199/199 [00:00<00:00, 603.41it/s, Materializing param=pooler.dense.weight]BertModel LOAD REPORT from: sentence-transformers/paraphrase-multilingual-MiniLM-L12-v2
Key                     | Status     |  | 
------------------------+------------+--+-
embeddings.position_ids | UNEXPECTED |  | 

Notes:
- UNEXPECTED	:can be ignored when loading from different task/architecture; not ok if you expect identical arch.

